===============date and time===============
root@CLB:/home/riki# date
Tue 28 Apr 15:57:48 CST 2020

================os version================
root@CLB:/home/riki# cat /etc/issue
Ubuntu 16.04.1 LTS \n \l

=====hardware information（盘的信息+分区的信息）=====
=============（1）盘的信息===============
root@CLB:/home/riki# fdisk -l
Disk /dev/ram0: 64 MiB, 67108864 bytes, 131072 sectors
Units: sectors of 1 * 512 = 512 bytes
Sector size (logical/physical): 512 bytes / 4096 bytes
I/O size (minimum/optimal): 4096 bytes / 4096 bytes


Disk /dev/ram1: 64 MiB, 67108864 bytes, 131072 sectors
Units: sectors of 1 * 512 = 512 bytes
Sector size (logical/physical): 512 bytes / 4096 bytes
I/O size (minimum/optimal): 4096 bytes / 4096 bytes


Disk /dev/ram2: 64 MiB, 67108864 bytes, 131072 sectors
Units: sectors of 1 * 512 = 512 bytes
Sector size (logical/physical): 512 bytes / 4096 bytes
I/O size (minimum/optimal): 4096 bytes / 4096 bytes


Disk /dev/ram3: 64 MiB, 67108864 bytes, 131072 sectors
Units: sectors of 1 * 512 = 512 bytes
Sector size (logical/physical): 512 bytes / 4096 bytes
I/O size (minimum/optimal): 4096 bytes / 4096 bytes


Disk /dev/ram4: 64 MiB, 67108864 bytes, 131072 sectors
Units: sectors of 1 * 512 = 512 bytes
Sector size (logical/physical): 512 bytes / 4096 bytes
I/O size (minimum/optimal): 4096 bytes / 4096 bytes


Disk /dev/ram5: 64 MiB, 67108864 bytes, 131072 sectors
Units: sectors of 1 * 512 = 512 bytes
Sector size (logical/physical): 512 bytes / 4096 bytes
I/O size (minimum/optimal): 4096 bytes / 4096 bytes


Disk /dev/ram6: 64 MiB, 67108864 bytes, 131072 sectors
Units: sectors of 1 * 512 = 512 bytes
Sector size (logical/physical): 512 bytes / 4096 bytes
I/O size (minimum/optimal): 4096 bytes / 4096 bytes


Disk /dev/ram7: 64 MiB, 67108864 bytes, 131072 sectors
Units: sectors of 1 * 512 = 512 bytes
Sector size (logical/physical): 512 bytes / 4096 bytes
I/O size (minimum/optimal): 4096 bytes / 4096 bytes


Disk /dev/ram8: 64 MiB, 67108864 bytes, 131072 sectors
Units: sectors of 1 * 512 = 512 bytes
Sector size (logical/physical): 512 bytes / 4096 bytes
I/O size (minimum/optimal): 4096 bytes / 4096 bytes


Disk /dev/ram9: 64 MiB, 67108864 bytes, 131072 sectors
Units: sectors of 1 * 512 = 512 bytes
Sector size (logical/physical): 512 bytes / 4096 bytes
I/O size (minimum/optimal): 4096 bytes / 4096 bytes


Disk /dev/ram10: 64 MiB, 67108864 bytes, 131072 sectors
Units: sectors of 1 * 512 = 512 bytes
Sector size (logical/physical): 512 bytes / 4096 bytes
I/O size (minimum/optimal): 4096 bytes / 4096 bytes


Disk /dev/ram11: 64 MiB, 67108864 bytes, 131072 sectors
Units: sectors of 1 * 512 = 512 bytes
Sector size (logical/physical): 512 bytes / 4096 bytes
I/O size (minimum/optimal): 4096 bytes / 4096 bytes


Disk /dev/ram12: 64 MiB, 67108864 bytes, 131072 sectors
Units: sectors of 1 * 512 = 512 bytes
Sector size (logical/physical): 512 bytes / 4096 bytes
I/O size (minimum/optimal): 4096 bytes / 4096 bytes


Disk /dev/ram13: 64 MiB, 67108864 bytes, 131072 sectors
Units: sectors of 1 * 512 = 512 bytes
Sector size (logical/physical): 512 bytes / 4096 bytes
I/O size (minimum/optimal): 4096 bytes / 4096 bytes


Disk /dev/ram14: 64 MiB, 67108864 bytes, 131072 sectors
Units: sectors of 1 * 512 = 512 bytes
Sector size (logical/physical): 512 bytes / 4096 bytes
I/O size (minimum/optimal): 4096 bytes / 4096 bytes


Disk /dev/ram15: 64 MiB, 67108864 bytes, 131072 sectors
Units: sectors of 1 * 512 = 512 bytes
Sector size (logical/physical): 512 bytes / 4096 bytes
I/O size (minimum/optimal): 4096 bytes / 4096 bytes


Disk /dev/sda: 200 GiB, 214748364800 bytes, 419430400 sectors
Units: sectors of 1 * 512 = 512 bytes
Sector size (logical/physical): 512 bytes / 512 bytes
I/O size (minimum/optimal): 512 bytes / 512 bytes
Disklabel type: dos
Disk identifier: 0xcfd3083f

Device     Boot     Start       End   Sectors  Size Id Type
/dev/sda1  *         2048 415238143 415236096  198G 83 Linux
/dev/sda2       415240190 419428351   4188162    2G  5 Extended
/dev/sda5       415240192 419428351   4188160    2G 82 Linux swap / Solaris

================（2）分区的信息================
root@CLB:/home/riki# df -h
Filesystem      Size  Used Avail Use% Mounted on
udev            469M     0  469M   0% /dev
tmpfs            98M   10M   88M  11% /run
/dev/sda1       195G   31G  155G  17% /
tmpfs           488M  212K  488M   1% /dev/shm
tmpfs           5.0M  4.0K  5.0M   1% /run/lock
tmpfs           488M     0  488M   0% /sys/fs/cgroup
tmpfs            98M   76K   98M   1% /run/user/1000



================uptime================
root@CLB:/home/riki# uptime
 16:00:27 up  3:57,  1 user,  load average: 0.02, 0.05, 0.01



=============services information=============
root@CLB:/home/riki# service --status-all
 [ + ]  acpid
 [ - ]  alsa-utils
 [ - ]  anacron
 [ + ]  apache-htcacheclean
 [ + ]  apache2
 [ + ]  apparmor
 [ + ]  apport
 [ + ]  avahi-daemon
 [ + ]  binfmt-support
 [ + ]  bluetooth
 [ - ]  bootmisc.sh
 [ - ]  brltty
 [ - ]  checkfs.sh
 [ - ]  checkroot-bootclean.sh
 [ - ]  checkroot.sh
 [ + ]  console-setup
 [ + ]  cron
 [ - ]  cups
 [ + ]  cups-browsed
 [ + ]  dbus
 [ - ]  dns-clean
 [ + ]  grub-common
 [ + ]  hddtemp
 [ - ]  hostname.sh
 [ - ]  hwclock.sh
 [ + ]  inetsim
 [ + ]  irqbalance
 [ - ]  kerneloops
 [ + ]  keyboard-setup
 [ - ]  killprocs
 [ + ]  kmod
 [ + ]  lightdm
 [ + ]  mini-httpd
 [ - ]  mountall-bootclean.sh
 [ - ]  mountall.sh
 [ - ]  mountdevsubfs.sh
 [ - ]  mountkernfs.sh
 [ - ]  mountnfs-bootclean.sh
 [ - ]  mountnfs.sh
 [ + ]  mysql
 [ + ]  network-manager
 [ + ]  networking
 [ + ]  ondemand
 [ + ]  open-vm-tools
 [ + ]  php7.0-fpm
 [ - ]  plymouth
 [ - ]  plymouth-log
 [ - ]  pppd-dns
 [ + ]  procps
 [ - ]  rc.local
 [ + ]  resolvconf
 [ - ]  rsync
 [ + ]  rsyslog
 [ - ]  saned
 [ - ]  sendsigs
 [ + ]  speech-dispatcher
 [ + ]  ssh
 [ + ]  suricata
 [ - ]  thermald
 [ + ]  udev
 [ + ]  ufw
 [ - ]  umountfs
 [ - ]  umountnfs.sh
 [ - ]  umountroot
 [ - ]  unattended-upgrades
 [ + ]  urandom
 [ - ]  uuidd
 [ + ]  vsftpd
 [ + ]  whoopsie
 [ - ]  x11-common
 [ - ]  xl2tpd



=============nic information=============
root@CLB:/home/riki# ifconfig -a
ens33     Link encap:Ethernet  HWaddr 00:0c:29:c3:6e:b7  
          inet addr:192.168.101.29  Bcast:192.168.101.255  Mask:255.255.255.0
          inet6 addr: fe80::65e6:b12a:e523:a742/64 Scope:Link
          UP BROADCAST RUNNING MULTICAST  MTU:1500  Metric:1
          RX packets:103048 errors:0 dropped:0 overruns:0 frame:0
          TX packets:68383 errors:0 dropped:0 overruns:0 carrier:0
          collisions:0 txqueuelen:1000 
          RX bytes:135287261 (135.2 MB)  TX bytes:6261098 (6.2 MB)

lo        Link encap:Local Loopback  
          inet addr:127.0.0.1  Mask:255.0.0.0
          inet6 addr: ::1/128 Scope:Host
          UP LOOPBACK RUNNING  MTU:65536  Metric:1
          RX packets:2708 errors:0 dropped:0 overruns:0 frame:0
          TX packets:2708 errors:0 dropped:0 overruns:0 carrier:0
          collisions:0 txqueuelen:1 
          RX bytes:184778 (184.7 KB)  TX bytes:184778 (184.7 KB)





=============route information=============
root@CLB:/home/riki# netstat -rn
Kernel IP routing table
Destination     Gateway         Genmask         Flags   MSS Window  irtt Iface
0.0.0.0         192.168.101.1   0.0.0.0         UG        0 0          0 ens33
169.254.0.0     0.0.0.0         255.255.0.0     U         0 0          0 ens33
192.168.101.0   0.0.0.0         255.255.255.0   U         0 0          0 ens33




=============arp information=============
root@CLB:/home/riki# arp -a
? (192.168.101.1) at f8:9a:78:9f:5d:90 [ether] on ens33




=============information of processes=============
root@CLB:/home/riki# ps auxwwem
USER        PID %CPU %MEM    VSZ   RSS TTY      STAT START   TIME COMMAND
root          1  0.0  0.4 185608  4180 ?        -    12:03   0:04 /sbin/init auto noprompt find_preseed=/preseed.cfg HOME=/ init=/sbin/init recovery= locale=en_US TERM=linux drop_caps= BOOT_IMAGE=/boot/vmlinuz-4.4.0-31-generic PATH=/sbin:/usr/sbin:/bin:/usr/bin PWD=/ rootmnt=/root priority=critical
root          -  0.0    -      -     - -        Ss   12:03   0:04 -
root          2  0.0  0.0      0     0 ?        -    12:03   0:00 [kthreadd]
root          -  0.0    -      -     - -        S    12:03   0:00 -
root          3  0.0  0.0      0     0 ?        -    12:03   0:00 [ksoftirqd/0]
root          -  0.0    -      -     - -        S    12:03   0:00 -
root          5  0.0  0.0      0     0 ?        -    12:03   0:00 [kworker/0:0H]
root          -  0.0    -      -     - -        S<   12:03   0:00 -
root          7  0.0  0.0      0     0 ?        -    12:03   0:09 [rcu_sched]
root          -  0.0    -      -     - -        S    12:03   0:09 -
root          8  0.0  0.0      0     0 ?        -    12:03   0:00 [rcu_bh]
root          -  0.0    -      -     - -        S    12:03   0:00 -
root          9  0.0  0.0      0     0 ?        -    12:03   0:00 [migration/0]
root          -  0.0    -      -     - -        S    12:03   0:00 -
root         10  0.0  0.0      0     0 ?        -    12:03   0:00 [watchdog/0]
root          -  0.0    -      -     - -        S    12:03   0:00 -
root         11  0.0  0.0      0     0 ?        -    12:03   0:00 [watchdog/1]
root          -  0.0    -      -     - -        S    12:03   0:00 -
root         12  0.0  0.0      0     0 ?        -    12:03   0:00 [migration/1]
root          -  0.0    -      -     - -        S    12:03   0:00 -
root         13  0.0  0.0      0     0 ?        -    12:03   0:00 [ksoftirqd/1]
root          -  0.0    -      -     - -        S    12:03   0:00 -
root         15  0.0  0.0      0     0 ?        -    12:03   0:00 [kworker/1:0H]
root          -  0.0    -      -     - -        S<   12:03   0:00 -
root         16  0.0  0.0      0     0 ?        -    12:03   0:00 [kdevtmpfs]
root          -  0.0    -      -     - -        S    12:03   0:00 -
root         17  0.0  0.0      0     0 ?        -    12:03   0:00 [netns]
root          -  0.0    -      -     - -        S<   12:03   0:00 -
root         18  0.0  0.0      0     0 ?        -    12:03   0:00 [perf]
root          -  0.0    -      -     - -        S<   12:03   0:00 -
root         19  0.0  0.0      0     0 ?        -    12:03   0:00 [khungtaskd]
root          -  0.0    -      -     - -        S    12:03   0:00 -
root         20  0.0  0.0      0     0 ?        -    12:03   0:00 [writeback]
root          -  0.0    -      -     - -        S<   12:03   0:00 -
root         21  0.0  0.0      0     0 ?        -    12:03   0:00 [ksmd]
root          -  0.0    -      -     - -        SN   12:03   0:00 -
root         22  0.0  0.0      0     0 ?        -    12:03   0:00 [khugepaged]
root          -  0.0    -      -     - -        SN   12:03   0:00 -
root         23  0.0  0.0      0     0 ?        -    12:03   0:00 [crypto]
root          -  0.0    -      -     - -        S<   12:03   0:00 -
root         24  0.0  0.0      0     0 ?        -    12:03   0:00 [kintegrityd]
root          -  0.0    -      -     - -        S<   12:03   0:00 -
root         25  0.0  0.0      0     0 ?        -    12:03   0:00 [bioset]
root          -  0.0    -      -     - -        S<   12:03   0:00 -
root         26  0.0  0.0      0     0 ?        -    12:03   0:00 [kblockd]
root          -  0.0    -      -     - -        S<   12:03   0:00 -
root         27  0.0  0.0      0     0 ?        -    12:03   0:00 [ata_sff]
root          -  0.0    -      -     - -        S<   12:03   0:00 -
root         28  0.0  0.0      0     0 ?        -    12:03   0:00 [md]
root          -  0.0    -      -     - -        S<   12:03   0:00 -
root         29  0.0  0.0      0     0 ?        -    12:03   0:00 [devfreq_wq]
root          -  0.0    -      -     - -        S<   12:03   0:00 -
root         33  0.0  0.0      0     0 ?        -    12:03   0:05 [kswapd0]
root          -  0.0    -      -     - -        S    12:03   0:05 -
root         34  0.0  0.0      0     0 ?        -    12:03   0:00 [vmstat]
root          -  0.0    -      -     - -        S<   12:03   0:00 -
root         35  0.0  0.0      0     0 ?        -    12:03   0:00 [fsnotify_mark]
root          -  0.0    -      -     - -        S    12:03   0:00 -
root         36  0.0  0.0      0     0 ?        -    12:03   0:00 [ecryptfs-kthrea]
root          -  0.0    -      -     - -        S    12:03   0:00 -
root         52  0.0  0.0      0     0 ?        -    12:03   0:00 [kthrotld]
root          -  0.0    -      -     - -        S<   12:03   0:00 -
root         54  0.0  0.0      0     0 ?        -    12:03   0:00 [acpi_thermal_pm]
root          -  0.0    -      -     - -        S<   12:03   0:00 -
root         55  0.0  0.0      0     0 ?        -    12:03   0:00 [bioset]
root          -  0.0    -      -     - -        S<   12:03   0:00 -
root         56  0.0  0.0      0     0 ?        -    12:03   0:00 [bioset]
root          -  0.0    -      -     - -        S<   12:03   0:00 -
root         57  0.0  0.0      0     0 ?        -    12:03   0:00 [bioset]
root          -  0.0    -      -     - -        S<   12:03   0:00 -
root         58  0.0  0.0      0     0 ?        -    12:03   0:00 [bioset]
root          -  0.0    -      -     - -        S<   12:03   0:00 -
root         59  0.0  0.0      0     0 ?        -    12:03   0:00 [bioset]
root          -  0.0    -      -     - -        S<   12:03   0:00 -
root         60  0.0  0.0      0     0 ?        -    12:03   0:00 [bioset]
root          -  0.0    -      -     - -        S<   12:03   0:00 -
root         61  0.0  0.0      0     0 ?        -    12:03   0:00 [bioset]
root          -  0.0    -      -     - -        S<   12:03   0:00 -
root         62  0.0  0.0      0     0 ?        -    12:03   0:00 [bioset]
root          -  0.0    -      -     - -        S<   12:03   0:00 -
root         63  0.0  0.0      0     0 ?        -    12:03   0:00 [bioset]
root          -  0.0    -      -     - -        S<   12:03   0:00 -
root         64  0.0  0.0      0     0 ?        -    12:03   0:00 [bioset]
root          -  0.0    -      -     - -        S<   12:03   0:00 -
root         65  0.0  0.0      0     0 ?        -    12:03   0:00 [bioset]
root          -  0.0    -      -     - -        S<   12:03   0:00 -
root         66  0.0  0.0      0     0 ?        -    12:03   0:00 [bioset]
root          -  0.0    -      -     - -        S<   12:03   0:00 -
root         67  0.0  0.0      0     0 ?        -    12:03   0:00 [bioset]
root          -  0.0    -      -     - -        S<   12:03   0:00 -
root         68  0.0  0.0      0     0 ?        -    12:03   0:00 [bioset]
root          -  0.0    -      -     - -        S<   12:03   0:00 -
root         69  0.0  0.0      0     0 ?        -    12:03   0:00 [bioset]
root          -  0.0    -      -     - -        S<   12:03   0:00 -
root         70  0.0  0.0      0     0 ?        -    12:03   0:00 [bioset]
root          -  0.0    -      -     - -        S<   12:03   0:00 -
root         71  0.0  0.0      0     0 ?        -    12:03   0:00 [bioset]
root          -  0.0    -      -     - -        S<   12:03   0:00 -
root         72  0.0  0.0      0     0 ?        -    12:03   0:00 [bioset]
root          -  0.0    -      -     - -        S<   12:03   0:00 -
root         73  0.0  0.0      0     0 ?        -    12:03   0:00 [bioset]
root          -  0.0    -      -     - -        S<   12:03   0:00 -
root         74  0.0  0.0      0     0 ?        -    12:03   0:00 [bioset]
root          -  0.0    -      -     - -        S<   12:03   0:00 -
root         75  0.0  0.0      0     0 ?        -    12:03   0:00 [bioset]
root          -  0.0    -      -     - -        S<   12:03   0:00 -
root         76  0.0  0.0      0     0 ?        -    12:03   0:00 [bioset]
root          -  0.0    -      -     - -        S<   12:03   0:00 -
root         77  0.0  0.0      0     0 ?        -    12:03   0:00 [bioset]
root          -  0.0    -      -     - -        S<   12:03   0:00 -
root         78  0.0  0.0      0     0 ?        -    12:03   0:00 [bioset]
root          -  0.0    -      -     - -        S<   12:03   0:00 -
root         79  0.0  0.0      0     0 ?        -    12:03   0:00 [scsi_eh_0]
root          -  0.0    -      -     - -        S    12:03   0:00 -
root         80  0.0  0.0      0     0 ?        -    12:03   0:00 [scsi_tmf_0]
root          -  0.0    -      -     - -        S<   12:03   0:00 -
root         81  0.0  0.0      0     0 ?        -    12:03   0:00 [scsi_eh_1]
root          -  0.0    -      -     - -        S    12:03   0:00 -
root         82  0.0  0.0      0     0 ?        -    12:03   0:00 [scsi_tmf_1]
root          -  0.0    -      -     - -        S<   12:03   0:00 -
root         87  0.0  0.0      0     0 ?        -    12:03   0:00 [ipv6_addrconf]
root          -  0.0    -      -     - -        S<   12:03   0:00 -
root        102  0.0  0.0      0     0 ?        -    12:03   0:00 [deferwq]
root          -  0.0    -      -     - -        S<   12:03   0:00 -
root        103  0.0  0.0      0     0 ?        -    12:03   0:00 [charger_manager]
root          -  0.0    -      -     - -        S<   12:03   0:00 -
root        162  0.0  0.0      0     0 ?        -    12:03   0:00 [kpsmoused]
root          -  0.0    -      -     - -        S<   12:03   0:00 -
root        163  0.0  0.0      0     0 ?        -    12:03   0:00 [mpt_poll_0]
root          -  0.0    -      -     - -        S<   12:03   0:00 -
root        164  0.0  0.0      0     0 ?        -    12:03   0:00 [mpt/0]
root          -  0.0    -      -     - -        S<   12:03   0:00 -
root        165  0.0  0.0      0     0 ?        -    12:03   0:00 [scsi_eh_2]
root          -  0.0    -      -     - -        S    12:03   0:00 -
root        166  0.0  0.0      0     0 ?        -    12:03   0:00 [scsi_tmf_2]
root          -  0.0    -      -     - -        S<   12:03   0:00 -
root        167  0.0  0.0      0     0 ?        -    12:03   0:00 [bioset]
root          -  0.0    -      -     - -        S<   12:03   0:00 -
root        169  0.0  0.0      0     0 ?        -    12:03   0:00 [ttm_swap]
root          -  0.0    -      -     - -        S<   12:03   0:00 -
root        171  0.0  0.0      0     0 ?        -    12:03   0:00 [scsi_eh_3]
root          -  0.0    -      -     - -        S    12:03   0:00 -
root        172  0.0  0.0      0     0 ?        -    12:03   0:00 [scsi_tmf_3]
root          -  0.0    -      -     - -        S<   12:03   0:00 -
root        173  0.0  0.0      0     0 ?        -    12:03   0:00 [scsi_eh_4]
root          -  0.0    -      -     - -        S    12:03   0:00 -
root        175  0.0  0.0      0     0 ?        -    12:03   0:00 [scsi_tmf_4]
root          -  0.0    -      -     - -        S<   12:03   0:00 -
root        177  0.0  0.0      0     0 ?        -    12:03   0:00 [scsi_eh_5]
root          -  0.0    -      -     - -        S    12:03   0:00 -
root        178  0.0  0.0      0     0 ?        -    12:03   0:00 [scsi_tmf_5]
root          -  0.0    -      -     - -        S<   12:03   0:00 -
root        180  0.0  0.0      0     0 ?        -    12:03   0:00 [scsi_eh_6]
root          -  0.0    -      -     - -        S    12:03   0:00 -
root        181  0.0  0.0      0     0 ?        -    12:03   0:00 [scsi_tmf_6]
root          -  0.0    -      -     - -        S<   12:03   0:00 -
root        183  0.0  0.0      0     0 ?        -    12:03   0:00 [scsi_eh_7]
root          -  0.0    -      -     - -        S    12:03   0:00 -
root        184  0.0  0.0      0     0 ?        -    12:03   0:00 [scsi_tmf_7]
root          -  0.0    -      -     - -        S<   12:03   0:00 -
root        186  0.0  0.0      0     0 ?        -    12:03   0:00 [scsi_eh_8]
root          -  0.0    -      -     - -        S    12:03   0:00 -
root        188  0.0  0.0      0     0 ?        -    12:03   0:00 [scsi_tmf_8]
root          -  0.0    -      -     - -        S<   12:03   0:00 -
root        189  0.0  0.0      0     0 ?        -    12:03   0:00 [scsi_eh_9]
root          -  0.0    -      -     - -        S    12:03   0:00 -
root        191  0.0  0.0      0     0 ?        -    12:03   0:00 [scsi_tmf_9]
root          -  0.0    -      -     - -        S<   12:03   0:00 -
root        193  0.0  0.0      0     0 ?        -    12:03   0:00 [scsi_eh_10]
root          -  0.0    -      -     - -        S    12:03   0:00 -
root        195  0.0  0.0      0     0 ?        -    12:03   0:00 [scsi_tmf_10]
root          -  0.0    -      -     - -        S<   12:03   0:00 -
root        197  0.0  0.0      0     0 ?        -    12:03   0:00 [scsi_eh_11]
root          -  0.0    -      -     - -        S    12:03   0:00 -
root        199  0.0  0.0      0     0 ?        -    12:03   0:00 [scsi_tmf_11]
root          -  0.0    -      -     - -        S<   12:03   0:00 -
root        200  0.0  0.0      0     0 ?        -    12:03   0:00 [scsi_eh_12]
root          -  0.0    -      -     - -        S    12:03   0:00 -
root        202  0.0  0.0      0     0 ?        -    12:03   0:00 [scsi_tmf_12]
root          -  0.0    -      -     - -        S<   12:03   0:00 -
root        203  0.0  0.0      0     0 ?        -    12:03   0:00 [scsi_eh_13]
root          -  0.0    -      -     - -        S    12:03   0:00 -
root        205  0.0  0.0      0     0 ?        -    12:03   0:00 [scsi_tmf_13]
root          -  0.0    -      -     - -        S<   12:03   0:00 -
root        206  0.0  0.0      0     0 ?        -    12:03   0:00 [scsi_eh_14]
root          -  0.0    -      -     - -        S    12:03   0:00 -
root        207  0.0  0.0      0     0 ?        -    12:03   0:00 [scsi_tmf_14]
root          -  0.0    -      -     - -        S<   12:03   0:00 -
root        208  0.0  0.0      0     0 ?        -    12:03   0:00 [scsi_eh_15]
root          -  0.0    -      -     - -        S    12:03   0:00 -
root        209  0.0  0.0      0     0 ?        -    12:03   0:00 [scsi_tmf_15]
root          -  0.0    -      -     - -        S<   12:03   0:00 -
root        210  0.0  0.0      0     0 ?        -    12:03   0:00 [scsi_eh_16]
root          -  0.0    -      -     - -        S    12:03   0:00 -
root        211  0.0  0.0      0     0 ?        -    12:03   0:00 [scsi_tmf_16]
root          -  0.0    -      -     - -        S<   12:03   0:00 -
root        212  0.0  0.0      0     0 ?        -    12:03   0:00 [scsi_eh_17]
root          -  0.0    -      -     - -        S    12:03   0:00 -
root        213  0.0  0.0      0     0 ?        -    12:03   0:00 [scsi_tmf_17]
root          -  0.0    -      -     - -        S<   12:03   0:00 -
root        214  0.0  0.0      0     0 ?        -    12:03   0:00 [scsi_eh_18]
root          -  0.0    -      -     - -        S    12:03   0:00 -
root        215  0.0  0.0      0     0 ?        -    12:03   0:00 [scsi_tmf_18]
root          -  0.0    -      -     - -        S<   12:03   0:00 -
root        216  0.0  0.0      0     0 ?        -    12:03   0:00 [scsi_eh_19]
root          -  0.0    -      -     - -        S    12:03   0:00 -
root        217  0.0  0.0      0     0 ?        -    12:03   0:00 [scsi_tmf_19]
root          -  0.0    -      -     - -        S<   12:03   0:00 -
root        219  0.0  0.0      0     0 ?        -    12:03   0:00 [scsi_eh_20]
root          -  0.0    -      -     - -        S    12:03   0:00 -
root        220  0.0  0.0      0     0 ?        -    12:03   0:00 [scsi_tmf_20]
root          -  0.0    -      -     - -        S<   12:03   0:00 -
root        221  0.0  0.0      0     0 ?        -    12:03   0:00 [scsi_eh_21]
root          -  0.0    -      -     - -        S    12:03   0:00 -
root        222  0.0  0.0      0     0 ?        -    12:03   0:00 [scsi_tmf_21]
root          -  0.0    -      -     - -        S<   12:03   0:00 -
root        223  0.0  0.0      0     0 ?        -    12:03   0:00 [scsi_eh_22]
root          -  0.0    -      -     - -        S    12:03   0:00 -
root        224  0.0  0.0      0     0 ?        -    12:03   0:00 [scsi_tmf_22]
root          -  0.0    -      -     - -        S<   12:03   0:00 -
root        225  0.0  0.0      0     0 ?        -    12:03   0:00 [scsi_eh_23]
root          -  0.0    -      -     - -        S    12:03   0:00 -
root        226  0.0  0.0      0     0 ?        -    12:03   0:00 [scsi_tmf_23]
root          -  0.0    -      -     - -        S<   12:03   0:00 -
root        227  0.0  0.0      0     0 ?        -    12:03   0:00 [scsi_eh_24]
root          -  0.0    -      -     - -        S    12:03   0:00 -
root        228  0.0  0.0      0     0 ?        -    12:03   0:00 [scsi_tmf_24]
root          -  0.0    -      -     - -        S<   12:03   0:00 -
root        229  0.0  0.0      0     0 ?        -    12:03   0:00 [scsi_eh_25]
root          -  0.0    -      -     - -        S    12:03   0:00 -
root        230  0.0  0.0      0     0 ?        -    12:03   0:00 [scsi_tmf_25]
root          -  0.0    -      -     - -        S<   12:03   0:00 -
root        231  0.0  0.0      0     0 ?        -    12:03   0:00 [scsi_eh_26]
root          -  0.0    -      -     - -        S    12:03   0:00 -
root        232  0.0  0.0      0     0 ?        -    12:03   0:00 [scsi_tmf_26]
root          -  0.0    -      -     - -        S<   12:03   0:00 -
root        233  0.0  0.0      0     0 ?        -    12:03   0:00 [scsi_eh_27]
root          -  0.0    -      -     - -        S    12:03   0:00 -
root        234  0.0  0.0      0     0 ?        -    12:03   0:00 [scsi_tmf_27]
root          -  0.0    -      -     - -        S<   12:03   0:00 -
root        235  0.0  0.0      0     0 ?        -    12:03   0:00 [scsi_eh_28]
root          -  0.0    -      -     - -        S    12:03   0:00 -
root        236  0.0  0.0      0     0 ?        -    12:03   0:00 [scsi_tmf_28]
root          -  0.0    -      -     - -        S<   12:03   0:00 -
root        237  0.0  0.0      0     0 ?        -    12:03   0:00 [scsi_eh_29]
root          -  0.0    -      -     - -        S    12:03   0:00 -
root        238  0.0  0.0      0     0 ?        -    12:03   0:00 [scsi_tmf_29]
root          -  0.0    -      -     - -        S<   12:03   0:00 -
root        239  0.0  0.0      0     0 ?        -    12:03   0:00 [scsi_eh_30]
root          -  0.0    -      -     - -        S    12:03   0:00 -
root        240  0.0  0.0      0     0 ?        -    12:03   0:00 [scsi_tmf_30]
root          -  0.0    -      -     - -        S<   12:03   0:00 -
root        241  0.0  0.0      0     0 ?        -    12:03   0:00 [scsi_eh_31]
root          -  0.0    -      -     - -        S    12:03   0:00 -
root        242  0.0  0.0      0     0 ?        -    12:03   0:00 [scsi_tmf_31]
root          -  0.0    -      -     - -        S<   12:03   0:00 -
root        243  0.0  0.0      0     0 ?        -    12:03   0:00 [scsi_eh_32]
root          -  0.0    -      -     - -        S    12:03   0:00 -
root        244  0.0  0.0      0     0 ?        -    12:03   0:00 [scsi_tmf_32]
root          -  0.0    -      -     - -        S<   12:03   0:00 -
root        273  0.0  0.0      0     0 ?        -    12:03   0:00 [bioset]
root          -  0.0    -      -     - -        S<   12:03   0:00 -
root        275  0.0  0.0      0     0 ?        -    12:03   0:00 [kworker/0:1H]
root          -  0.0    -      -     - -        S<   12:03   0:00 -
root        298  0.0  0.0      0     0 ?        -    12:03   0:01 [jbd2/sda1-8]
root          -  0.0    -      -     - -        S    12:03   0:01 -
root        299  0.0  0.0      0     0 ?        -    12:03   0:00 [ext4-rsv-conver]
root          -  0.0    -      -     - -        S<   12:03   0:00 -
root        328  0.0  0.0      0     0 ?        -    12:03   0:00 [kauditd]
root          -  0.0    -      -     - -        S    12:03   0:00 -
root        338  0.0  0.2  28464  2020 ?        -    12:03   0:01 /lib/systemd/systemd-journald LANG=en_US.UTF-8 PATH=/usr/local/sbin:/usr/local/bin:/usr/sbin:/usr/bin:/sbin:/bin NOTIFY_SOCKET=/run/systemd/notify LISTEN_PID=338 LISTEN_FDS=4 LISTEN_FDNAMES=systemd-journald-dev-log.socket:systemd-journald-audit.socket:systemd-journald.socket:systemd-journald.socket WATCHDOG_PID=338 WATCHDOG_USEC=180000000
root          -  0.0    -      -     - -        Ss   12:03   0:01 -
root        361  0.0  0.0 158624    52 ?        -    12:03   0:00 vmware-vmblock-fuse /run/vmblock-fuse -o rw,subtype=vmware-vmblock,default_permissions,allow_other,dev,suid HOME=/root LANG=en_US.UTF-8 PWD=/
root          -  0.0    -      -     - -        Ssl  12:03   0:00 -
root          -  0.0    -      -     - -        Ssl  12:03   0:00 -
root          -  0.0    -      -     - -        Ssl  12:03   0:00 -
root        373  0.0  0.1  44952  1948 ?        -    12:03   0:00 /lib/systemd/systemd-udevd LANG=en_US.UTF-8 PATH=/usr/local/sbin:/usr/local/bin:/usr/sbin:/usr/bin:/sbin:/bin NOTIFY_SOCKET=/run/systemd/notify LISTEN_PID=373 LISTEN_FDS=2 LISTEN_FDNAMES=systemd-udevd-control.socket:systemd-udevd-kernel.socket WATCHDOG_PID=373 WATCHDOG_USEC=180000000
root          -  0.0    -      -     - -        Ss   12:03   0:00 -
systemd+    540  0.0  0.0 102384    84 ?        -    12:03   0:00 /lib/systemd/systemd-timesyncd LANG=en_US.UTF-8 PATH=/usr/local/sbin:/usr/local/bin:/usr/sbin:/usr/bin:/sbin:/bin NOTIFY_SOCKET=/run/systemd/notify WATCHDOG_PID=540 WATCHDOG_USEC=180000000
systemd+      -  0.0    -      -     - -        Ssl  12:03   0:00 -
systemd+      -  0.0    -      -     - -        Ssl  12:03   0:00 -
avahi       755  0.0  0.0  44908   224 ?        -    12:03   0:00 avahi-daemon: running [CLB.local] .local]                                                                                                                                                                            
avahi         -  0.0    -      -     - -        Ss   12:03   0:00 -
root        762  0.0  0.0  36080   152 ?        -    12:03   0:00 /usr/sbin/cron -f LANG=en_US.UTF-8 PATH=/usr/local/sbin:/usr/local/bin:/usr/sbin:/usr/bin:/sbin:/bin
root          -  0.0    -      -     - -        Ss   12:03   0:00 -
root        766  0.0  0.0  28684   124 ?        -    12:03   0:00 /lib/systemd/systemd-logind LANG=en_US.UTF-8 PATH=/usr/local/sbin:/usr/local/bin:/usr/sbin:/usr/bin:/sbin:/bin NOTIFY_SOCKET=/run/systemd/notify WATCHDOG_PID=766 WATCHDOG_USEC=180000000
root          -  0.0    -      -     - -        Ss   12:03   0:00 -
avahi       779  0.0  0.0  44792    20 ?        -    12:03   0:00 avahi-daemon: chroot helper r                                                                                                                                                                                  
avahi         -  0.0    -      -     - -        S    12:03   0:00 -
root        780  0.0  0.3 192808  3776 ?        -    12:03   0:10 /usr/bin/vmtoolsd LANG=en_US.UTF-8 PATH=/usr/local/sbin:/usr/local/bin:/usr/sbin:/usr/bin:/sbin:/bin
root          -  0.0    -      -     - -        Ssl  12:03   0:10 -
root          -  0.0    -      -     - -        Ssl  12:03   0:00 -
root        800  0.0  0.0   4400     0 ?        -    12:03   0:00 /usr/sbin/acpid LANG=en_US.UTF-8 PATH=/usr/local/sbin:/usr/local/bin:/usr/sbin:/usr/bin:/sbin:/bin
root          -  0.0    -      -     - -        Ss   12:03   0:00 -
root        801  0.0  0.0 337340   312 ?        -    12:03   0:00 /usr/sbin/ModemManager LANG=en_US.UTF-8 PATH=/usr/local/sbin:/usr/local/bin:/usr/sbin:/usr/bin:/sbin:/bin
root          -  0.0    -      -     - -        Ssl  12:03   0:00 -
root          -  0.0    -      -     - -        Ssl  12:03   0:00 -
root          -  0.0    -      -     - -        Ssl  12:03   0:00 -
message+    812  0.0  0.2  44332  2820 ?        -    12:03   0:03 /usr/bin/dbus-daemon --system --address=systemd: --nofork --nopidfile --systemd-activation LANG=en_US.UTF-8 PATH=/usr/local/sbin:/usr/local/bin:/usr/sbin:/usr/bin:/sbin:/bin LISTEN_PID=812 LISTEN_FDS=1 LISTEN_FDNAMES=dbus.socket
message+      -  0.0    -      -     - -        Ss   12:03   0:03 -
root        856  0.0  0.7 456108  7676 ?        -    12:03   0:01 /usr/sbin/NetworkManager --no-daemon LANG=en_US.UTF-8 PATH=/usr/local/sbin:/usr/local/bin:/usr/sbin:/usr/bin:/sbin:/bin
root          -  0.0    -      -     - -        Ssl  12:03   0:01 -
root          -  0.0    -      -     - -        Ssl  12:03   0:00 -
root          -  0.0    -      -     - -        Ssl  12:03   0:00 -
syslog      868  0.0  0.0 256396   140 ?        -    12:03   0:00 /usr/sbin/rsyslogd -n LANG=en_US.UTF-8 PATH=/usr/local/sbin:/usr/local/bin:/usr/sbin:/usr/bin:/sbin:/bin NOTIFY_SOCKET=/run/systemd/notify LISTEN_PID=868 LISTEN_FDS=1 LISTEN_FDNAMES=syslog.socket
syslog        -  0.0    -      -     - -        Ssl  12:03   0:00 -
syslog        -  0.0    -      -     - -        Ssl  12:03   0:00 -
syslog        -  0.0    -      -     - -        Ssl  12:03   0:00 -
syslog        -  0.0    -      -     - -        Ssl  12:03   0:00 -
root        881  0.0  0.0 274828   320 ?        -    12:03   0:00 /usr/sbin/cups-browsed LANG=en_US.UTF-8 PATH=/usr/local/sbin:/usr/local/bin:/usr/sbin:/usr/bin:/sbin:/bin
root          -  0.0    -      -     - -        Ssl  12:03   0:00 -
root          -  0.0    -      -     - -        Ssl  12:03   0:00 -
root          -  0.0    -      -     - -        Ssl  12:03   0:00 -
whoopsie    893  0.0  0.6 521424  6228 ?        -    12:03   0:00 /usr/bin/whoopsie -f LANG=en_US.UTF-8 PATH=/usr/local/sbin:/usr/local/bin:/usr/sbin:/usr/bin:/sbin:/bin CRASH_DB_URL=https://daisy.ubuntu.com
whoopsie      -  0.0    -      -     - -        Ssl  12:03   0:00 -
whoopsie      -  0.0    -      -     - -        Ssl  12:03   0:00 -
whoopsie      -  0.0    -      -     - -        Ssl  12:03   0:00 -
root        894  0.0  0.0 282960   240 ?        -    12:03   0:00 /usr/lib/accountsservice/accounts-daemon LANG=en_US.UTF-8 PATH=/usr/local/sbin:/usr/local/bin:/usr/sbin:/usr/bin:/sbin:/bin
root          -  0.0    -      -     - -        Ssl  12:03   0:00 -
root          -  0.0    -      -     - -        Ssl  12:03   0:00 -
root          -  0.0    -      -     - -        Ssl  12:03   0:00 -
root        912  0.0  0.0      0     0 ?        -    12:03   0:00 [kworker/1:1H]
root          -  0.0    -      -     - -        S<   12:03   0:00 -
root        918  0.0  0.0  19620   176 ?        -    12:03   0:02 /usr/sbin/irqbalance --pid=/var/run/irqbalance.pid PATH=/sbin:/bin:/usr/sbin:/usr/bin LANG=en_US.UTF-8 _SYSTEMCTL_SKIP_REDIRECT=true PWD=/
root          -  0.0    -      -     - -        Ss   12:03   0:02 -
root        956  0.0  0.5  65524  5184 ?        -    12:03   0:00 /usr/sbin/sshd -D LANG=en_US.UTF-8 PATH=/usr/local/sbin:/usr/local/bin:/usr/sbin:/usr/bin:/sbin:/bin NOTIFY_SOCKET=/run/systemd/notify SSHD_OPTS=
root          -  0.0    -      -     - -        Ss   12:03   0:00 -
root        957  0.0  0.0 349404    68 ?        -    12:03   0:00 php-fpm: master process (/etc/php/7.0/fpm/php-fpm.conf)                                                                                                                    
root          -  0.0    -      -     - -        Ss   12:03   0:00 -
root        962  0.0  0.2 289076  2964 ?        -    12:03   0:00 /usr/lib/policykit-1/polkitd --no-debug LANG=en_US.UTF-8 PATH=/usr/local/sbin:/usr/local/bin:/usr/sbin:/usr/bin:/sbin:/bin
root          -  0.0    -      -     - -        Ssl  12:03   0:00 -
root          -  0.0    -      -     - -        Ssl  12:03   0:00 -
root          -  0.0    -      -     - -        Ssl  12:03   0:00 -
root        966  0.0  0.1  32068  1136 ?        -    12:03   0:00 /usr/lib/bluetooth/bluetoothd LANG=en_US.UTF-8 PATH=/usr/local/sbin:/usr/local/bin:/usr/sbin:/usr/bin:/sbin:/bin NOTIFY_SOCKET=/run/systemd/notify
root          -  0.0    -      -     - -        Ss   12:03   0:00 -
root        990  0.0  0.0  24044     0 ?        -    12:03   0:00 /usr/sbin/vsftpd /etc/vsftpd.conf LANG=en_US.UTF-8 PATH=/usr/local/sbin:/usr/local/bin:/usr/sbin:/usr/bin:/sbin:/bin
root          -  0.0    -      -     - -        Ss   12:03   0:00 -
root        993  0.0  0.0 350544     0 ?        -    12:03   0:00 /usr/sbin/lightdm LANG=en_US.UTF-8 PATH=/usr/local/sbin:/usr/local/bin:/usr/sbin:/usr/bin:/sbin:/bin
root          -  0.0    -      -     - -        SLsl 12:03   0:00 -
root          -  0.0    -      -     - -        SLsl 12:03   0:00 -
root          -  0.0    -      -     - -        SLsl 12:03   0:00 -
mysql       999  0.0  0.0 1241464   56 ?        -    12:03   0:07 /usr/sbin/mysqld LANG=en_US.UTF-8 PATH=/usr/local/sbin:/usr/local/bin:/usr/sbin:/usr/bin:/sbin:/bin HOME=/nonexistent LOGNAME=mysql USER=mysql SHELL=/bin/false
mysql         -  0.0    -      -     - -        Ssl  12:03   0:00 -
mysql         -  0.0    -      -     - -        Ssl  12:03   0:00 -
mysql         -  0.0    -      -     - -        Ssl  12:03   0:00 -
mysql         -  0.0    -      -     - -        Ssl  12:03   0:00 -
mysql         -  0.0    -      -     - -        Ssl  12:03   0:00 -
mysql         -  0.0    -      -     - -        Ssl  12:03   0:00 -
mysql         -  0.0    -      -     - -        Ssl  12:03   0:00 -
mysql         -  0.0    -      -     - -        Ssl  12:03   0:00 -
mysql         -  0.0    -      -     - -        Ssl  12:03   0:00 -
mysql         -  0.0    -      -     - -        Ssl  12:03   0:00 -
mysql         -  0.0    -      -     - -        Ssl  12:03   0:00 -
mysql         -  0.0    -      -     - -        Ssl  12:03   0:00 -
mysql         -  0.0    -      -     - -        Ssl  12:03   0:02 -
mysql         -  0.0    -      -     - -        Ssl  12:03   0:00 -
mysql         -  0.0    -      -     - -        Ssl  12:03   0:00 -
mysql         -  0.0    -      -     - -        Ssl  12:03   0:00 -
mysql         -  0.0    -      -     - -        Ssl  12:03   0:00 -
mysql         -  0.0    -      -     - -        Ssl  12:03   0:00 -
mysql         -  0.0    -      -     - -        Ssl  12:03   0:00 -
mysql         -  0.0    -      -     - -        Ssl  12:03   0:00 -
mysql         -  0.0    -      -     - -        Ssl  12:03   0:00 -
mysql         -  0.0    -      -     - -        Ssl  12:03   0:00 -
mysql         -  0.0    -      -     - -        Ssl  12:03   0:00 -
mysql         -  0.0    -      -     - -        Ssl  12:03   0:00 -
mysql         -  0.0    -      -     - -        Ssl  12:03   0:00 -
mysql         -  0.0    -      -     - -        Ssl  12:03   0:00 -
mysql         -  0.0    -      -     - -        Ssl  12:03   0:00 -
mysql         -  0.0    -      -     - -        Ssl  12:03   0:00 -
mysql         -  0.0    -      -     - -        Ssl  12:08   0:00 -
root       1015  1.1  4.7 394468 47264 tty7     -    12:03   2:55 /usr/lib/xorg/Xorg -core :0 -seat seat0 -auth /var/run/lightdm/root/:0 -nolisten tcp vt7 -novtswitch PWD=/
root          -  1.1    -      -     - -        Ss+  12:03   2:55 -
root       1022  0.0  0.0  23008     0 tty1     -    12:03   0:00 /sbin/agetty --noclear tty1 linux LANG= PATH=/usr/local/sbin:/usr/local/bin:/usr/sbin:/usr/bin:/sbin:/bin TERM=linux LANGUAGE= LC_CTYPE= LC_NUMERIC= LC_TIME= LC_COLLATE= LC_MONETARY= LC_MESSAGES= LC_PAPER= LC_NAME= LC_ADDRESS= LC_TELEPHONE= LC_MEASUREMENT= LC_IDENTIFICATION=
root          -  0.0    -      -     - -        Ss+  12:03   0:00 -
www-data   1043  0.0  0.0 349404     0 ?        -    12:03   0:00 php-fpm: pool www                                                                                                                    
www-data      -  0.0    -      -     - -        S    12:03   0:00 -
www-data   1044  0.0  0.0 349404     0 ?        -    12:03   0:00 php-fpm: pool www                                                                                                                    
www-data      -  0.0    -      -     - -        S    12:03   0:00 -
root       1133  0.0  0.0 230304   252 ?        -    12:03   0:00 lightdm --session-child 12 19 LANG=en_US.UTF-8 PATH=/usr/local/sbin:/usr/local/bin:/usr/sbin:/usr/bin:/sbin:/bin
root          -  0.0    -      -     - -        Sl   12:03   0:00 -
root          -  0.0    -      -     - -        Sl   12:03   0:00 -
root          -  0.0    -      -     - -        Sl   12:03   0:00 -
rtkit      1197  0.0  0.0 183548     0 ?        -    12:03   0:00 /usr/lib/rtkit/rtkit-daemon LANG=en_US.UTF-8 PATH=/usr/local/sbin:/usr/local/bin:/usr/sbin:/usr/bin:/sbin:/bin NOTIFY_SOCKET=/run/systemd/notify
rtkit         -  0.0    -      -     - -        SNsl 12:03   0:00 -
rtkit         -  0.0    -      -     - -        Ssl  12:03   0:00 -
rtkit         -  0.0    -      -     - -        SNsl 12:03   0:00 -
root       1213  0.0  0.0      0     0 ?        -    12:03   0:00 [krfcommd]
root          -  0.0    -      -     - -        S<   12:03   0:00 -
root       1221  0.0  0.0 354156   504 ?        -    12:03   0:00 /usr/lib/upower/upowerd LANG=en_US.UTF-8 PATH=/usr/local/sbin:/usr/local/bin:/usr/sbin:/usr/bin:/sbin:/bin
root          -  0.0    -      -     - -        Ssl  12:03   0:00 -
root          -  0.0    -      -     - -        Ssl  12:03   0:00 -
root          -  0.0    -      -     - -        Ssl  12:03   0:00 -
colord     1241  0.0  0.3 308216  3500 ?        -    12:03   0:00 /usr/lib/colord/colord LANG=en_US.UTF-8 PATH=/usr/local/sbin:/usr/local/bin:/usr/sbin:/usr/bin:/sbin:/bin HOME=/var/lib/colord LOGNAME=colord USER=colord SHELL=/bin/false
colord        -  0.0    -      -     - -        Ssl  12:03   0:00 -
colord        -  0.0    -      -     - -        Ssl  12:03   0:00 -
colord        -  0.0    -      -     - -        Ssl  12:03   0:00 -
nobody     1259  0.0  0.2  59904  2024 ?        -    12:03   0:00 /usr/sbin/dnsmasq --no-resolv --keep-in-foreground --no-hosts --bind-interfaces --pid-file=/var/run/NetworkManager/dnsmasq.pid --listen-address=127.0.1.1 --cache-size=0 --proxy-dnssec --enable-dbus=org.freedesktop.NetworkManager.dnsmasq --conf-dir=/etc/NetworkManager/dnsmasq.d LANG=en_US.UTF-8 PATH=/usr/local/sbin:/usr/local/bin:/usr/sbin:/usr/bin:/sbin:/bin GIO_USE_VFS=local
nobody        -  0.0    -      -     - -        S    12:03   0:00 -
root       1503  0.0  0.0  17352     4 ?        -    12:03   0:00 /usr/lib/ipsec/starter --daemon charon IPSEC_VERSION=U5.3.5/K4.4.0-31-generic IPSEC_STARTER_PID=/var/run/starter.charon.pid IPSEC_CONFDIR=/etc IPSEC_BINDIR=/usr/bin IPSEC_PIDDIR=/var/run IPSEC_NAME=strongSwan IPSEC_SBINDIR=/usr/sbin IPSEC_CHARON_PID=/var/run/charon.pid PATH=/usr/local/sbin:/usr/local/bin:/usr/sbin:/usr/bin:/sbin:/bin LANG=en_US.UTF-8 IPSEC_DIR=/usr/lib/ipsec PWD=/ PIDFILE=/var/run/charon.pid IPSEC_SCRIPT=ipsec
root          -  0.0    -      -     - -        Ss   12:03   0:00 -
root       1504  0.0  0.0 1229356    0 ?        -    12:03   0:00 /usr/lib/ipsec/charon --use-syslog IPSEC_VERSION=U5.3.5/K4.4.0-31-generic IPSEC_STARTER_PID=/var/run/starter.charon.pid IPSEC_CONFDIR=/etc IPSEC_BINDIR=/usr/bin IPSEC_PIDDIR=/var/run IPSEC_NAME=strongSwan IPSEC_SBINDIR=/usr/sbin IPSEC_CHARON_PID=/var/run/charon.pid PATH=/usr/local/sbin:/usr/local/bin:/usr/sbin:/usr/bin:/sbin:/bin LANG=en_US.UTF-8 IPSEC_DIR=/usr/lib/ipsec PWD=/ PIDFILE=/var/run/charon.pid IPSEC_SCRIPT=ipsec MALLOC_CHECK_=0
root          -  0.0    -      -     - -        Ssl  12:03   0:00 -
root          -  0.0    -      -     - -        Ssl  12:03   0:00 -
root          -  0.0    -      -     - -        Ssl  12:03   0:00 -
root          -  0.0    -      -     - -        Ssl  12:03   0:00 -
root          -  0.0    -      -     - -        Ssl  12:03   0:00 -
root          -  0.0    -      -     - -        Ssl  12:03   0:00 -
root          -  0.0    -      -     - -        Ssl  12:03   0:00 -
root          -  0.0    -      -     - -        Ssl  12:03   0:00 -
root          -  0.0    -      -     - -        Ssl  12:03   0:00 -
root          -  0.0    -      -     - -        Ssl  12:03   0:00 -
root          -  0.0    -      -     - -        Ssl  12:03   0:00 -
root          -  0.0    -      -     - -        Ssl  12:03   0:00 -
root          -  0.0    -      -     - -        Ssl  12:03   0:00 -
root          -  0.0    -      -     - -        Ssl  12:03   0:00 -
root          -  0.0    -      -     - -        Ssl  12:03   0:00 -
root          -  0.0    -      -     - -        Ssl  12:03   0:00 -
root          -  0.0    -      -     - -        Ssl  12:03   0:00 -
root       1526  0.0  0.0 379548    52 ?        -    12:03   0:00 /usr/sbin/apache2 -k start APACHE_RUN_DIR=/var/run/apache2 APACHE_PID_FILE=/var/run/apache2/apache2.pid PATH=/usr/local/sbin:/usr/local/bin:/usr/sbin:/usr/bin:/sbin:/bin APACHE_LOCK_DIR=/var/lock/apache2 LANG=C APACHE_RUN_USER=www-data APACHE_RUN_GROUP=www-data APACHE_LOG_DIR=/var/log/apache2 PWD=/
root          -  0.0    -      -     - -        Ss   12:03   0:00 -
CLB        1612  0.0  0.0  45252   784 ?        -    12:03   0:00 /lib/systemd/systemd --user LANG=en_US.UTF-8 PATH=/usr/local/sbin:/usr/local/bin:/usr/sbin:/usr/bin:/sbin:/bin NOTIFY_SOCKET=/run/systemd/notify HOME=/home/riki LOGNAME=CLB USER=CLB SHELL=/bin/bash XDG_RUNTIME_DIR=/run/user/1000
CLB           -  0.0    -      -     - -        Ss   12:03   0:00 -
CLB        1613  0.0  0.0  63600    60 ?        -    12:03   0:00 (sd-pam) find_preseed=/preseed.cfg HOME=/ init=/sbin/init recovery= locale=en_US TERM=linux drop_caps= BOOT_IMAGE=/boot/vmlinuz-4.4.0-31-generic PATH=/sbin:/usr/sbin:/bin:/usr/bin PWD=/ rootmnt=/root priority=critical
CLB           -  0.0    -      -     - -        S    12:03   0:00 -
CLB        1619  0.0  0.0 212292   188 ?        -    12:03   0:00 /usr/bin/gnome-keyring-daemon --daemonize --login PATH=/usr/local/bin:/usr/bin:/bin USER=CLB LOGNAME=CLB HOME=/home/riki SHELL=/bin/bash LANG=en_US.UTF-8 XDG_SEAT=seat0 XDG_SESSION_TYPE=x11 XDG_VTNR=7 DISPLAY=:0 XDG_SESSION_DESKTOP=ubuntu DESKTOP_SESSION=ubuntu GDMSESSION=ubuntu XDG_CURRENT_DESKTOP=Unity LANGUAGE=en_US GDM_LANG=en_US XDG_SEAT_PATH=/org/freedesktop/DisplayManager/Seat0 XDG_SESSION_PATH=/org/freedesktop/DisplayManager/Session0 XDG_GREETER_DATA_DIR=/var/lib/lightdm-data/CLB XDG_SESSION_ID=c2 XDG_RUNTIME_DIR=/run/user/1000
CLB           -  0.0    -      -     - -        Sl   12:03   0:00 -
CLB           -  0.0    -      -     - -        Sl   12:03   0:00 -
CLB           -  0.0    -      -     - -        Sl   12:03   0:00 -
CLB           -  0.0    -      -     - -        Sl   12:03   0:00 -
CLB        1621  0.0  0.1  53676  1864 ?        -    12:03   0:00 /sbin/upstart --user LC_PAPER=en_GB.UTF-8 XDG_VTNR=7 LC_ADDRESS=en_GB.UTF-8 XDG_SESSION_ID=c2 CLUTTER_IM_MODULE=xim LC_MONETARY=en_GB.UTF-8 XDG_GREETER_DATA_DIR=/var/lib/lightdm-data/CLB SHELL=/bin/bash QT_LINUX_ACCESSIBILITY_ALWAYS_ON=1 LC_NUMERIC=en_GB.UTF-8 GTK_MODULES=gail:atk-bridge JRE_HOME=/opt/jdk1.8.0_221/jre USER=CLB QT_ACCESSIBILITY=1 LC_TELEPHONE=en_GB.UTF-8 XDG_SESSION_PATH=/org/freedesktop/DisplayManager/Session0 XDG_SEAT_PATH=/org/freedesktop/DisplayManager/Seat0 DEFAULTS_PATH=/usr/share/gconf/ubuntu.default.path XDG_CONFIG_DIRS=/etc/xdg/xdg-ubuntu:/usr/share/upstart/xdg:/etc/xdg DESKTOP_SESSION=ubuntu PATH=/home/riki/bin:/home/riki/.local/bin:{JAVA_HOME}/bin:/usr/local/sbin:/usr/local/bin:/usr/sbin:/usr/bin:/sbin:/bin:/usr/games:/usr/local/games:/snap/bin QT_IM_MODULE=ibus QT_QPA_PLATFORMTHEME=appmenu-qt5 LC_IDENTIFICATION=en_GB.UTF-8 PWD=/home/riki XDG_SESSION_TYPE=x11 XMODIFIERS=@im=ibus JAVA_HOME=/opt/jdk1.8.0_221 LANG=en_US.UTF-8 MANDATORY_PATH=/usr/share/gconf/ubuntu.mandatory.path GDM_LANG=en_US LC_MEASUREMENT=en_GB.UTF-8 IM_CONFIG_PHASE=1 COMPIZ_CONFIG_PROFILE=ubuntu PAPERSIZE=a4 GDMSESSION=ubuntu SESSIONTYPE=gnome-session GTK2_MODULES=overlay-scrollbar SHLVL=0 XDG_SEAT=seat0 HOME=/home/riki LANGUAGE=en_US XDG_SESSION_DESKTOP=ubuntu LOGNAME=CLB QT4_IM_MODULE=xim XDG_DATA_DIRS=/usr/share/ubuntu:/usr/share/gnome:/usr/local/share/:/usr/share/:/var/lib/snapd/desktop CLASSPATH=.:/opt/jdk1.8.0_221/lib:/opt/jdk1.8.0_221/jre/lib XDG_RUNTIME_DIR=/run/user/1000 DISPLAY=:0 GTK_IM_MODULE=ibus XDG_CURRENT_DESKTOP=Unity LC_TIME=en_GB.UTF-8 XAUTHORITY=/home/riki/.Xauthority LC_NAME=en_GB.UTF-8
CLB           -  0.0    -      -     - -        Ss   12:03   0:00 -
CLB        1695  0.0  0.0  39932   196 ?        -    12:03   0:00 upstart-udev-bridge --daemon --user PATH=/home/riki/bin:/home/riki/.local/bin:{JAVA_HOME}/bin:/usr/local/sbin:/usr/local/bin:/usr/sbin:/usr/bin:/sbin:/bin:/usr/games:/usr/local/games:/snap/bin LC_PAPER=en_GB.UTF-8 XDG_VTNR=7 LC_ADDRESS=en_GB.UTF-8 XDG_SESSION_ID=c2 CLUTTER_IM_MODULE=xim LC_MONETARY=en_GB.UTF-8 XDG_GREETER_DATA_DIR=/var/lib/lightdm-data/CLB SHELL=/bin/bash QT_LINUX_ACCESSIBILITY_ALWAYS_ON=1 LC_NUMERIC=en_GB.UTF-8 GTK_MODULES=gail:atk-bridge JRE_HOME=/opt/jdk1.8.0_221/jre USER=CLB QT_ACCESSIBILITY=1 LC_TELEPHONE=en_GB.UTF-8 XDG_SESSION_PATH=/org/freedesktop/DisplayManager/Session0 XDG_SEAT_PATH=/org/freedesktop/DisplayManager/Seat0 DEFAULTS_PATH=/usr/share/gconf/ubuntu.default.path XDG_CONFIG_DIRS=/etc/xdg/xdg-ubuntu:/usr/share/upstart/xdg:/etc/xdg DESKTOP_SESSION=ubuntu QT_IM_MODULE=ibus QT_QPA_PLATFORMTHEME=appmenu-qt5 LC_IDENTIFICATION=en_GB.UTF-8 PWD=/home/riki XDG_SESSION_TYPE=x11 XMODIFIERS=@im=ibus JAVA_HOME=/opt/jdk1.8.0_221 LANG=en_US.UTF-8 MANDATORY_PATH=/usr/share/gconf/ubuntu.mandatory.path GDM_LANG=en_US LC_MEASUREMENT=en_GB.UTF-8 IM_CONFIG_PHASE=1 COMPIZ_CONFIG_PROFILE=ubuntu PAPERSIZE=a4 GDMSESSION=ubuntu SESSIONTYPE=gnome-session GTK2_MODULES=overlay-scrollbar SHLVL=0 XDG_SEAT=seat0 HOME=/home/riki LANGUAGE=en_US XDG_SESSION_DESKTOP=ubuntu LOGNAME=CLB QT4_IM_MODULE=xim XDG_DATA_DIRS=/usr/share/ubuntu:/usr/share/gnome:/usr/local/share/:/usr/share/:/var/lib/snapd/desktop CLASSPATH=.:/opt/jdk1.8.0_221/lib:/opt/jdk1.8.0_221/jre/lib XDG_RUNTIME_DIR=/run/user/1000 DISPLAY=:0 GTK_IM_MODULE=ibus XDG_CURRENT_DESKTOP=Unity LC_TIME=en_GB.UTF-8 XAUTHORITY=/home/riki/.Xauthority LC_NAME=en_GB.UTF-8 UPSTART_EVENTS=startup UPSTART_JOB=upstart-udev-bridge UPSTART_INSTANCE= UPSTART_SESSION=unix:abstract=/com/ubuntu/upstart-session/1000/1621
CLB           -  0.0    -      -     - -        S    12:03   0:00 -
CLB        1703  0.0  0.1  43780  1732 ?        -    12:03   0:03 dbus-daemon --fork --session --address=unix:abstract=/tmp/dbus-NchK5rkPgl USER=CLB LANGUAGE=en_US LC_TIME=en_GB.UTF-8 UPSTART_INSTANCE= XDG_SEAT=seat0 XDG_SESSION_TYPE=x11 COMPIZ_CONFIG_PROFILE=ubuntu SHLVL=0 HOME=/home/riki QT4_IM_MODULE=xim JRE_HOME=/opt/jdk1.8.0_221/jre DESKTOP_SESSION=ubuntu QT_LINUX_ACCESSIBILITY_ALWAYS_ON=1 GTK_MODULES=gail:atk-bridge:unity-gtk-module XDG_SEAT_PATH=/org/freedesktop/DisplayManager/Seat0 LC_MONETARY=en_GB.UTF-8 INSTANCE= DBUS_SESSION_BUS_ADDRESS=unix:abstract=/tmp/dbus-NchK5rkPgl QT_QPA_PLATFORMTHEME=appmenu-qt5 MANDATORY_PATH=/usr/share/gconf/ubuntu.mandatory.path IM_CONFIG_PHASE=1 SESSIONTYPE=gnome-session UPSTART_JOB=dbus LOGNAME=CLB GTK_IM_MODULE=ibus DEFAULTS_PATH=/usr/share/gconf/ubuntu.default.path XDG_SESSION_ID=c2 DBUS_DEBUG_OUTPUT=1 GTK2_MODULES=overlay-scrollbar PATH=/home/riki/bin:/home/riki/.local/bin:{JAVA_HOME}/bin:/usr/local/sbin:/usr/local/bin:/usr/sbin:/usr/bin:/sbin:/bin:/usr/games:/usr/local/games:/snap/bin GDM_LANG=en_US PAPERSIZE=a4 LC_ADDRESS=en_GB.UTF-8 XDG_SESSION_PATH=/org/freedesktop/DisplayManager/Session0 XDG_RUNTIME_DIR=/run/user/1000 DISPLAY=:0 LC_TELEPHONE=en_GB.UTF-8 LANG=en_US.UTF-8 XDG_CURRENT_DESKTOP=Unity XMODIFIERS=@im=ibus XDG_SESSION_DESKTOP=ubuntu XAUTHORITY=/home/riki/.Xauthority XDG_GREETER_DATA_DIR=/var/lib/lightdm-data/CLB SHELL=/bin/bash LC_NAME=en_GB.UTF-8 QT_ACCESSIBILITY=1 GDMSESSION=ubuntu LC_MEASUREMENT=en_GB.UTF-8 UPSTART_EVENTS=starting LC_IDENTIFICATION=en_GB.UTF-8 CLASSPATH=.:/opt/jdk1.8.0_221/lib:/opt/jdk1.8.0_221/jre/lib UPSTART_SESSION=unix:abstract=/com/ubuntu/upstart-session/1000/1621 XDG_VTNR=7 QT_IM_MODULE=ibus PWD=/home/riki JAVA_HOME=/opt/jdk1.8.0_221 CLUTTER_IM_MODULE=xim XDG_CONFIG_DIRS=/etc/xdg/xdg-ubuntu:/usr/share/upstart/xdg:/etc/xdg XDG_DATA_DIRS=/usr/share/ubuntu:/usr/share/gnome:/usr/local/share/:/usr/share/:/var/lib/snapd/desktop LC_NUMERIC=en_GB.UTF-8 LC_PAPER=en_GB.UTF-8 JOB=xsession-init
CLB           -  0.0    -      -     - -        Ss   12:03   0:03 -
CLB        1715  0.0  0.1  93428  1864 ?        -    12:03   0:00 /usr/lib/x86_64-linux-gnu/hud/window-stack-bridge PATH=/home/riki/bin:/home/riki/.local/bin:{JAVA_HOME}/bin:/usr/local/sbin:/usr/local/bin:/usr/sbin:/usr/bin:/sbin:/bin:/usr/games:/usr/local/games:/snap/bin LC_PAPER=en_GB.UTF-8 XDG_VTNR=7 LC_ADDRESS=en_GB.UTF-8 XDG_SESSION_ID=c2 CLUTTER_IM_MODULE=xim LC_MONETARY=en_GB.UTF-8 XDG_GREETER_DATA_DIR=/var/lib/lightdm-data/CLB SHELL=/bin/bash QT_LINUX_ACCESSIBILITY_ALWAYS_ON=1 LC_NUMERIC=en_GB.UTF-8 GTK_MODULES=gail:atk-bridge:unity-gtk-module JRE_HOME=/opt/jdk1.8.0_221/jre USER=CLB QT_ACCESSIBILITY=1 LC_TELEPHONE=en_GB.UTF-8 XDG_SESSION_PATH=/org/freedesktop/DisplayManager/Session0 XDG_SEAT_PATH=/org/freedesktop/DisplayManager/Seat0 DEFAULTS_PATH=/usr/share/gconf/ubuntu.default.path XDG_CONFIG_DIRS=/etc/xdg/xdg-ubuntu:/usr/share/upstart/xdg:/etc/xdg DESKTOP_SESSION=ubuntu QT_IM_MODULE=ibus QT_QPA_PLATFORMTHEME=appmenu-qt5 LC_IDENTIFICATION=en_GB.UTF-8 PWD=/home/riki XDG_SESSION_TYPE=x11 XMODIFIERS=@im=ibus JAVA_HOME=/opt/jdk1.8.0_221 LANG=en_US.UTF-8 MANDATORY_PATH=/usr/share/gconf/ubuntu.mandatory.path GDM_LANG=en_US LC_MEASUREMENT=en_GB.UTF-8 IM_CONFIG_PHASE=1 COMPIZ_CONFIG_PROFILE=ubuntu PAPERSIZE=a4 GDMSESSION=ubuntu SESSIONTYPE=gnome-session GTK2_MODULES=overlay-scrollbar SHLVL=0 XDG_SEAT=seat0 HOME=/home/riki LANGUAGE=en_US XDG_SESSION_DESKTOP=ubuntu LOGNAME=CLB QT4_IM_MODULE=xim XDG_DATA_DIRS=/usr/share/ubuntu:/usr/share/gnome:/usr/local/share/:/usr/share/:/var/lib/snapd/desktop CLASSPATH=.:/opt/jdk1.8.0_221/lib:/opt/jdk1.8.0_221/jre/lib XDG_RUNTIME_DIR=/run/user/1000 DISPLAY=:0 GTK_IM_MODULE=ibus XDG_CURRENT_DESKTOP=Unity LC_TIME=en_GB.UTF-8 XAUTHORITY=/home/riki/.Xauthority LC_NAME=en_GB.UTF-8 DBUS_SESSION_BUS_ADDRESS=unix:abstract=/tmp/dbus-NchK5rkPgl JOB=dbus INSTANCE= UPSTART_EVENTS=started UPSTART_JOB=window-stack-bridge UPSTART_INSTANCE= UPSTART_SESSION=unix:abstract=/com/ubuntu/upstart-session/1000/1621
CLB           -  0.0    -      -     - -        Ss   12:03   0:00 -
CLB        1737  0.0  0.4 353368  4240 ?        -    12:03   0:06 /usr/bin/ibus-daemon --daemonize --xim --address unix:tmpdir=/tmp/ibus USER=CLB LANGUAGE=en_US LC_TIME=en_GB.UTF-8 UPSTART_INSTANCE= XDG_SEAT=seat0 TEXTDOMAIN=im-config XDG_SESSION_TYPE=x11 COMPIZ_CONFIG_PROFILE=ubuntu SHLVL=0 HOME=/home/riki QT4_IM_MODULE=xim JRE_HOME=/opt/jdk1.8.0_221/jre DESKTOP_SESSION=ubuntu QT_LINUX_ACCESSIBILITY_ALWAYS_ON=1 GTK_MODULES=gail:atk-bridge:unity-gtk-module XDG_SEAT_PATH=/org/freedesktop/DisplayManager/Seat0 LC_MONETARY=en_GB.UTF-8 INSTANCE= DBUS_SESSION_BUS_ADDRESS=unix:abstract=/tmp/dbus-NchK5rkPgl QT_QPA_PLATFORMTHEME=appmenu-qt5 MANDATORY_PATH=/usr/share/gconf/ubuntu.mandatory.path IM_CONFIG_PHASE=2 SESSIONTYPE=gnome-session UPSTART_JOB=im-config LOGNAME=CLB GTK_IM_MODULE=ibus DEFAULTS_PATH=/usr/share/gconf/ubuntu.default.path XDG_SESSION_ID=c2 GTK2_MODULES=overlay-scrollbar PATH=/home/riki/bin:/home/riki/.local/bin:{JAVA_HOME}/bin:/usr/local/sbin:/usr/local/bin:/usr/sbin:/usr/bin:/sbin:/bin:/usr/games:/usr/local/games:/snap/bin GDM_LANG=en_US PAPERSIZE=a4 LC_ADDRESS=en_GB.UTF-8 XDG_SESSION_PATH=/org/freedesktop/DisplayManager/Session0 XDG_RUNTIME_DIR=/run/user/1000 DISPLAY=:0 LC_TELEPHONE=en_GB.UTF-8 LANG=en_US.UTF-8 XDG_CURRENT_DESKTOP=Unity XMODIFIERS=@im=ibus XDG_SESSION_DESKTOP=ubuntu XAUTHORITY=/home/riki/.Xauthority XDG_GREETER_DATA_DIR=/var/lib/lightdm-data/CLB SHELL=/bin/bash LC_NAME=en_GB.UTF-8 QT_ACCESSIBILITY=1 GDMSESSION=ubuntu LC_MEASUREMENT=en_GB.UTF-8 UPSTART_EVENTS=starting started LC_IDENTIFICATION=en_GB.UTF-8 CLASSPATH=.:/opt/jdk1.8.0_221/lib:/opt/jdk1.8.0_221/jre/lib UPSTART_SESSION=unix:abstract=/com/ubuntu/upstart-session/1000/1621 TEXTDOMAINDIR=/usr/share/locale/ XDG_VTNR=7 QT_IM_MODULE=ibus PWD=/home/riki JAVA_HOME=/opt/jdk1.8.0_221 CLUTTER_IM_MODULE=xim XDG_CONFIG_DIRS=/etc/xdg/xdg-ubuntu:/usr/share/upstart/xdg:/etc/xdg XDG_DATA_DIRS=/usr/share/ubuntu:/usr/share/gnome:/usr/local/share/:/usr/share/:/var/lib/snapd/desktop LC_NUMERIC=en_GB.UTF-8 LC_PAPER=en_GB.UTF-8 JOB=dbus
CLB           -  0.0    -      -     - -        Ssl  12:03   0:02 -
CLB           -  0.0    -      -     - -        Ssl  12:03   0:00 -
CLB           -  0.0    -      -     - -        Ssl  12:03   0:04 -
CLB        1752  0.0  0.0 281604   236 ?        -    12:03   0:00 /usr/lib/gvfs/gvfsd XDG_RUNTIME_DIR=/run/user/1000 XMODIFIERS=@im XDG_GREETER_DATA_DIR=/var/lib/lightdm-data/CLB XDG_SESSION_TYPE=x11 DBUS_SESSION_BUS_ADDRESS=unix:abstract=/tmp/dbus-NchK5rkPgl,guid=c5d51710447951946b60eaa35e819269 QT_IM_MODULE=ibus USER=CLB XAUTHORITY=/home/riki/.Xauthority DBUS_STARTER_BUS_TYPE=session LC_ADDRESS=en_GB.UTF-8 SHLVL=0 UPSTART_INSTANCE= XDG_SESSION_DESKTOP=ubuntu DBUS_DEBUG_OUTPUT=1 SHELL=/bin/bash UPSTART_EVENTS=starting QT_ACCESSIBILITY=1 LC_NAME=en_GB.UTF-8 LC_MEASUREMENT=en_GB.UTF-8 LC_TIME=en_GB.UTF-8 LC_MONETARY=en_GB.UTF-8 INSTANCE= XDG_DATA_DIRS=/usr/share/ubuntu:/usr/share/gnome:/usr/local/share/:/usr/share/:/var/lib/snapd/desktop LANGUAGE=en_US QT4_IM_MODULE=xim IM_CONFIG_PHASE=1 JAVA_HOME=/opt/jdk1.8.0_221 GTK2_MODULES=overlay-scrollbar LC_TELEPHONE=en_GB.UTF-8 JOB=xsession-init PWD=/home/riki HOME=/home/riki DBUS_STARTER_ADDRESS=unix:abstract=/tmp/dbus-NchK5rkPgl,guid=c5d51710447951946b60eaa35e819269 CLUTTER_IM_MODULE=xim JRE_HOME=/opt/jdk1.8.0_221/jre DISPLAY=:0 LC_PAPER=en_GB.UTF-8 LC_NUMERIC=en_GB.UTF-8 UPSTART_JOB=dbus PATH=/home/riki/bin:/home/riki/.local/bin:{JAVA_HOME}/bin:/usr/local/sbin:/usr/local/bin:/usr/sbin:/usr/bin:/sbin:/bin:/usr/games:/usr/local/games:/snap/bin XDG_VTNR=7 GTK_MODULES=gail:atk-bridge:unity-gtk-module GTK_IM_MODULE=ibus GDMSESSION=ubuntu XDG_SESSION_ID=c2 XDG_SEAT=seat0 COMPIZ_CONFIG_PROFILE=ubuntu MANDATORY_PATH=/usr/share/gconf/ubuntu.mandatory.path PAPERSIZE=a4 LANG=en_US.UTF-8 LOGNAME=CLB SESSIONTYPE=gnome-session DEFAULTS_PATH=/usr/share/gconf/ubuntu.default.path XDG_SESSION_PATH=/org/freedesktop/DisplayManager/Session0 XDG_CURRENT_DESKTOP=Unity DESKTOP_SESSION=ubuntu LC_IDENTIFICATION=en_GB.UTF-8 QT_LINUX_ACCESSIBILITY_ALWAYS_ON=1 XDG_SEAT_PATH=/org/freedesktop/DisplayManager/Seat0 CLASSPATH=.:/opt/jdk1.8.0_221/lib:/opt/jdk1.8.0_221/jre/lib QT_QPA_PLATFORMTHEME=appmenu-qt5 GDM_LANG=en_US UPSTART_SESSION=unix:abstract=/com/ubuntu/upstart-session/1000/1621 XDG_CONFIG_DIRS=/etc/xdg/xdg-ubuntu:/usr/share/upstart/xdg:/etc/xdg
CLB           -  0.0    -      -     - -        Sl   12:03   0:00 -
CLB           -  0.0    -      -     - -        Sl   12:03   0:00 -
CLB           -  0.0    -      -     - -        Sl   12:03   0:00 -
CLB        1762  0.0  0.0 406864     0 ?        -    12:03   0:00 /usr/lib/gvfs/gvfsd-fuse /run/user/1000/gvfs -f -o big_writes XDG_RUNTIME_DIR=/run/user/1000 XMODIFIERS=@im XDG_GREETER_DATA_DIR=/var/lib/lightdm-data/CLB XDG_SESSION_TYPE=x11 DBUS_SESSION_BUS_ADDRESS=unix:abstract=/tmp/dbus-NchK5rkPgl,guid=c5d51710447951946b60eaa35e819269 QT_IM_MODULE=ibus USER=CLB XAUTHORITY=/home/riki/.Xauthority DBUS_STARTER_BUS_TYPE=session LC_ADDRESS=en_GB.UTF-8 SHLVL=0 UPSTART_INSTANCE= XDG_SESSION_DESKTOP=ubuntu DBUS_DEBUG_OUTPUT=1 SHELL=/bin/bash UPSTART_EVENTS=starting QT_ACCESSIBILITY=1 LC_NAME=en_GB.UTF-8 LC_MEASUREMENT=en_GB.UTF-8 LC_TIME=en_GB.UTF-8 LC_MONETARY=en_GB.UTF-8 INSTANCE= XDG_DATA_DIRS=/usr/share/ubuntu:/usr/share/gnome:/usr/local/share/:/usr/share/:/var/lib/snapd/desktop LANGUAGE=en_US QT4_IM_MODULE=xim IM_CONFIG_PHASE=1 JAVA_HOME=/opt/jdk1.8.0_221 GTK2_MODULES=overlay-scrollbar LC_TELEPHONE=en_GB.UTF-8 JOB=xsession-init PWD=/home/riki HOME=/home/riki DBUS_STARTER_ADDRESS=unix:abstract=/tmp/dbus-NchK5rkPgl,guid=c5d51710447951946b60eaa35e819269 CLUTTER_IM_MODULE=xim JRE_HOME=/opt/jdk1.8.0_221/jre DISPLAY=:0 LC_PAPER=en_GB.UTF-8 LC_NUMERIC=en_GB.UTF-8 UPSTART_JOB=dbus PATH=/home/riki/bin:/home/riki/.local/bin:{JAVA_HOME}/bin:/usr/local/sbin:/usr/local/bin:/usr/sbin:/usr/bin:/sbin:/bin:/usr/games:/usr/local/games:/snap/bin XDG_VTNR=7 GTK_MODULES=gail:atk-bridge:unity-gtk-module GTK_IM_MODULE=ibus GDMSESSION=ubuntu XDG_SESSION_ID=c2 XDG_SEAT=seat0 COMPIZ_CONFIG_PROFILE=ubuntu MANDATORY_PATH=/usr/share/gconf/ubuntu.mandatory.path PAPERSIZE=a4 LANG=en_US.UTF-8 LOGNAME=CLB SESSIONTYPE=gnome-session DEFAULTS_PATH=/usr/share/gconf/ubuntu.default.path XDG_SESSION_PATH=/org/freedesktop/DisplayManager/Session0 XDG_CURRENT_DESKTOP=Unity DESKTOP_SESSION=ubuntu LC_IDENTIFICATION=en_GB.UTF-8 QT_LINUX_ACCESSIBILITY_ALWAYS_ON=1 XDG_SEAT_PATH=/org/freedesktop/DisplayManager/Seat0 CLASSPATH=.:/opt/jdk1.8.0_221/lib:/opt/jdk1.8.0_221/jre/lib QT_QPA_PLATFORMTHEME=appmenu-qt5 GDM_LANG=en_US UPSTART_SESSION=unix:abstract=/com/ubuntu/upstart-session/1000/1621 XDG_CONFIG_DIRS=/etc/xdg/xdg-ubuntu:/usr/share/upstart/xdg:/etc/xdg
CLB           -  0.0    -      -     - -        Sl   12:03   0:00 -
CLB           -  0.0    -      -     - -        Sl   12:03   0:00 -
CLB           -  0.0    -      -     - -        Sl   12:03   0:00 -
CLB           -  0.0    -      -     - -        Sl   12:03   0:00 -
CLB           -  0.0    -      -     - -        Sl   12:03   0:00 -
CLB           -  0.0    -      -     - -        Sl   12:03   0:00 -
CLB        1767  0.0  0.0 271328     0 ?        -    12:03   0:00 /usr/lib/ibus/ibus-dconf USER=CLB LANGUAGE=en_US LC_TIME=en_GB.UTF-8 UPSTART_INSTANCE= XDG_SEAT=seat0 TEXTDOMAIN=im-config XDG_SESSION_TYPE=x11 COMPIZ_CONFIG_PROFILE=ubuntu SHLVL=0 HOME=/home/riki QT4_IM_MODULE=xim JRE_HOME=/opt/jdk1.8.0_221/jre DESKTOP_SESSION=ubuntu QT_LINUX_ACCESSIBILITY_ALWAYS_ON=1 GTK_MODULES=gail:atk-bridge:unity-gtk-module XDG_SEAT_PATH=/org/freedesktop/DisplayManager/Seat0 LC_MONETARY=en_GB.UTF-8 INSTANCE= DBUS_SESSION_BUS_ADDRESS=unix:abstract=/tmp/dbus-NchK5rkPgl QT_QPA_PLATFORMTHEME=appmenu-qt5 MANDATORY_PATH=/usr/share/gconf/ubuntu.mandatory.path IM_CONFIG_PHASE=2 SESSIONTYPE=gnome-session UPSTART_JOB=im-config LOGNAME=CLB GTK_IM_MODULE=ibus DEFAULTS_PATH=/usr/share/gconf/ubuntu.default.path XDG_SESSION_ID=c2 GTK2_MODULES=overlay-scrollbar PATH=/home/riki/bin:/home/riki/.local/bin:{JAVA_HOME}/bin:/usr/local/sbin:/usr/local/bin:/usr/sbin:/usr/bin:/sbin:/bin:/usr/games:/usr/local/games:/snap/bin GDM_LANG=en_US PAPERSIZE=a4 LC_ADDRESS=en_GB.UTF-8 XDG_SESSION_PATH=/org/freedesktop/DisplayManager/Session0 XDG_RUNTIME_DIR=/run/user/1000 DISPLAY=:0 LC_TELEPHONE=en_GB.UTF-8 LANG=en_US.UTF-8 XDG_CURRENT_DESKTOP=Unity XMODIFIERS=@im=ibus XDG_SESSION_DESKTOP=ubuntu XAUTHORITY=/home/riki/.Xauthority XDG_GREETER_DATA_DIR=/var/lib/lightdm-data/CLB SHELL=/bin/bash LC_NAME=en_GB.UTF-8 QT_ACCESSIBILITY=1 GDMSESSION=ubuntu LC_MEASUREMENT=en_GB.UTF-8 UPSTART_EVENTS=starting started LC_IDENTIFICATION=en_GB.UTF-8 CLASSPATH=.:/opt/jdk1.8.0_221/lib:/opt/jdk1.8.0_221/jre/lib UPSTART_SESSION=unix:abstract=/com/ubuntu/upstart-session/1000/1621 TEXTDOMAINDIR=/usr/share/locale/ XDG_VTNR=7 QT_IM_MODULE=ibus PWD=/home/riki JAVA_HOME=/opt/jdk1.8.0_221 CLUTTER_IM_MODULE=xim XDG_CONFIG_DIRS=/etc/xdg/xdg-ubuntu:/usr/share/upstart/xdg:/etc/xdg XDG_DATA_DIRS=/usr/share/ubuntu:/usr/share/gnome:/usr/local/share/:/usr/share/:/var/lib/snapd/desktop LC_NUMERIC=en_GB.UTF-8 LC_PAPER=en_GB.UTF-8 JOB=dbus
CLB           -  0.0    -      -     - -        Sl   12:03   0:00 -
CLB           -  0.0    -      -     - -        Sl   12:03   0:00 -
CLB           -  0.0    -      -     - -        Sl   12:03   0:00 -
CLB           -  0.0    -      -     - -        Sl   12:03   0:00 -
CLB        1769  0.0  0.7 477396  7648 ?        -    12:03   0:02 /usr/lib/ibus/ibus-ui-gtk3 USER=CLB LANGUAGE=en_US LC_TIME=en_GB.UTF-8 UPSTART_INSTANCE= XDG_SEAT=seat0 TEXTDOMAIN=im-config XDG_SESSION_TYPE=x11 COMPIZ_CONFIG_PROFILE=ubuntu SHLVL=0 HOME=/home/riki QT4_IM_MODULE=xim JRE_HOME=/opt/jdk1.8.0_221/jre DESKTOP_SESSION=ubuntu QT_LINUX_ACCESSIBILITY_ALWAYS_ON=1 GTK_MODULES=gail:atk-bridge:unity-gtk-module XDG_SEAT_PATH=/org/freedesktop/DisplayManager/Seat0 LC_MONETARY=en_GB.UTF-8 INSTANCE= DBUS_SESSION_BUS_ADDRESS=unix:abstract=/tmp/dbus-NchK5rkPgl QT_QPA_PLATFORMTHEME=appmenu-qt5 MANDATORY_PATH=/usr/share/gconf/ubuntu.mandatory.path IM_CONFIG_PHASE=2 SESSIONTYPE=gnome-session UPSTART_JOB=im-config LOGNAME=CLB GTK_IM_MODULE=ibus DEFAULTS_PATH=/usr/share/gconf/ubuntu.default.path XDG_SESSION_ID=c2 GTK2_MODULES=overlay-scrollbar PATH=/home/riki/bin:/home/riki/.local/bin:{JAVA_HOME}/bin:/usr/local/sbin:/usr/local/bin:/usr/sbin:/usr/bin:/sbin:/bin:/usr/games:/usr/local/games:/snap/bin GDM_LANG=en_US PAPERSIZE=a4 LC_ADDRESS=en_GB.UTF-8 XDG_SESSION_PATH=/org/freedesktop/DisplayManager/Session0 XDG_RUNTIME_DIR=/run/user/1000 DISPLAY=:0 LC_TELEPHONE=en_GB.UTF-8 LANG=en_US.UTF-8 XDG_CURRENT_DESKTOP=Unity XMODIFIERS=@im=ibus XDG_SESSION_DESKTOP=ubuntu XAUTHORITY=/home/riki/.Xauthority XDG_GREETER_DATA_DIR=/var/lib/lightdm-data/CLB SHELL=/bin/bash LC_NAME=en_GB.UTF-8 QT_ACCESSIBILITY=1 GDMSESSION=ubuntu LC_MEASUREMENT=en_GB.UTF-8 UPSTART_EVENTS=starting started LC_IDENTIFICATION=en_GB.UTF-8 CLASSPATH=.:/opt/jdk1.8.0_221/lib:/opt/jdk1.8.0_221/jre/lib UPSTART_SESSION=unix:abstract=/com/ubuntu/upstart-session/1000/1621 TEXTDOMAINDIR=/usr/share/locale/ XDG_VTNR=7 QT_IM_MODULE=ibus PWD=/home/riki JAVA_HOME=/opt/jdk1.8.0_221 CLUTTER_IM_MODULE=xim XDG_CONFIG_DIRS=/etc/xdg/xdg-ubuntu:/usr/share/upstart/xdg:/etc/xdg XDG_DATA_DIRS=/usr/share/ubuntu:/usr/share/gnome:/usr/local/share/:/usr/share/:/var/lib/snapd/desktop LC_NUMERIC=en_GB.UTF-8 LC_PAPER=en_GB.UTF-8 JOB=dbus
CLB           -  0.0    -      -     - -        Sl   12:03   0:01 -
CLB           -  0.0    -      -     - -        Sl   12:03   0:00 -
CLB           -  0.0    -      -     - -        Sl   12:03   0:00 -
CLB           -  0.0    -      -     - -        Sl   12:03   0:01 -
CLB        1773  0.0  0.2 427728  2704 ?        -    12:03   0:00 /usr/lib/ibus/ibus-x11 --kill-daemon USER=CLB LANGUAGE=en_US LC_TIME=en_GB.UTF-8 UPSTART_INSTANCE= XDG_SEAT=seat0 TEXTDOMAIN=im-config XDG_SESSION_TYPE=x11 COMPIZ_CONFIG_PROFILE=ubuntu SHLVL=0 HOME=/home/riki QT4_IM_MODULE=xim JRE_HOME=/opt/jdk1.8.0_221/jre DESKTOP_SESSION=ubuntu QT_LINUX_ACCESSIBILITY_ALWAYS_ON=1 GTK_MODULES=gail:atk-bridge:unity-gtk-module XDG_SEAT_PATH=/org/freedesktop/DisplayManager/Seat0 LC_MONETARY=en_GB.UTF-8 INSTANCE= DBUS_SESSION_BUS_ADDRESS=unix:abstract=/tmp/dbus-NchK5rkPgl QT_QPA_PLATFORMTHEME=appmenu-qt5 MANDATORY_PATH=/usr/share/gconf/ubuntu.mandatory.path IM_CONFIG_PHASE=2 SESSIONTYPE=gnome-session UPSTART_JOB=im-config LOGNAME=CLB GTK_IM_MODULE=ibus DEFAULTS_PATH=/usr/share/gconf/ubuntu.default.path XDG_SESSION_ID=c2 GTK2_MODULES=overlay-scrollbar PATH=/home/riki/bin:/home/riki/.local/bin:{JAVA_HOME}/bin:/usr/local/sbin:/usr/local/bin:/usr/sbin:/usr/bin:/sbin:/bin:/usr/games:/usr/local/games:/snap/bin GDM_LANG=en_US PAPERSIZE=a4 LC_ADDRESS=en_GB.UTF-8 XDG_SESSION_PATH=/org/freedesktop/DisplayManager/Session0 XDG_RUNTIME_DIR=/run/user/1000 DISPLAY=:0 LC_TELEPHONE=en_GB.UTF-8 LANG=en_US.UTF-8 XDG_CURRENT_DESKTOP=Unity XMODIFIERS=@im=ibus XDG_SESSION_DESKTOP=ubuntu XAUTHORITY=/home/riki/.Xauthority XDG_GREETER_DATA_DIR=/var/lib/lightdm-data/CLB SHELL=/bin/bash LC_NAME=en_GB.UTF-8 QT_ACCESSIBILITY=1 GDMSESSION=ubuntu LC_MEASUREMENT=en_GB.UTF-8 UPSTART_EVENTS=starting started LC_IDENTIFICATION=en_GB.UTF-8 CLASSPATH=.:/opt/jdk1.8.0_221/lib:/opt/jdk1.8.0_221/jre/lib UPSTART_SESSION=unix:abstract=/com/ubuntu/upstart-session/1000/1621 TEXTDOMAINDIR=/usr/share/locale/ XDG_VTNR=7 QT_IM_MODULE=ibus PWD=/home/riki JAVA_HOME=/opt/jdk1.8.0_221 CLUTTER_IM_MODULE=xim XDG_CONFIG_DIRS=/etc/xdg/xdg-ubuntu:/usr/share/upstart/xdg:/etc/xdg XDG_DATA_DIRS=/usr/share/ubuntu:/usr/share/gnome:/usr/local/share/:/usr/share/:/var/lib/snapd/desktop LC_NUMERIC=en_GB.UTF-8 LC_PAPER=en_GB.UTF-8 JOB=dbus
CLB           -  0.0    -      -     - -        Sl   12:03   0:00 -
CLB           -  0.0    -      -     - -        Sl   12:03   0:00 -
CLB           -  0.0    -      -     - -        Sl   12:03   0:00 -
CLB           -  0.0    -      -     - -        Sl   12:03   0:00 -
CLB        1776  0.0  0.0 173608   164 ?        -    12:03   0:00 gpg-agent --homedir /home/riki/.gnupg --use-standard-socket --daemon USER=CLB LANGUAGE=en_US LC_TIME=en_GB.UTF-8 UPSTART_INSTANCE= XDG_SEAT=seat0 XDG_SESSION_TYPE=x11 COMPIZ_CONFIG_PROFILE=ubuntu SHLVL=0 HOME=/home/riki QT4_IM_MODULE=xim JRE_HOME=/opt/jdk1.8.0_221/jre DESKTOP_SESSION=ubuntu QT_LINUX_ACCESSIBILITY_ALWAYS_ON=1 GTK_MODULES=gail:atk-bridge:unity-gtk-module XDG_SEAT_PATH=/org/freedesktop/DisplayManager/Seat0 LC_MONETARY=en_GB.UTF-8 INSTANCE= DBUS_SESSION_BUS_ADDRESS=unix:abstract=/tmp/dbus-NchK5rkPgl QT_QPA_PLATFORMTHEME=appmenu-qt5 MANDATORY_PATH=/usr/share/gconf/ubuntu.mandatory.path IM_CONFIG_PHASE=1 SESSIONTYPE=gnome-session UPSTART_JOB=gpg-agent LOGNAME=CLB GTK_IM_MODULE=ibus DEFAULTS_PATH=/usr/share/gconf/ubuntu.default.path XDG_SESSION_ID=c2 GTK2_MODULES=overlay-scrollbar PATH=/home/riki/bin:/home/riki/.local/bin:{JAVA_HOME}/bin:/usr/local/sbin:/usr/local/bin:/usr/sbin:/usr/bin:/sbin:/bin:/usr/games:/usr/local/games:/snap/bin GDM_LANG=en_US PAPERSIZE=a4 LC_ADDRESS=en_GB.UTF-8 XDG_SESSION_PATH=/org/freedesktop/DisplayManager/Session0 XDG_RUNTIME_DIR=/run/user/1000 DISPLAY=:0 LC_TELEPHONE=en_GB.UTF-8 LANG=en_US.UTF-8 XDG_CURRENT_DESKTOP=Unity XMODIFIERS=@im=ibus XDG_SESSION_DESKTOP=ubuntu XAUTHORITY=/home/riki/.Xauthority XDG_GREETER_DATA_DIR=/var/lib/lightdm-data/CLB SHELL=/bin/bash LC_NAME=en_GB.UTF-8 QT_ACCESSIBILITY=1 GDMSESSION=ubuntu LC_MEASUREMENT=en_GB.UTF-8 UPSTART_EVENTS=starting started LC_IDENTIFICATION=en_GB.UTF-8 CLASSPATH=.:/opt/jdk1.8.0_221/lib:/opt/jdk1.8.0_221/jre/lib UPSTART_SESSION=unix:abstract=/com/ubuntu/upstart-session/1000/1621 XDG_VTNR=7 QT_IM_MODULE=ibus PWD=/home/riki JAVA_HOME=/opt/jdk1.8.0_221 CLUTTER_IM_MODULE=xim XDG_CONFIG_DIRS=/etc/xdg/xdg-ubuntu:/usr/share/upstart/xdg:/etc/xdg XDG_DATA_DIRS=/usr/share/ubuntu:/usr/share/gnome:/usr/local/share/:/usr/share/:/var/lib/snapd/desktop LC_NUMERIC=en_GB.UTF-8 LC_PAPER=en_GB.UTF-8 JOB=dbus
CLB           -  0.0    -      -     - -        Ss   12:03   0:00 -
CLB        1788  0.0  0.0  39868   132 ?        -    12:03   0:00 upstart-dbus-bridge --daemon --system --user --bus-name system PATH=/home/riki/bin:/home/riki/.local/bin:{JAVA_HOME}/bin:/usr/local/sbin:/usr/local/bin:/usr/sbin:/usr/bin:/sbin:/bin:/usr/games:/usr/local/games:/snap/bin LC_PAPER=en_GB.UTF-8 XDG_VTNR=7 LC_ADDRESS=en_GB.UTF-8 XDG_SESSION_ID=c2 CLUTTER_IM_MODULE=xim LC_MONETARY=en_GB.UTF-8 XDG_GREETER_DATA_DIR=/var/lib/lightdm-data/CLB SHELL=/bin/bash QT_LINUX_ACCESSIBILITY_ALWAYS_ON=1 LC_NUMERIC=en_GB.UTF-8 GTK_MODULES=gail:atk-bridge:unity-gtk-module JRE_HOME=/opt/jdk1.8.0_221/jre USER=CLB QT_ACCESSIBILITY=1 LC_TELEPHONE=en_GB.UTF-8 XDG_SESSION_PATH=/org/freedesktop/DisplayManager/Session0 XDG_SEAT_PATH=/org/freedesktop/DisplayManager/Seat0 DEFAULTS_PATH=/usr/share/gconf/ubuntu.default.path XDG_CONFIG_DIRS=/etc/xdg/xdg-ubuntu:/usr/share/upstart/xdg:/etc/xdg DESKTOP_SESSION=ubuntu QT_IM_MODULE=ibus QT_QPA_PLATFORMTHEME=appmenu-qt5 LC_IDENTIFICATION=en_GB.UTF-8 PWD=/home/riki XDG_SESSION_TYPE=x11 XMODIFIERS=@im=ibus JAVA_HOME=/opt/jdk1.8.0_221 LANG=en_US.UTF-8 MANDATORY_PATH=/usr/share/gconf/ubuntu.mandatory.path GDM_LANG=en_US LC_MEASUREMENT=en_GB.UTF-8 IM_CONFIG_PHASE=1 COMPIZ_CONFIG_PROFILE=ubuntu PAPERSIZE=a4 GDMSESSION=ubuntu SESSIONTYPE=gnome-session GTK2_MODULES=overlay-scrollbar SHLVL=0 XDG_SEAT=seat0 HOME=/home/riki LANGUAGE=en_US XDG_SESSION_DESKTOP=ubuntu LOGNAME=CLB QT4_IM_MODULE=xim XDG_DATA_DIRS=/usr/share/ubuntu:/usr/share/gnome:/usr/local/share/:/usr/share/:/var/lib/snapd/desktop CLASSPATH=.:/opt/jdk1.8.0_221/lib:/opt/jdk1.8.0_221/jre/lib XDG_RUNTIME_DIR=/run/user/1000 DISPLAY=:0 GTK_IM_MODULE=ibus XDG_CURRENT_DESKTOP=Unity LC_TIME=en_GB.UTF-8 XAUTHORITY=/home/riki/.Xauthority LC_NAME=en_GB.UTF-8 DBUS_SESSION_BUS_ADDRESS=unix:abstract=/tmp/dbus-NchK5rkPgl JOB=dbus INSTANCE= UPSTART_EVENTS=started UPSTART_JOB=upstart-dbus-system-bridge UPSTART_INSTANCE= UPSTART_SESSION=unix:abstract=/com/ubuntu/upstart-session/1000/1621
CLB           -  0.0    -      -     - -        S    12:03   0:00 -
CLB        1793  0.0  0.0  39868   128 ?        -    12:03   0:00 upstart-dbus-bridge --daemon --session --user --bus-name session PATH=/home/riki/bin:/home/riki/.local/bin:{JAVA_HOME}/bin:/usr/local/sbin:/usr/local/bin:/usr/sbin:/usr/bin:/sbin:/bin:/usr/games:/usr/local/games:/snap/bin LC_PAPER=en_GB.UTF-8 XDG_VTNR=7 LC_ADDRESS=en_GB.UTF-8 XDG_SESSION_ID=c2 CLUTTER_IM_MODULE=xim LC_MONETARY=en_GB.UTF-8 XDG_GREETER_DATA_DIR=/var/lib/lightdm-data/CLB SHELL=/bin/bash QT_LINUX_ACCESSIBILITY_ALWAYS_ON=1 LC_NUMERIC=en_GB.UTF-8 GTK_MODULES=gail:atk-bridge:unity-gtk-module JRE_HOME=/opt/jdk1.8.0_221/jre USER=CLB QT_ACCESSIBILITY=1 LC_TELEPHONE=en_GB.UTF-8 XDG_SESSION_PATH=/org/freedesktop/DisplayManager/Session0 XDG_SEAT_PATH=/org/freedesktop/DisplayManager/Seat0 DEFAULTS_PATH=/usr/share/gconf/ubuntu.default.path XDG_CONFIG_DIRS=/etc/xdg/xdg-ubuntu:/usr/share/upstart/xdg:/etc/xdg DESKTOP_SESSION=ubuntu QT_IM_MODULE=ibus QT_QPA_PLATFORMTHEME=appmenu-qt5 LC_IDENTIFICATION=en_GB.UTF-8 PWD=/home/riki XDG_SESSION_TYPE=x11 XMODIFIERS=@im=ibus JAVA_HOME=/opt/jdk1.8.0_221 LANG=en_US.UTF-8 MANDATORY_PATH=/usr/share/gconf/ubuntu.mandatory.path GDM_LANG=en_US LC_MEASUREMENT=en_GB.UTF-8 IM_CONFIG_PHASE=1 COMPIZ_CONFIG_PROFILE=ubuntu PAPERSIZE=a4 GDMSESSION=ubuntu SESSIONTYPE=gnome-session GTK2_MODULES=overlay-scrollbar SHLVL=0 XDG_SEAT=seat0 HOME=/home/riki LANGUAGE=en_US XDG_SESSION_DESKTOP=ubuntu LOGNAME=CLB QT4_IM_MODULE=xim XDG_DATA_DIRS=/usr/share/ubuntu:/usr/share/gnome:/usr/local/share/:/usr/share/:/var/lib/snapd/desktop CLASSPATH=.:/opt/jdk1.8.0_221/lib:/opt/jdk1.8.0_221/jre/lib XDG_RUNTIME_DIR=/run/user/1000 DISPLAY=:0 GTK_IM_MODULE=ibus XDG_CURRENT_DESKTOP=Unity LC_TIME=en_GB.UTF-8 XAUTHORITY=/home/riki/.Xauthority LC_NAME=en_GB.UTF-8 DBUS_SESSION_BUS_ADDRESS=unix:abstract=/tmp/dbus-NchK5rkPgl JOB=dbus INSTANCE= UPSTART_EVENTS=started UPSTART_JOB=upstart-dbus-session-bridge UPSTART_INSTANCE= UPSTART_SESSION=unix:abstract=/com/ubuntu/upstart-session/1000/1621
CLB           -  0.0    -      -     - -        S    12:03   0:00 -
CLB        1795  0.0  0.0  48484   176 ?        -    12:03   0:00 upstart-file-bridge --daemon --user PATH=/home/riki/bin:/home/riki/.local/bin:{JAVA_HOME}/bin:/usr/local/sbin:/usr/local/bin:/usr/sbin:/usr/bin:/sbin:/bin:/usr/games:/usr/local/games:/snap/bin LC_PAPER=en_GB.UTF-8 XDG_VTNR=7 LC_ADDRESS=en_GB.UTF-8 XDG_SESSION_ID=c2 CLUTTER_IM_MODULE=xim LC_MONETARY=en_GB.UTF-8 XDG_GREETER_DATA_DIR=/var/lib/lightdm-data/CLB SHELL=/bin/bash QT_LINUX_ACCESSIBILITY_ALWAYS_ON=1 LC_NUMERIC=en_GB.UTF-8 GTK_MODULES=gail:atk-bridge:unity-gtk-module JRE_HOME=/opt/jdk1.8.0_221/jre USER=CLB QT_ACCESSIBILITY=1 LC_TELEPHONE=en_GB.UTF-8 XDG_SESSION_PATH=/org/freedesktop/DisplayManager/Session0 XDG_SEAT_PATH=/org/freedesktop/DisplayManager/Seat0 DEFAULTS_PATH=/usr/share/gconf/ubuntu.default.path XDG_CONFIG_DIRS=/etc/xdg/xdg-ubuntu:/usr/share/upstart/xdg:/etc/xdg DESKTOP_SESSION=ubuntu QT_IM_MODULE=ibus QT_QPA_PLATFORMTHEME=appmenu-qt5 LC_IDENTIFICATION=en_GB.UTF-8 PWD=/home/riki XDG_SESSION_TYPE=x11 XMODIFIERS=@im=ibus JAVA_HOME=/opt/jdk1.8.0_221 LANG=en_US.UTF-8 MANDATORY_PATH=/usr/share/gconf/ubuntu.mandatory.path GDM_LANG=en_US LC_MEASUREMENT=en_GB.UTF-8 IM_CONFIG_PHASE=1 COMPIZ_CONFIG_PROFILE=ubuntu PAPERSIZE=a4 GDMSESSION=ubuntu SESSIONTYPE=gnome-session GTK2_MODULES=overlay-scrollbar SHLVL=0 XDG_SEAT=seat0 HOME=/home/riki LANGUAGE=en_US XDG_SESSION_DESKTOP=ubuntu LOGNAME=CLB QT4_IM_MODULE=xim XDG_DATA_DIRS=/usr/share/ubuntu:/usr/share/gnome:/usr/local/share/:/usr/share/:/var/lib/snapd/desktop CLASSPATH=.:/opt/jdk1.8.0_221/lib:/opt/jdk1.8.0_221/jre/lib XDG_RUNTIME_DIR=/run/user/1000 DISPLAY=:0 GTK_IM_MODULE=ibus XDG_CURRENT_DESKTOP=Unity LC_TIME=en_GB.UTF-8 XAUTHORITY=/home/riki/.Xauthority LC_NAME=en_GB.UTF-8 DBUS_SESSION_BUS_ADDRESS=unix:abstract=/tmp/dbus-NchK5rkPgl JOB=dbus INSTANCE= UPSTART_EVENTS=started UPSTART_JOB=upstart-file-bridge UPSTART_INSTANCE= UPSTART_SESSION=unix:abstract=/com/ubuntu/upstart-session/1000/1621
CLB           -  0.0    -      -     - -        S    12:03   0:00 -
CLB        1804  0.0  0.1 337976  1764 ?        -    12:03   0:00 /usr/lib/at-spi2-core/at-spi-bus-launcher XDG_RUNTIME_DIR=/run/user/1000 XMODIFIERS=@im XDG_GREETER_DATA_DIR=/var/lib/lightdm-data/CLB XDG_SESSION_TYPE=x11 DBUS_SESSION_BUS_ADDRESS=unix:abstract=/tmp/dbus-NchK5rkPgl,guid=c5d51710447951946b60eaa35e819269 QT_IM_MODULE=ibus USER=CLB XAUTHORITY=/home/riki/.Xauthority DBUS_STARTER_BUS_TYPE=session LC_ADDRESS=en_GB.UTF-8 SHLVL=0 UPSTART_INSTANCE= GNOME_KEYRING_CONTROL= XDG_SESSION_DESKTOP=ubuntu DBUS_DEBUG_OUTPUT=1 SHELL=/bin/bash UPSTART_EVENTS=starting QT_ACCESSIBILITY=1 LC_NAME=en_GB.UTF-8 LC_MEASUREMENT=en_GB.UTF-8 LC_TIME=en_GB.UTF-8 LC_MONETARY=en_GB.UTF-8 INSTANCE= XDG_DATA_DIRS=/usr/share/ubuntu:/usr/share/gnome:/usr/local/share/:/usr/share/:/var/lib/snapd/desktop LANGUAGE=en_US QT4_IM_MODULE=xim IM_CONFIG_PHASE=1 JAVA_HOME=/opt/jdk1.8.0_221 GTK2_MODULES=overlay-scrollbar LC_TELEPHONE=en_GB.UTF-8 JOB=xsession-init PWD=/home/riki HOME=/home/riki DBUS_STARTER_ADDRESS=unix:abstract=/tmp/dbus-NchK5rkPgl,guid=c5d51710447951946b60eaa35e819269 CLUTTER_IM_MODULE=xim JRE_HOME=/opt/jdk1.8.0_221/jre DISPLAY=:0 SSH_AUTH_SOCK=/run/user/1000/keyring/ssh LC_PAPER=en_GB.UTF-8 LC_NUMERIC=en_GB.UTF-8 UPSTART_JOB=dbus PATH=/home/riki/bin:/home/riki/.local/bin:{JAVA_HOME}/bin:/usr/local/sbin:/usr/local/bin:/usr/sbin:/usr/bin:/sbin:/bin:/usr/games:/usr/local/games:/snap/bin XDG_VTNR=7 GTK_MODULES=gail:atk-bridge:unity-gtk-module GTK_IM_MODULE=ibus GDMSESSION=ubuntu XDG_SESSION_ID=c2 XDG_SEAT=seat0 COMPIZ_CONFIG_PROFILE=ubuntu MANDATORY_PATH=/usr/share/gconf/ubuntu.mandatory.path PAPERSIZE=a4 LANG=en_US.UTF-8 LOGNAME=CLB SESSIONTYPE=gnome-session DEFAULTS_PATH=/usr/share/gconf/ubuntu.default.path XDG_SESSION_PATH=/org/freedesktop/DisplayManager/Session0 XDG_CURRENT_DESKTOP=Unity DESKTOP_SESSION=ubuntu LC_IDENTIFICATION=en_GB.UTF-8 QT_LINUX_ACCESSIBILITY_ALWAYS_ON=1 XDG_SEAT_PATH=/org/freedesktop/DisplayManager/Seat0 GNOME_KEYRING_PID= CLASSPATH=.:/opt/jdk1.8.0_221/lib:/opt/jdk1.8.0_221/jre/lib QT_QPA_PLATFORMTHEME=appmenu-qt5 GDM_LANG=en_US UPSTART_SESSION=unix:abstract=/com/ubuntu/upstart-session/1000/1621 XDG_CONFIG_DIRS=/etc/xdg/xdg-ubuntu:/usr/share/upstart/xdg:/etc/xdg
CLB           -  0.0    -      -     - -        Sl   12:03   0:00 -
CLB           -  0.0    -      -     - -        Sl   12:03   0:00 -
CLB           -  0.0    -      -     - -        Sl   12:03   0:00 -
CLB           -  0.0    -      -     - -        Sl   12:03   0:00 -
CLB        1810  0.0  0.0  43028   288 ?        -    12:03   0:00 /usr/bin/dbus-daemon --config-file=/etc/at-spi2/accessibility.conf --nofork --print-address 3 XDG_RUNTIME_DIR=/run/user/1000 XMODIFIERS=@im XDG_GREETER_DATA_DIR=/var/lib/lightdm-data/CLB XDG_SESSION_TYPE=x11 DBUS_SESSION_BUS_ADDRESS=unix:abstract=/tmp/dbus-NchK5rkPgl,guid=c5d51710447951946b60eaa35e819269 QT_IM_MODULE=ibus USER=CLB XAUTHORITY=/home/riki/.Xauthority DBUS_STARTER_BUS_TYPE=session LC_ADDRESS=en_GB.UTF-8 SHLVL=0 UPSTART_INSTANCE= GNOME_KEYRING_CONTROL= XDG_SESSION_DESKTOP=ubuntu DBUS_DEBUG_OUTPUT=1 SHELL=/bin/bash UPSTART_EVENTS=starting QT_ACCESSIBILITY=1 LC_NAME=en_GB.UTF-8 LC_MEASUREMENT=en_GB.UTF-8 LC_TIME=en_GB.UTF-8 LC_MONETARY=en_GB.UTF-8 INSTANCE= XDG_DATA_DIRS=/usr/share/ubuntu:/usr/share/gnome:/usr/local/share/:/usr/share/:/var/lib/snapd/desktop LANGUAGE=en_US QT4_IM_MODULE=xim IM_CONFIG_PHASE=1 JAVA_HOME=/opt/jdk1.8.0_221 GTK2_MODULES=overlay-scrollbar LC_TELEPHONE=en_GB.UTF-8 JOB=xsession-init PWD=/home/riki HOME=/home/riki DBUS_STARTER_ADDRESS=unix:abstract=/tmp/dbus-NchK5rkPgl,guid=c5d51710447951946b60eaa35e819269 CLUTTER_IM_MODULE=xim JRE_HOME=/opt/jdk1.8.0_221/jre DISPLAY=:0 SSH_AUTH_SOCK=/run/user/1000/keyring/ssh LC_PAPER=en_GB.UTF-8 LC_NUMERIC=en_GB.UTF-8 UPSTART_JOB=dbus PATH=/home/riki/bin:/home/riki/.local/bin:{JAVA_HOME}/bin:/usr/local/sbin:/usr/local/bin:/usr/sbin:/usr/bin:/sbin:/bin:/usr/games:/usr/local/games:/snap/bin XDG_VTNR=7 GTK_MODULES=gail:atk-bridge:unity-gtk-module GTK_IM_MODULE=ibus GDMSESSION=ubuntu XDG_SESSION_ID=c2 XDG_SEAT=seat0 COMPIZ_CONFIG_PROFILE=ubuntu MANDATORY_PATH=/usr/share/gconf/ubuntu.mandatory.path PAPERSIZE=a4 LANG=en_US.UTF-8 LOGNAME=CLB SESSIONTYPE=gnome-session DEFAULTS_PATH=/usr/share/gconf/ubuntu.default.path XDG_SESSION_PATH=/org/freedesktop/DisplayManager/Session0 XDG_CURRENT_DESKTOP=Unity DESKTOP_SESSION=ubuntu LC_IDENTIFICATION=en_GB.UTF-8 QT_LINUX_ACCESSIBILITY_ALWAYS_ON=1 XDG_SEAT_PATH=/org/freedesktop/DisplayManager/Seat0 GNOME_KEYRING_PID= CLASSPATH=.:/opt/jdk1.8.0_221/lib:/opt/jdk1.8.0_221/jre/lib QT_QPA_PLATFORMTHEME=appmenu-qt5 GDM_LANG=en_US UPSTART_SESSION=unix:abstract=/com/ubuntu/upstart-session/1000/1621 XDG_CONFIG_DIRS=/etc/xdg/xdg-ubuntu:/usr/share/upstart/xdg:/etc/xdg
CLB           -  0.0    -      -     - -        S    12:03   0:00 -
CLB        1813  0.0  0.8 523384  8512 ?        -    12:03   0:06 /usr/lib/x86_64-linux-gnu/bamf/bamfdaemon PATH=/home/riki/bin:/home/riki/.local/bin:{JAVA_HOME}/bin:/usr/local/sbin:/usr/local/bin:/usr/sbin:/usr/bin:/sbin:/bin:/usr/games:/usr/local/games:/snap/bin LC_PAPER=en_GB.UTF-8 XDG_VTNR=7 LC_ADDRESS=en_GB.UTF-8 XDG_SESSION_ID=c2 CLUTTER_IM_MODULE=xim LC_MONETARY=en_GB.UTF-8 XDG_GREETER_DATA_DIR=/var/lib/lightdm-data/CLB SHELL=/bin/bash QT_LINUX_ACCESSIBILITY_ALWAYS_ON=1 LC_NUMERIC=en_GB.UTF-8 GTK_MODULES=gail:atk-bridge:unity-gtk-module JRE_HOME=/opt/jdk1.8.0_221/jre USER=CLB QT_ACCESSIBILITY=1 LC_TELEPHONE=en_GB.UTF-8 XDG_SESSION_PATH=/org/freedesktop/DisplayManager/Session0 XDG_SEAT_PATH=/org/freedesktop/DisplayManager/Seat0 DEFAULTS_PATH=/usr/share/gconf/ubuntu.default.path XDG_CONFIG_DIRS=/etc/xdg/xdg-ubuntu:/usr/share/upstart/xdg:/etc/xdg DESKTOP_SESSION=ubuntu QT_IM_MODULE=ibus QT_QPA_PLATFORMTHEME=appmenu-qt5 LC_IDENTIFICATION=en_GB.UTF-8 PWD=/home/riki XDG_SESSION_TYPE=x11 XMODIFIERS=@im=ibus JAVA_HOME=/opt/jdk1.8.0_221 LANG=en_US.UTF-8 MANDATORY_PATH=/usr/share/gconf/ubuntu.mandatory.path GDM_LANG=en_US LC_MEASUREMENT=en_GB.UTF-8 IM_CONFIG_PHASE=1 COMPIZ_CONFIG_PROFILE=ubuntu PAPERSIZE=a4 GDMSESSION=ubuntu SESSIONTYPE=gnome-session GTK2_MODULES=overlay-scrollbar SHLVL=0 XDG_SEAT=seat0 HOME=/home/riki LANGUAGE=en_US XDG_SESSION_DESKTOP=ubuntu LOGNAME=CLB QT4_IM_MODULE=xim XDG_DATA_DIRS=/usr/share/ubuntu:/usr/share/gnome:/usr/local/share/:/usr/share/:/var/lib/snapd/desktop CLASSPATH=.:/opt/jdk1.8.0_221/lib:/opt/jdk1.8.0_221/jre/lib XDG_RUNTIME_DIR=/run/user/1000 DISPLAY=:0 GTK_IM_MODULE=ibus XDG_CURRENT_DESKTOP=Unity LC_TIME=en_GB.UTF-8 XAUTHORITY=/home/riki/.Xauthority LC_NAME=en_GB.UTF-8 DBUS_SESSION_BUS_ADDRESS=unix:abstract=/tmp/dbus-NchK5rkPgl SSH_AUTH_SOCK=/run/user/1000/keyring/ssh GNOME_KEYRING_CONTROL= GNOME_KEYRING_PID= UPSTART_JOB=bamfdaemon UPSTART_INSTANCE= UPSTART_SESSION=unix:abstract=/com/ubuntu/upstart-session/1000/1621
CLB           -  0.0    -      -     - -        Ssl  12:03   0:05 -
CLB           -  0.0    -      -     - -        Ssl  12:03   0:00 -
CLB           -  0.0    -      -     - -        Ssl  12:03   0:00 -
CLB           -  0.0    -      -     - -        Ssl  12:03   0:00 -
CLB        1817  0.0  0.0 206976    60 ?        -    12:03   0:00 /usr/lib/at-spi2-core/at-spi2-registryd --use-gnome-session XDG_RUNTIME_DIR=/run/user/1000 XMODIFIERS=@im XDG_GREETER_DATA_DIR=/var/lib/lightdm-data/CLB XDG_SESSION_TYPE=x11 DBUS_SESSION_BUS_ADDRESS=unix:abstract=/tmp/dbus-NchK5rkPgl,guid=c5d51710447951946b60eaa35e819269 XAUTHORITY=/home/riki/.Xauthority USER=CLB QT_IM_MODULE=ibus LC_ADDRESS=en_GB.UTF-8 DBUS_STARTER_BUS_TYPE=accessibility UPSTART_INSTANCE= SHLVL=0 GNOME_KEYRING_CONTROL= XDG_SESSION_DESKTOP=ubuntu DBUS_DEBUG_OUTPUT=1 SHELL=/bin/bash UPSTART_EVENTS=starting QT_ACCESSIBILITY=1 LC_NAME=en_GB.UTF-8 LC_MEASUREMENT=en_GB.UTF-8 LC_TIME=en_GB.UTF-8 LC_MONETARY=en_GB.UTF-8 INSTANCE= XDG_DATA_DIRS=/usr/share/ubuntu:/usr/share/gnome:/usr/local/share/:/usr/share/:/var/lib/snapd/desktop LANGUAGE=en_US QT4_IM_MODULE=xim IM_CONFIG_PHASE=1 JAVA_HOME=/opt/jdk1.8.0_221 GTK2_MODULES=overlay-scrollbar LC_TELEPHONE=en_GB.UTF-8 JOB=xsession-init PWD=/home/riki HOME=/home/riki DBUS_STARTER_ADDRESS=unix:abstract=/tmp/dbus-k1Ps78xZbr,guid=c4cb3099b3364d7da5e106455e819269 CLUTTER_IM_MODULE=xim JRE_HOME=/opt/jdk1.8.0_221/jre DISPLAY=:0 SSH_AUTH_SOCK=/run/user/1000/keyring/ssh LC_PAPER=en_GB.UTF-8 LC_NUMERIC=en_GB.UTF-8 UPSTART_JOB=dbus PATH=/home/riki/bin:/home/riki/.local/bin:{JAVA_HOME}/bin:/usr/local/sbin:/usr/local/bin:/usr/sbin:/usr/bin:/sbin:/bin:/usr/games:/usr/local/games:/snap/bin XDG_VTNR=7 GTK_MODULES=gail:atk-bridge:unity-gtk-module GTK_IM_MODULE=ibus GDMSESSION=ubuntu XDG_SESSION_ID=c2 XDG_SEAT=seat0 MANDATORY_PATH=/usr/share/gconf/ubuntu.mandatory.path COMPIZ_CONFIG_PROFILE=ubuntu PAPERSIZE=a4 LANG=en_US.UTF-8 LOGNAME=CLB SESSIONTYPE=gnome-session XDG_CURRENT_DESKTOP=Unity XDG_SESSION_PATH=/org/freedesktop/DisplayManager/Session0 DEFAULTS_PATH=/usr/share/gconf/ubuntu.default.path DESKTOP_SESSION=ubuntu LC_IDENTIFICATION=en_GB.UTF-8 QT_LINUX_ACCESSIBILITY_ALWAYS_ON=1 XDG_SEAT_PATH=/org/freedesktop/DisplayManager/Seat0 GNOME_KEYRING_PID= GDM_LANG=en_US QT_QPA_PLATFORMTHEME=appmenu-qt5 CLASSPATH=.:/opt/jdk1.8.0_221/lib:/opt/jdk1.8.0_221/jre/lib UPSTART_SESSION=unix:abstract=/com/ubuntu/upstart-session/1000/1621 XDG_CONFIG_DIRS=/etc/xdg/xdg-ubuntu:/usr/share/upstart/xdg:/etc/xdg
CLB           -  0.0    -      -     - -        Sl   12:03   0:00 -
CLB           -  0.0    -      -     - -        Sl   12:03   0:00 -
CLB           -  0.0    -      -     - -        Sl   12:03   0:00 -
CLB        1824  0.0  0.0 195592   232 ?        -    12:03   0:01 /usr/lib/ibus/ibus-engine-simple USER=CLB LANGUAGE=en_US LC_TIME=en_GB.UTF-8 UPSTART_INSTANCE= XDG_SEAT=seat0 TEXTDOMAIN=im-config XDG_SESSION_TYPE=x11 COMPIZ_CONFIG_PROFILE=ubuntu SHLVL=0 HOME=/home/riki QT4_IM_MODULE=xim JRE_HOME=/opt/jdk1.8.0_221/jre DESKTOP_SESSION=ubuntu QT_LINUX_ACCESSIBILITY_ALWAYS_ON=1 GTK_MODULES=gail:atk-bridge:unity-gtk-module XDG_SEAT_PATH=/org/freedesktop/DisplayManager/Seat0 LC_MONETARY=en_GB.UTF-8 INSTANCE= DBUS_SESSION_BUS_ADDRESS=unix:abstract=/tmp/dbus-NchK5rkPgl QT_QPA_PLATFORMTHEME=appmenu-qt5 MANDATORY_PATH=/usr/share/gconf/ubuntu.mandatory.path IM_CONFIG_PHASE=2 SESSIONTYPE=gnome-session UPSTART_JOB=im-config LOGNAME=CLB GTK_IM_MODULE=ibus DEFAULTS_PATH=/usr/share/gconf/ubuntu.default.path XDG_SESSION_ID=c2 GTK2_MODULES=overlay-scrollbar PATH=/home/riki/bin:/home/riki/.local/bin:{JAVA_HOME}/bin:/usr/local/sbin:/usr/local/bin:/usr/sbin:/usr/bin:/sbin:/bin:/usr/games:/usr/local/games:/snap/bin GDM_LANG=en_US PAPERSIZE=a4 LC_ADDRESS=en_GB.UTF-8 XDG_SESSION_PATH=/org/freedesktop/DisplayManager/Session0 XDG_RUNTIME_DIR=/run/user/1000 DISPLAY=:0 LC_TELEPHONE=en_GB.UTF-8 LANG=en_US.UTF-8 XDG_CURRENT_DESKTOP=Unity XMODIFIERS=@im=ibus XDG_SESSION_DESKTOP=ubuntu XAUTHORITY=/home/riki/.Xauthority XDG_GREETER_DATA_DIR=/var/lib/lightdm-data/CLB SHELL=/bin/bash LC_NAME=en_GB.UTF-8 QT_ACCESSIBILITY=1 GDMSESSION=ubuntu LC_MEASUREMENT=en_GB.UTF-8 UPSTART_EVENTS=starting started LC_IDENTIFICATION=en_GB.UTF-8 CLASSPATH=.:/opt/jdk1.8.0_221/lib:/opt/jdk1.8.0_221/jre/lib UPSTART_SESSION=unix:abstract=/com/ubuntu/upstart-session/1000/1621 TEXTDOMAINDIR=/usr/share/locale/ XDG_VTNR=7 QT_IM_MODULE=ibus PWD=/home/riki JAVA_HOME=/opt/jdk1.8.0_221 CLUTTER_IM_MODULE=xim XDG_CONFIG_DIRS=/etc/xdg/xdg-ubuntu:/usr/share/upstart/xdg:/etc/xdg XDG_DATA_DIRS=/usr/share/ubuntu:/usr/share/gnome:/usr/local/share/:/usr/share/:/var/lib/snapd/desktop LC_NUMERIC=en_GB.UTF-8 LC_PAPER=en_GB.UTF-8 JOB=dbus
CLB           -  0.0    -      -     - -        Sl   12:03   0:00 -
CLB           -  0.0    -      -     - -        Sl   12:03   0:00 -
CLB           -  0.0    -      -     - -        Sl   12:03   0:01 -
CLB        1852  0.0  2.0 662356 19976 ?        -    12:03   0:05 /usr/lib/x86_64-linux-gnu/hud/hud-service PATH=/home/riki/bin:/home/riki/.local/bin:{JAVA_HOME}/bin:/usr/local/sbin:/usr/local/bin:/usr/sbin:/usr/bin:/sbin:/bin:/usr/games:/usr/local/games:/snap/bin LC_PAPER=en_GB.UTF-8 XDG_VTNR=7 LC_ADDRESS=en_GB.UTF-8 XDG_SESSION_ID=c2 CLUTTER_IM_MODULE=xim LC_MONETARY=en_GB.UTF-8 XDG_GREETER_DATA_DIR=/var/lib/lightdm-data/CLB SHELL=/bin/bash QT_LINUX_ACCESSIBILITY_ALWAYS_ON=1 LC_NUMERIC=en_GB.UTF-8 GTK_MODULES=gail:atk-bridge:unity-gtk-module JRE_HOME=/opt/jdk1.8.0_221/jre USER=CLB QT_ACCESSIBILITY=1 LC_TELEPHONE=en_GB.UTF-8 XDG_SESSION_PATH=/org/freedesktop/DisplayManager/Session0 XDG_SEAT_PATH=/org/freedesktop/DisplayManager/Seat0 DEFAULTS_PATH=/usr/share/gconf/ubuntu.default.path XDG_CONFIG_DIRS=/etc/xdg/xdg-ubuntu:/usr/share/upstart/xdg:/etc/xdg DESKTOP_SESSION=ubuntu QT_IM_MODULE=ibus QT_QPA_PLATFORMTHEME=appmenu-qt5 LC_IDENTIFICATION=en_GB.UTF-8 PWD=/home/riki XDG_SESSION_TYPE=x11 XMODIFIERS=@im=ibus JAVA_HOME=/opt/jdk1.8.0_221 LANG=en_US.UTF-8 MANDATORY_PATH=/usr/share/gconf/ubuntu.mandatory.path GDM_LANG=en_US LC_MEASUREMENT=en_GB.UTF-8 IM_CONFIG_PHASE=1 COMPIZ_CONFIG_PROFILE=ubuntu PAPERSIZE=a4 GDMSESSION=ubuntu SESSIONTYPE=gnome-session GTK2_MODULES=overlay-scrollbar SHLVL=0 XDG_SEAT=seat0 HOME=/home/riki LANGUAGE=en_US XDG_SESSION_DESKTOP=ubuntu LOGNAME=CLB QT4_IM_MODULE=xim XDG_DATA_DIRS=/usr/share/ubuntu:/usr/share/gnome:/usr/local/share/:/usr/share/:/var/lib/snapd/desktop CLASSPATH=.:/opt/jdk1.8.0_221/lib:/opt/jdk1.8.0_221/jre/lib XDG_RUNTIME_DIR=/run/user/1000 DISPLAY=:0 GTK_IM_MODULE=ibus XDG_CURRENT_DESKTOP=Unity LC_TIME=en_GB.UTF-8 XAUTHORITY=/home/riki/.Xauthority LC_NAME=en_GB.UTF-8 DBUS_SESSION_BUS_ADDRESS=unix:abstract=/tmp/dbus-NchK5rkPgl SSH_AUTH_SOCK=/run/user/1000/keyring/ssh GNOME_KEYRING_CONTROL= GNOME_KEYRING_PID= GPG_AGENT_INFO=/home/riki/.gnupg/S.gpg-agent:0:1 GNOME_DESKTOP_SESSION_ID=this-is-deprecated JOB=dbus INSTANCE= SESSION=ubuntu UPSTART_EVENTS=started xsession UPSTART_JOB=hud UPSTART_INSTANCE= UPSTART_SESSION=unix:abstract=/com/ubuntu/upstart-session/1000/1621
CLB           -  0.0    -      -     - -        Ssl  12:03   0:04 -
CLB           -  0.0    -      -     - -        Ssl  12:03   0:00 -
CLB           -  0.0    -      -     - -        Ssl  12:03   0:00 -
CLB           -  0.0    -      -     - -        Ssl  12:03   0:00 -
CLB        1854  0.0  0.8 836920  8100 ?        -    12:03   0:01 /usr/lib/unity-settings-daemon/unity-settings-daemon PATH=/home/riki/bin:/home/riki/.local/bin:{JAVA_HOME}/bin:/usr/local/sbin:/usr/local/bin:/usr/sbin:/usr/bin:/sbin:/bin:/usr/games:/usr/local/games:/snap/bin LC_PAPER=en_GB.UTF-8 XDG_VTNR=7 LC_ADDRESS=en_GB.UTF-8 XDG_SESSION_ID=c2 CLUTTER_IM_MODULE=xim LC_MONETARY=en_GB.UTF-8 XDG_GREETER_DATA_DIR=/var/lib/lightdm-data/CLB SHELL=/bin/bash QT_LINUX_ACCESSIBILITY_ALWAYS_ON=1 LC_NUMERIC=en_GB.UTF-8 GTK_MODULES=gail:atk-bridge:unity-gtk-module JRE_HOME=/opt/jdk1.8.0_221/jre USER=CLB QT_ACCESSIBILITY=1 LC_TELEPHONE=en_GB.UTF-8 XDG_SESSION_PATH=/org/freedesktop/DisplayManager/Session0 XDG_SEAT_PATH=/org/freedesktop/DisplayManager/Seat0 DEFAULTS_PATH=/usr/share/gconf/ubuntu.default.path XDG_CONFIG_DIRS=/etc/xdg/xdg-ubuntu:/usr/share/upstart/xdg:/etc/xdg DESKTOP_SESSION=ubuntu QT_IM_MODULE=ibus QT_QPA_PLATFORMTHEME=appmenu-qt5 LC_IDENTIFICATION=en_GB.UTF-8 PWD=/home/riki XDG_SESSION_TYPE=x11 XMODIFIERS=@im=ibus JAVA_HOME=/opt/jdk1.8.0_221 LANG=en_US.UTF-8 MANDATORY_PATH=/usr/share/gconf/ubuntu.mandatory.path GDM_LANG=en_US LC_MEASUREMENT=en_GB.UTF-8 IM_CONFIG_PHASE=1 COMPIZ_CONFIG_PROFILE=ubuntu PAPERSIZE=a4 GDMSESSION=ubuntu SESSIONTYPE=gnome-session GTK2_MODULES=overlay-scrollbar SHLVL=0 XDG_SEAT=seat0 HOME=/home/riki LANGUAGE=en_US XDG_SESSION_DESKTOP=ubuntu LOGNAME=CLB QT4_IM_MODULE=xim XDG_DATA_DIRS=/usr/share/ubuntu:/usr/share/gnome:/usr/local/share/:/usr/share/:/var/lib/snapd/desktop CLASSPATH=.:/opt/jdk1.8.0_221/lib:/opt/jdk1.8.0_221/jre/lib XDG_RUNTIME_DIR=/run/user/1000 DISPLAY=:0 GTK_IM_MODULE=ibus XDG_CURRENT_DESKTOP=Unity LC_TIME=en_GB.UTF-8 XAUTHORITY=/home/riki/.Xauthority LC_NAME=en_GB.UTF-8 DBUS_SESSION_BUS_ADDRESS=unix:abstract=/tmp/dbus-NchK5rkPgl SSH_AUTH_SOCK=/run/user/1000/keyring/ssh GNOME_KEYRING_CONTROL= GNOME_KEYRING_PID= GPG_AGENT_INFO=/home/riki/.gnupg/S.gpg-agent:0:1 GNOME_DESKTOP_SESSION_ID=this-is-deprecated JOB=gnome-session INSTANCE=Unity UPSTART_EVENTS=started starting UPSTART_JOB=unity-settings-daemon UPSTART_INSTANCE= UPSTART_SESSION=unix:abstract=/com/ubuntu/upstart-session/1000/1621
CLB           -  0.0    -      -     - -        Ssl  12:03   0:01 -
CLB           -  0.0    -      -     - -        Ssl  12:03   0:00 -
CLB           -  0.0    -      -     - -        Ssl  12:03   0:00 -
CLB           -  0.0    -      -     - -        Ssl  12:03   0:00 -
CLB        1861  0.0  0.1 559656  1940 ?        -    12:03   0:00 /usr/lib/gnome-session/gnome-session-binary --session=ubuntu GNOME_KEYRING_PID= USER=CLB LANGUAGE=en_US LC_TIME=en_GB.UTF-8 XDG_SEAT=seat0 XDG_SESSION_TYPE=x11 COMPIZ_CONFIG_PROFILE=ubuntu SESSION=ubuntu SHLVL=0 HOME=/home/riki QT4_IM_MODULE=xim JRE_HOME=/opt/jdk1.8.0_221/jre DESKTOP_SESSION=ubuntu QT_LINUX_ACCESSIBILITY_ALWAYS_ON=1 GTK_MODULES=gail:atk-bridge:unity-gtk-module XDG_SEAT_PATH=/org/freedesktop/DisplayManager/Seat0 LC_MONETARY=en_GB.UTF-8 INSTANCE= DBUS_SESSION_BUS_ADDRESS=unix:abstract=/tmp/dbus-NchK5rkPgl GNOME_KEYRING_CONTROL= QT_QPA_PLATFORMTHEME=appmenu-qt5 MANDATORY_PATH=/usr/share/gconf/ubuntu.mandatory.path IM_CONFIG_PHASE=1 SESSIONTYPE=gnome-session LOGNAME=CLB GTK_IM_MODULE=ibus DEFAULTS_PATH=/usr/share/gconf/ubuntu.default.path XDG_SESSION_ID=c2 GNOME_DESKTOP_SESSION_ID=this-is-deprecated GTK2_MODULES=overlay-scrollbar PATH=/home/riki/bin:/home/riki/.local/bin:{JAVA_HOME}/bin:/usr/local/sbin:/usr/local/bin:/usr/sbin:/usr/bin:/sbin:/bin:/usr/games:/usr/local/games:/snap/bin GDM_LANG=en_US PAPERSIZE=a4 LC_ADDRESS=en_GB.UTF-8 XDG_SESSION_PATH=/org/freedesktop/DisplayManager/Session0 XDG_RUNTIME_DIR=/run/user/1000 DISPLAY=:0 LC_TELEPHONE=en_GB.UTF-8 LANG=en_US.UTF-8 XDG_CURRENT_DESKTOP=Unity XMODIFIERS=@im=ibus XDG_SESSION_DESKTOP=ubuntu XAUTHORITY=/home/riki/.Xauthority XDG_GREETER_DATA_DIR=/var/lib/lightdm-data/CLB SSH_AUTH_SOCK=/run/user/1000/keyring/ssh SHELL=/bin/bash LC_NAME=en_GB.UTF-8 QT_ACCESSIBILITY=1 GDMSESSION=ubuntu LC_MEASUREMENT=en_GB.UTF-8 LC_IDENTIFICATION=en_GB.UTF-8 CLASSPATH=.:/opt/jdk1.8.0_221/lib:/opt/jdk1.8.0_221/jre/lib GPG_AGENT_INFO=/home/riki/.gnupg/S.gpg-agent:0:1 UPSTART_SESSION=unix:abstract=/com/ubuntu/upstart-session/1000/1621 XDG_VTNR=7 QT_IM_MODULE=ibus PWD=/home/riki JAVA_HOME=/opt/jdk1.8.0_221 CLUTTER_IM_MODULE=xim XDG_CONFIG_DIRS=/etc/xdg/xdg-ubuntu:/usr/share/upstart/xdg:/etc/xdg XDG_DATA_DIRS=/usr/share/ubuntu:/usr/share/gnome:/usr/local/share/:/usr/share/:/var/lib/snapd/desktop LC_NUMERIC=en_GB.UTF-8 LC_PAPER=en_GB.UTF-8 JOB=dbus
CLB           -  0.0    -      -     - -        Ssl  12:03   0:00 -
CLB           -  0.0    -      -     - -        Ssl  12:03   0:00 -
CLB           -  0.0    -      -     - -        Ssl  12:03   0:00 -
CLB           -  0.0    -      -     - -        Ssl  12:03   0:00 -
CLB        1867  0.0  1.5 564416 15352 ?        -    12:03   0:05 /usr/lib/x86_64-linux-gnu/unity/unity-panel-service PATH=/home/riki/bin:/home/riki/.local/bin:{JAVA_HOME}/bin:/usr/local/sbin:/usr/local/bin:/usr/sbin:/usr/bin:/sbin:/bin:/usr/games:/usr/local/games:/snap/bin LC_PAPER=en_GB.UTF-8 XDG_VTNR=7 LC_ADDRESS=en_GB.UTF-8 XDG_SESSION_ID=c2 CLUTTER_IM_MODULE=xim LC_MONETARY=en_GB.UTF-8 XDG_GREETER_DATA_DIR=/var/lib/lightdm-data/CLB SHELL=/bin/bash QT_LINUX_ACCESSIBILITY_ALWAYS_ON=1 LC_NUMERIC=en_GB.UTF-8 GTK_MODULES=gail:atk-bridge:unity-gtk-module JRE_HOME=/opt/jdk1.8.0_221/jre USER=CLB QT_ACCESSIBILITY=1 LC_TELEPHONE=en_GB.UTF-8 XDG_SESSION_PATH=/org/freedesktop/DisplayManager/Session0 XDG_SEAT_PATH=/org/freedesktop/DisplayManager/Seat0 DEFAULTS_PATH=/usr/share/gconf/ubuntu.default.path XDG_CONFIG_DIRS=/etc/xdg/xdg-ubuntu:/usr/share/upstart/xdg:/etc/xdg DESKTOP_SESSION=ubuntu QT_IM_MODULE=ibus QT_QPA_PLATFORMTHEME=appmenu-qt5 LC_IDENTIFICATION=en_GB.UTF-8 PWD=/home/riki XDG_SESSION_TYPE=x11 XMODIFIERS=@im=ibus JAVA_HOME=/opt/jdk1.8.0_221 LANG=en_US.UTF-8 MANDATORY_PATH=/usr/share/gconf/ubuntu.mandatory.path GDM_LANG=en_US LC_MEASUREMENT=en_GB.UTF-8 IM_CONFIG_PHASE=1 COMPIZ_CONFIG_PROFILE=ubuntu PAPERSIZE=a4 GDMSESSION=ubuntu SESSIONTYPE=gnome-session GTK2_MODULES=overlay-scrollbar SHLVL=0 XDG_SEAT=seat0 HOME=/home/riki LANGUAGE=en_US XDG_SESSION_DESKTOP=ubuntu LOGNAME=CLB QT4_IM_MODULE=xim XDG_DATA_DIRS=/usr/share/ubuntu:/usr/share/gnome:/usr/local/share/:/usr/share/:/var/lib/snapd/desktop CLASSPATH=.:/opt/jdk1.8.0_221/lib:/opt/jdk1.8.0_221/jre/lib XDG_RUNTIME_DIR=/run/user/1000 DISPLAY=:0 GTK_IM_MODULE=ibus XDG_CURRENT_DESKTOP=Unity LC_TIME=en_GB.UTF-8 XAUTHORITY=/home/riki/.Xauthority LC_NAME=en_GB.UTF-8 DBUS_SESSION_BUS_ADDRESS=unix:abstract=/tmp/dbus-NchK5rkPgl SSH_AUTH_SOCK=/run/user/1000/keyring/ssh GNOME_KEYRING_CONTROL= GNOME_KEYRING_PID= GPG_AGENT_INFO=/home/riki/.gnupg/S.gpg-agent:0:1 GNOME_DESKTOP_SESSION_ID=this-is-deprecated UPSTART_EVENTS=desktop-start UPSTART_JOB=unity-panel-service UPSTART_INSTANCE= UPSTART_SESSION=unix:abstract=/com/ubuntu/upstart-session/1000/1621
CLB           -  0.0    -      -     - -        Ssl  12:03   0:03 -
CLB           -  0.0    -      -     - -        Ssl  12:03   0:00 -
CLB           -  0.0    -      -     - -        Ssl  12:03   0:00 -
CLB           -  0.0    -      -     - -        Ssl  12:03   0:01 -
CLB        1877  0.8  3.4 1107804 34580 ?       -    12:03   2:18 compiz PATH=/home/riki/bin:/home/riki/.local/bin:{JAVA_HOME}/bin:/usr/local/sbin:/usr/local/bin:/usr/sbin:/usr/bin:/sbin:/bin:/usr/games:/usr/local/games:/snap/bin LC_PAPER=en_GB.UTF-8 XDG_VTNR=7 LC_ADDRESS=en_GB.UTF-8 XDG_SESSION_ID=c2 CLUTTER_IM_MODULE=xim LC_MONETARY=en_GB.UTF-8 XDG_GREETER_DATA_DIR=/var/lib/lightdm-data/CLB SHELL=/bin/bash QT_LINUX_ACCESSIBILITY_ALWAYS_ON=1 LC_NUMERIC=en_GB.UTF-8 GTK_MODULES=gail:atk-bridge:unity-gtk-module JRE_HOME=/opt/jdk1.8.0_221/jre USER=CLB QT_ACCESSIBILITY=1 LC_TELEPHONE=en_GB.UTF-8 XDG_SESSION_PATH=/org/freedesktop/DisplayManager/Session0 XDG_SEAT_PATH=/org/freedesktop/DisplayManager/Seat0 DEFAULTS_PATH=/usr/share/gconf/ubuntu.default.path XDG_CONFIG_DIRS=/etc/xdg/xdg-ubuntu:/usr/share/upstart/xdg:/etc/xdg DESKTOP_SESSION=ubuntu QT_IM_MODULE=ibus QT_QPA_PLATFORMTHEME=appmenu-qt5 LC_IDENTIFICATION=en_GB.UTF-8 PWD=/home/riki XDG_SESSION_TYPE=x11 XMODIFIERS=@im=ibus JAVA_HOME=/opt/jdk1.8.0_221 LANG=en_US.UTF-8 MANDATORY_PATH=/usr/share/gconf/ubuntu.mandatory.path GDM_LANG=en_US LC_MEASUREMENT=en_GB.UTF-8 IM_CONFIG_PHASE=1 COMPIZ_CONFIG_PROFILE=ubuntu PAPERSIZE=a4 GDMSESSION=ubuntu SESSIONTYPE=gnome-session GTK2_MODULES=overlay-scrollbar SHLVL=0 XDG_SEAT=seat0 HOME=/home/riki LANGUAGE=en_US XDG_SESSION_DESKTOP=ubuntu LOGNAME=CLB QT4_IM_MODULE=xim XDG_DATA_DIRS=/usr/share/ubuntu:/usr/share/gnome:/usr/local/share/:/usr/share/:/var/lib/snapd/desktop CLASSPATH=.:/opt/jdk1.8.0_221/lib:/opt/jdk1.8.0_221/jre/lib XDG_RUNTIME_DIR=/run/user/1000 DISPLAY=:0 GTK_IM_MODULE=ibus XDG_CURRENT_DESKTOP=Unity LC_TIME=en_GB.UTF-8 XAUTHORITY=/home/riki/.Xauthority LC_NAME=en_GB.UTF-8 DBUS_SESSION_BUS_ADDRESS=unix:abstract=/tmp/dbus-NchK5rkPgl SSH_AUTH_SOCK=/run/user/1000/keyring/ssh GNOME_KEYRING_CONTROL= GNOME_KEYRING_PID= GPG_AGENT_INFO=/home/riki/.gnupg/S.gpg-agent:0:1 GNOME_DESKTOP_SESSION_ID=this-is-deprecated SESSION=ubuntu JOB=unity-settings-daemon INSTANCE= UPSTART_EVENTS=xsession started UPSTART_JOB=unity7 UPSTART_INSTANCE= UPSTART_SESSION=unix:abstract=/com/ubuntu/upstart-session/1000/1621
CLB           -  0.8    -      -     - -        Rsl  12:03   2:17 -
CLB           -  0.0    -      -     - -        Ssl  12:03   0:00 -
CLB           -  0.0    -      -     - -        Ssl  12:03   0:00 -
CLB           -  0.0    -      -     - -        Ssl  12:03   0:01 -
CLB           -  0.0    -      -     - -        Ssl  12:22   0:00 -
CLB           -  0.0    -      -     - -        Ssl  12:22   0:00 -
CLB        1894  0.0  0.2 178772  2584 ?        -    12:03   0:00 /usr/lib/dconf/dconf-service XDG_RUNTIME_DIR=/run/user/1000 XMODIFIERS=@im XDG_GREETER_DATA_DIR=/var/lib/lightdm-data/CLB XDG_SESSION_TYPE=x11 DBUS_SESSION_BUS_ADDRESS=unix:abstract=/tmp/dbus-NchK5rkPgl,guid=c5d51710447951946b60eaa35e819269 QT_IM_MODULE=ibus USER=CLB XAUTHORITY=/home/riki/.Xauthority DBUS_STARTER_BUS_TYPE=session LC_ADDRESS=en_GB.UTF-8 SHLVL=0 UPSTART_INSTANCE= GNOME_KEYRING_CONTROL= XDG_SESSION_DESKTOP=ubuntu DBUS_DEBUG_OUTPUT=1 SHELL=/bin/bash UPSTART_EVENTS=starting QT_ACCESSIBILITY=1 LC_NAME=en_GB.UTF-8 LC_MEASUREMENT=en_GB.UTF-8 LC_TIME=en_GB.UTF-8 LC_MONETARY=en_GB.UTF-8 INSTANCE= XDG_DATA_DIRS=/usr/share/ubuntu:/usr/share/gnome:/usr/local/share/:/usr/share/:/var/lib/snapd/desktop LANGUAGE=en_US QT4_IM_MODULE=xim IM_CONFIG_PHASE=1 JAVA_HOME=/opt/jdk1.8.0_221 GTK2_MODULES=overlay-scrollbar LC_TELEPHONE=en_GB.UTF-8 JOB=xsession-init PWD=/home/riki HOME=/home/riki DBUS_STARTER_ADDRESS=unix:abstract=/tmp/dbus-NchK5rkPgl,guid=c5d51710447951946b60eaa35e819269 CLUTTER_IM_MODULE=xim JRE_HOME=/opt/jdk1.8.0_221/jre DISPLAY=:0 SSH_AUTH_SOCK=/run/user/1000/keyring/ssh LC_PAPER=en_GB.UTF-8 LC_NUMERIC=en_GB.UTF-8 UPSTART_JOB=dbus PATH=/home/riki/bin:/home/riki/.local/bin:{JAVA_HOME}/bin:/usr/local/sbin:/usr/local/bin:/usr/sbin:/usr/bin:/sbin:/bin:/usr/games:/usr/local/games:/snap/bin GNOME_DESKTOP_SESSION_ID=this-is-deprecated XDG_VTNR=7 GTK_MODULES=gail:atk-bridge:unity-gtk-module GTK_IM_MODULE=ibus GDMSESSION=ubuntu XDG_SESSION_ID=c2 GPG_AGENT_INFO=/home/riki/.gnupg/S.gpg-agent:0:1 XDG_SEAT=seat0 COMPIZ_CONFIG_PROFILE=ubuntu MANDATORY_PATH=/usr/share/gconf/ubuntu.mandatory.path PAPERSIZE=a4 LANG=en_US.UTF-8 LOGNAME=CLB SESSIONTYPE=gnome-session DEFAULTS_PATH=/usr/share/gconf/ubuntu.default.path XDG_SESSION_PATH=/org/freedesktop/DisplayManager/Session0 XDG_CURRENT_DESKTOP=Unity DESKTOP_SESSION=ubuntu LC_IDENTIFICATION=en_GB.UTF-8 QT_LINUX_ACCESSIBILITY_ALWAYS_ON=1 XDG_SEAT_PATH=/org/freedesktop/DisplayManager/Seat0 GNOME_KEYRING_PID= CLASSPATH=.:/opt/jdk1.8.0_221/lib:/opt/jdk1.8.0_221/jre/lib QT_QPA_PLATFORMTHEME=appmenu-qt5 GDM_LANG=en_US UPSTART_SESSION=unix:abstract=/com/ubuntu/upstart-session/1000/1621 XDG_CONFIG_DIRS=/etc/xdg/xdg-ubuntu:/usr/share/upstart/xdg:/etc/xdg
CLB           -  0.0    -      -     - -        Sl   12:03   0:00 -
CLB           -  0.0    -      -     - -        Sl   12:03   0:00 -
CLB           -  0.0    -      -     - -        Sl   12:03   0:00 -
CLB        1898  0.0  0.0 351608   236 ?        -    12:03   0:00 /usr/lib/x86_64-linux-gnu/indicator-messages/indicator-messages-service PATH=/home/riki/bin:/home/riki/.local/bin:{JAVA_HOME}/bin:/usr/local/sbin:/usr/local/bin:/usr/sbin:/usr/bin:/sbin:/bin:/usr/games:/usr/local/games:/snap/bin LC_PAPER=en_GB.UTF-8 XDG_VTNR=7 LC_ADDRESS=en_GB.UTF-8 XDG_SESSION_ID=c2 CLUTTER_IM_MODULE=xim LC_MONETARY=en_GB.UTF-8 XDG_GREETER_DATA_DIR=/var/lib/lightdm-data/CLB SHELL=/bin/bash QT_LINUX_ACCESSIBILITY_ALWAYS_ON=1 LC_NUMERIC=en_GB.UTF-8 GTK_MODULES=gail:atk-bridge:unity-gtk-module JRE_HOME=/opt/jdk1.8.0_221/jre USER=CLB QT_ACCESSIBILITY=1 LC_TELEPHONE=en_GB.UTF-8 XDG_SESSION_PATH=/org/freedesktop/DisplayManager/Session0 XDG_SEAT_PATH=/org/freedesktop/DisplayManager/Seat0 DEFAULTS_PATH=/usr/share/gconf/ubuntu.default.path XDG_CONFIG_DIRS=/etc/xdg/xdg-ubuntu:/usr/share/upstart/xdg:/etc/xdg DESKTOP_SESSION=ubuntu QT_IM_MODULE=ibus QT_QPA_PLATFORMTHEME=appmenu-qt5 LC_IDENTIFICATION=en_GB.UTF-8 PWD=/home/riki XDG_SESSION_TYPE=x11 XMODIFIERS=@im=ibus JAVA_HOME=/opt/jdk1.8.0_221 LANG=en_US.UTF-8 MANDATORY_PATH=/usr/share/gconf/ubuntu.mandatory.path GDM_LANG=en_US LC_MEASUREMENT=en_GB.UTF-8 IM_CONFIG_PHASE=1 COMPIZ_CONFIG_PROFILE=ubuntu PAPERSIZE=a4 GDMSESSION=ubuntu SESSIONTYPE=gnome-session GTK2_MODULES=overlay-scrollbar SHLVL=0 XDG_SEAT=seat0 HOME=/home/riki LANGUAGE=en_US XDG_SESSION_DESKTOP=ubuntu LOGNAME=CLB QT4_IM_MODULE=xim XDG_DATA_DIRS=/usr/share/ubuntu:/usr/share/gnome:/usr/local/share/:/usr/share/:/var/lib/snapd/desktop CLASSPATH=.:/opt/jdk1.8.0_221/lib:/opt/jdk1.8.0_221/jre/lib XDG_RUNTIME_DIR=/run/user/1000 DISPLAY=:0 GTK_IM_MODULE=ibus XDG_CURRENT_DESKTOP=Unity LC_TIME=en_GB.UTF-8 XAUTHORITY=/home/riki/.Xauthority LC_NAME=en_GB.UTF-8 DBUS_SESSION_BUS_ADDRESS=unix:abstract=/tmp/dbus-NchK5rkPgl SSH_AUTH_SOCK=/run/user/1000/keyring/ssh GNOME_KEYRING_CONTROL= GNOME_KEYRING_PID= GPG_AGENT_INFO=/home/riki/.gnupg/S.gpg-agent:0:1 GNOME_DESKTOP_SESSION_ID=this-is-deprecated UPSTART_EVENTS=indicator-services-start UPSTART_JOB=indicator-messages UPSTART_INSTANCE= UPSTART_SESSION=unix:abstract=/com/ubuntu/upstart-session/1000/1621
CLB           -  0.0    -      -     - -        Ssl  12:03   0:00 -
CLB           -  0.0    -      -     - -        Ssl  12:03   0:00 -
CLB           -  0.0    -      -     - -        Ssl  12:03   0:00 -
CLB           -  0.0    -      -     - -        Ssl  12:03   0:00 -
CLB        1899  0.0  0.1 340588  1820 ?        -    12:03   0:00 /usr/lib/x86_64-linux-gnu/indicator-bluetooth/indicator-bluetooth-service PATH=/home/riki/bin:/home/riki/.local/bin:{JAVA_HOME}/bin:/usr/local/sbin:/usr/local/bin:/usr/sbin:/usr/bin:/sbin:/bin:/usr/games:/usr/local/games:/snap/bin LC_PAPER=en_GB.UTF-8 XDG_VTNR=7 LC_ADDRESS=en_GB.UTF-8 XDG_SESSION_ID=c2 CLUTTER_IM_MODULE=xim LC_MONETARY=en_GB.UTF-8 XDG_GREETER_DATA_DIR=/var/lib/lightdm-data/CLB SHELL=/bin/bash QT_LINUX_ACCESSIBILITY_ALWAYS_ON=1 LC_NUMERIC=en_GB.UTF-8 GTK_MODULES=gail:atk-bridge:unity-gtk-module JRE_HOME=/opt/jdk1.8.0_221/jre USER=CLB QT_ACCESSIBILITY=1 LC_TELEPHONE=en_GB.UTF-8 XDG_SESSION_PATH=/org/freedesktop/DisplayManager/Session0 XDG_SEAT_PATH=/org/freedesktop/DisplayManager/Seat0 DEFAULTS_PATH=/usr/share/gconf/ubuntu.default.path XDG_CONFIG_DIRS=/etc/xdg/xdg-ubuntu:/usr/share/upstart/xdg:/etc/xdg DESKTOP_SESSION=ubuntu QT_IM_MODULE=ibus QT_QPA_PLATFORMTHEME=appmenu-qt5 LC_IDENTIFICATION=en_GB.UTF-8 PWD=/home/riki XDG_SESSION_TYPE=x11 XMODIFIERS=@im=ibus JAVA_HOME=/opt/jdk1.8.0_221 LANG=en_US.UTF-8 MANDATORY_PATH=/usr/share/gconf/ubuntu.mandatory.path GDM_LANG=en_US LC_MEASUREMENT=en_GB.UTF-8 IM_CONFIG_PHASE=1 COMPIZ_CONFIG_PROFILE=ubuntu PAPERSIZE=a4 GDMSESSION=ubuntu SESSIONTYPE=gnome-session GTK2_MODULES=overlay-scrollbar SHLVL=0 XDG_SEAT=seat0 HOME=/home/riki LANGUAGE=en_US XDG_SESSION_DESKTOP=ubuntu LOGNAME=CLB QT4_IM_MODULE=xim XDG_DATA_DIRS=/usr/share/ubuntu:/usr/share/gnome:/usr/local/share/:/usr/share/:/var/lib/snapd/desktop CLASSPATH=.:/opt/jdk1.8.0_221/lib:/opt/jdk1.8.0_221/jre/lib XDG_RUNTIME_DIR=/run/user/1000 DISPLAY=:0 GTK_IM_MODULE=ibus XDG_CURRENT_DESKTOP=Unity LC_TIME=en_GB.UTF-8 XAUTHORITY=/home/riki/.Xauthority LC_NAME=en_GB.UTF-8 DBUS_SESSION_BUS_ADDRESS=unix:abstract=/tmp/dbus-NchK5rkPgl SSH_AUTH_SOCK=/run/user/1000/keyring/ssh GNOME_KEYRING_CONTROL= GNOME_KEYRING_PID= GPG_AGENT_INFO=/home/riki/.gnupg/S.gpg-agent:0:1 GNOME_DESKTOP_SESSION_ID=this-is-deprecated UPSTART_EVENTS=indicator-services-start UPSTART_JOB=indicator-bluetooth UPSTART_INSTANCE= UPSTART_SESSION=unix:abstract=/com/ubuntu/upstart-session/1000/1621
CLB           -  0.0    -      -     - -        Ssl  12:03   0:00 -
CLB           -  0.0    -      -     - -        Ssl  12:03   0:00 -
CLB           -  0.0    -      -     - -        Ssl  12:03   0:00 -
CLB           -  0.0    -      -     - -        Ssl  12:03   0:00 -
CLB        1904  0.0  0.0 575232   212 ?        -    12:03   0:00 /usr/lib/x86_64-linux-gnu/indicator-power/indicator-power-service PATH=/home/riki/bin:/home/riki/.local/bin:{JAVA_HOME}/bin:/usr/local/sbin:/usr/local/bin:/usr/sbin:/usr/bin:/sbin:/bin:/usr/games:/usr/local/games:/snap/bin LC_PAPER=en_GB.UTF-8 XDG_VTNR=7 LC_ADDRESS=en_GB.UTF-8 XDG_SESSION_ID=c2 CLUTTER_IM_MODULE=xim LC_MONETARY=en_GB.UTF-8 XDG_GREETER_DATA_DIR=/var/lib/lightdm-data/CLB SHELL=/bin/bash QT_LINUX_ACCESSIBILITY_ALWAYS_ON=1 LC_NUMERIC=en_GB.UTF-8 GTK_MODULES=gail:atk-bridge:unity-gtk-module JRE_HOME=/opt/jdk1.8.0_221/jre USER=CLB QT_ACCESSIBILITY=1 LC_TELEPHONE=en_GB.UTF-8 XDG_SESSION_PATH=/org/freedesktop/DisplayManager/Session0 XDG_SEAT_PATH=/org/freedesktop/DisplayManager/Seat0 DEFAULTS_PATH=/usr/share/gconf/ubuntu.default.path XDG_CONFIG_DIRS=/etc/xdg/xdg-ubuntu:/usr/share/upstart/xdg:/etc/xdg DESKTOP_SESSION=ubuntu QT_IM_MODULE=ibus QT_QPA_PLATFORMTHEME=appmenu-qt5 LC_IDENTIFICATION=en_GB.UTF-8 PWD=/home/riki XDG_SESSION_TYPE=x11 XMODIFIERS=@im=ibus JAVA_HOME=/opt/jdk1.8.0_221 LANG=en_US.UTF-8 MANDATORY_PATH=/usr/share/gconf/ubuntu.mandatory.path GDM_LANG=en_US LC_MEASUREMENT=en_GB.UTF-8 IM_CONFIG_PHASE=1 COMPIZ_CONFIG_PROFILE=ubuntu PAPERSIZE=a4 GDMSESSION=ubuntu SESSIONTYPE=gnome-session GTK2_MODULES=overlay-scrollbar SHLVL=0 XDG_SEAT=seat0 HOME=/home/riki LANGUAGE=en_US XDG_SESSION_DESKTOP=ubuntu LOGNAME=CLB QT4_IM_MODULE=xim XDG_DATA_DIRS=/usr/share/ubuntu:/usr/share/gnome:/usr/local/share/:/usr/share/:/var/lib/snapd/desktop CLASSPATH=.:/opt/jdk1.8.0_221/lib:/opt/jdk1.8.0_221/jre/lib XDG_RUNTIME_DIR=/run/user/1000 DISPLAY=:0 GTK_IM_MODULE=ibus XDG_CURRENT_DESKTOP=Unity LC_TIME=en_GB.UTF-8 XAUTHORITY=/home/riki/.Xauthority LC_NAME=en_GB.UTF-8 DBUS_SESSION_BUS_ADDRESS=unix:abstract=/tmp/dbus-NchK5rkPgl SSH_AUTH_SOCK=/run/user/1000/keyring/ssh GNOME_KEYRING_CONTROL= GNOME_KEYRING_PID= GPG_AGENT_INFO=/home/riki/.gnupg/S.gpg-agent:0:1 GNOME_DESKTOP_SESSION_ID=this-is-deprecated UPSTART_EVENTS=indicator-services-start UPSTART_JOB=indicator-power UPSTART_INSTANCE= UPSTART_SESSION=unix:abstract=/com/ubuntu/upstart-session/1000/1621
CLB           -  0.0    -      -     - -        Ssl  12:03   0:00 -
CLB           -  0.0    -      -     - -        Ssl  12:03   0:00 -
CLB           -  0.0    -      -     - -        Ssl  12:03   0:00 -
CLB           -  0.0    -      -     - -        Ssl  12:03   0:00 -
CLB        1905  0.0  0.4 1240180 4024 ?        -    12:03   0:00 /usr/lib/x86_64-linux-gnu/indicator-datetime/indicator-datetime-service PATH=/home/riki/bin:/home/riki/.local/bin:{JAVA_HOME}/bin:/usr/local/sbin:/usr/local/bin:/usr/sbin:/usr/bin:/sbin:/bin:/usr/games:/usr/local/games:/snap/bin LC_PAPER=en_GB.UTF-8 XDG_VTNR=7 LC_ADDRESS=en_GB.UTF-8 XDG_SESSION_ID=c2 CLUTTER_IM_MODULE=xim LC_MONETARY=en_GB.UTF-8 XDG_GREETER_DATA_DIR=/var/lib/lightdm-data/CLB SHELL=/bin/bash QT_LINUX_ACCESSIBILITY_ALWAYS_ON=1 LC_NUMERIC=en_GB.UTF-8 GTK_MODULES=gail:atk-bridge:unity-gtk-module JRE_HOME=/opt/jdk1.8.0_221/jre USER=CLB QT_ACCESSIBILITY=1 LC_TELEPHONE=en_GB.UTF-8 XDG_SESSION_PATH=/org/freedesktop/DisplayManager/Session0 XDG_SEAT_PATH=/org/freedesktop/DisplayManager/Seat0 DEFAULTS_PATH=/usr/share/gconf/ubuntu.default.path XDG_CONFIG_DIRS=/etc/xdg/xdg-ubuntu:/usr/share/upstart/xdg:/etc/xdg DESKTOP_SESSION=ubuntu QT_IM_MODULE=ibus QT_QPA_PLATFORMTHEME=appmenu-qt5 LC_IDENTIFICATION=en_GB.UTF-8 PWD=/home/riki XDG_SESSION_TYPE=x11 XMODIFIERS=@im=ibus JAVA_HOME=/opt/jdk1.8.0_221 LANG=en_US.UTF-8 MANDATORY_PATH=/usr/share/gconf/ubuntu.mandatory.path GDM_LANG=en_US LC_MEASUREMENT=en_GB.UTF-8 IM_CONFIG_PHASE=1 COMPIZ_CONFIG_PROFILE=ubuntu PAPERSIZE=a4 GDMSESSION=ubuntu SESSIONTYPE=gnome-session GTK2_MODULES=overlay-scrollbar SHLVL=0 XDG_SEAT=seat0 HOME=/home/riki LANGUAGE=en_US XDG_SESSION_DESKTOP=ubuntu LOGNAME=CLB QT4_IM_MODULE=xim XDG_DATA_DIRS=/usr/share/ubuntu:/usr/share/gnome:/usr/local/share/:/usr/share/:/var/lib/snapd/desktop CLASSPATH=.:/opt/jdk1.8.0_221/lib:/opt/jdk1.8.0_221/jre/lib XDG_RUNTIME_DIR=/run/user/1000 DISPLAY=:0 GTK_IM_MODULE=ibus XDG_CURRENT_DESKTOP=Unity LC_TIME=en_GB.UTF-8 XAUTHORITY=/home/riki/.Xauthority LC_NAME=en_GB.UTF-8 DBUS_SESSION_BUS_ADDRESS=unix:abstract=/tmp/dbus-NchK5rkPgl SSH_AUTH_SOCK=/run/user/1000/keyring/ssh GNOME_KEYRING_CONTROL= GNOME_KEYRING_PID= GPG_AGENT_INFO=/home/riki/.gnupg/S.gpg-agent:0:1 GNOME_DESKTOP_SESSION_ID=this-is-deprecated UPSTART_EVENTS=indicator-services-start UPSTART_JOB=indicator-datetime UPSTART_INSTANCE= UPSTART_SESSION=unix:abstract=/com/ubuntu/upstart-session/1000/1621
CLB           -  0.0    -      -     - -        Ssl  12:03   0:00 -
CLB           -  0.0    -      -     - -        Ssl  12:03   0:00 -
CLB           -  0.0    -      -     - -        Ssl  12:03   0:00 -
CLB           -  0.0    -      -     - -        Ssl  12:03   0:00 -
CLB           -  0.0    -      -     - -        Ssl  12:03   0:00 -
CLB           -  0.0    -      -     - -        Ssl  12:03   0:00 -
CLB        1908  0.0  0.4 655308  4272 ?        -    12:03   0:00 /usr/lib/x86_64-linux-gnu/indicator-keyboard/indicator-keyboard-service --use-gtk PATH=/home/riki/bin:/home/riki/.local/bin:{JAVA_HOME}/bin:/usr/local/sbin:/usr/local/bin:/usr/sbin:/usr/bin:/sbin:/bin:/usr/games:/usr/local/games:/snap/bin LC_PAPER=en_GB.UTF-8 XDG_VTNR=7 LC_ADDRESS=en_GB.UTF-8 XDG_SESSION_ID=c2 CLUTTER_IM_MODULE=xim LC_MONETARY=en_GB.UTF-8 XDG_GREETER_DATA_DIR=/var/lib/lightdm-data/CLB SHELL=/bin/bash QT_LINUX_ACCESSIBILITY_ALWAYS_ON=1 LC_NUMERIC=en_GB.UTF-8 GTK_MODULES=gail:atk-bridge:unity-gtk-module JRE_HOME=/opt/jdk1.8.0_221/jre USER=CLB QT_ACCESSIBILITY=1 LC_TELEPHONE=en_GB.UTF-8 XDG_SESSION_PATH=/org/freedesktop/DisplayManager/Session0 XDG_SEAT_PATH=/org/freedesktop/DisplayManager/Seat0 DEFAULTS_PATH=/usr/share/gconf/ubuntu.default.path XDG_CONFIG_DIRS=/etc/xdg/xdg-ubuntu:/usr/share/upstart/xdg:/etc/xdg DESKTOP_SESSION=ubuntu QT_IM_MODULE=ibus QT_QPA_PLATFORMTHEME=appmenu-qt5 LC_IDENTIFICATION=en_GB.UTF-8 PWD=/home/riki XDG_SESSION_TYPE=x11 XMODIFIERS=@im=ibus JAVA_HOME=/opt/jdk1.8.0_221 LANG=en_US.UTF-8 MANDATORY_PATH=/usr/share/gconf/ubuntu.mandatory.path GDM_LANG=en_US LC_MEASUREMENT=en_GB.UTF-8 IM_CONFIG_PHASE=1 COMPIZ_CONFIG_PROFILE=ubuntu PAPERSIZE=a4 GDMSESSION=ubuntu SESSIONTYPE=gnome-session GTK2_MODULES=overlay-scrollbar SHLVL=0 XDG_SEAT=seat0 HOME=/home/riki LANGUAGE=en_US XDG_SESSION_DESKTOP=ubuntu LOGNAME=CLB QT4_IM_MODULE=xim XDG_DATA_DIRS=/usr/share/ubuntu:/usr/share/gnome:/usr/local/share/:/usr/share/:/var/lib/snapd/desktop CLASSPATH=.:/opt/jdk1.8.0_221/lib:/opt/jdk1.8.0_221/jre/lib XDG_RUNTIME_DIR=/run/user/1000 DISPLAY=:0 GTK_IM_MODULE=ibus XDG_CURRENT_DESKTOP=Unity LC_TIME=en_GB.UTF-8 XAUTHORITY=/home/riki/.Xauthority LC_NAME=en_GB.UTF-8 DBUS_SESSION_BUS_ADDRESS=unix:abstract=/tmp/dbus-NchK5rkPgl SSH_AUTH_SOCK=/run/user/1000/keyring/ssh GNOME_KEYRING_CONTROL= GNOME_KEYRING_PID= GPG_AGENT_INFO=/home/riki/.gnupg/S.gpg-agent:0:1 GNOME_DESKTOP_SESSION_ID=this-is-deprecated UPSTART_EVENTS=indicator-services-start UPSTART_JOB=indicator-keyboard UPSTART_INSTANCE= UPSTART_SESSION=unix:abstract=/com/ubuntu/upstart-session/1000/1621
CLB           -  0.0    -      -     - -        Ssl  12:03   0:00 -
CLB           -  0.0    -      -     - -        Ssl  12:03   0:00 -
CLB           -  0.0    -      -     - -        Ssl  12:03   0:00 -
CLB           -  0.0    -      -     - -        Ssl  12:03   0:00 -
CLB        1910  0.0  0.0 670344     0 ?        -    12:03   0:00 /usr/lib/x86_64-linux-gnu/indicator-sound/indicator-sound-service PATH=/home/riki/bin:/home/riki/.local/bin:{JAVA_HOME}/bin:/usr/local/sbin:/usr/local/bin:/usr/sbin:/usr/bin:/sbin:/bin:/usr/games:/usr/local/games:/snap/bin LC_PAPER=en_GB.UTF-8 XDG_VTNR=7 LC_ADDRESS=en_GB.UTF-8 XDG_SESSION_ID=c2 CLUTTER_IM_MODULE=xim LC_MONETARY=en_GB.UTF-8 XDG_GREETER_DATA_DIR=/var/lib/lightdm-data/CLB SHELL=/bin/bash QT_LINUX_ACCESSIBILITY_ALWAYS_ON=1 LC_NUMERIC=en_GB.UTF-8 GTK_MODULES=gail:atk-bridge:unity-gtk-module JRE_HOME=/opt/jdk1.8.0_221/jre USER=CLB QT_ACCESSIBILITY=1 LC_TELEPHONE=en_GB.UTF-8 XDG_SESSION_PATH=/org/freedesktop/DisplayManager/Session0 XDG_SEAT_PATH=/org/freedesktop/DisplayManager/Seat0 DEFAULTS_PATH=/usr/share/gconf/ubuntu.default.path XDG_CONFIG_DIRS=/etc/xdg/xdg-ubuntu:/usr/share/upstart/xdg:/etc/xdg DESKTOP_SESSION=ubuntu QT_IM_MODULE=ibus QT_QPA_PLATFORMTHEME=appmenu-qt5 LC_IDENTIFICATION=en_GB.UTF-8 PWD=/home/riki XDG_SESSION_TYPE=x11 XMODIFIERS=@im=ibus JAVA_HOME=/opt/jdk1.8.0_221 LANG=en_US.UTF-8 MANDATORY_PATH=/usr/share/gconf/ubuntu.mandatory.path GDM_LANG=en_US LC_MEASUREMENT=en_GB.UTF-8 IM_CONFIG_PHASE=1 COMPIZ_CONFIG_PROFILE=ubuntu PAPERSIZE=a4 GDMSESSION=ubuntu SESSIONTYPE=gnome-session GTK2_MODULES=overlay-scrollbar SHLVL=0 XDG_SEAT=seat0 HOME=/home/riki LANGUAGE=en_US XDG_SESSION_DESKTOP=ubuntu LOGNAME=CLB QT4_IM_MODULE=xim XDG_DATA_DIRS=/usr/share/ubuntu:/usr/share/gnome:/usr/local/share/:/usr/share/:/var/lib/snapd/desktop CLASSPATH=.:/opt/jdk1.8.0_221/lib:/opt/jdk1.8.0_221/jre/lib XDG_RUNTIME_DIR=/run/user/1000 DISPLAY=:0 GTK_IM_MODULE=ibus XDG_CURRENT_DESKTOP=Unity LC_TIME=en_GB.UTF-8 XAUTHORITY=/home/riki/.Xauthority LC_NAME=en_GB.UTF-8 DBUS_SESSION_BUS_ADDRESS=unix:abstract=/tmp/dbus-NchK5rkPgl SSH_AUTH_SOCK=/run/user/1000/keyring/ssh GNOME_KEYRING_CONTROL= GNOME_KEYRING_PID= GPG_AGENT_INFO=/home/riki/.gnupg/S.gpg-agent:0:1 GNOME_DESKTOP_SESSION_ID=this-is-deprecated UPSTART_EVENTS=indicator-services-start UPSTART_JOB=indicator-sound UPSTART_INSTANCE= UPSTART_SESSION=unix:abstract=/com/ubuntu/upstart-session/1000/1621
CLB           -  0.0    -      -     - -        Ssl  12:03   0:00 -
CLB           -  0.0    -      -     - -        Ssl  12:03   0:00 -
CLB           -  0.0    -      -     - -        Ssl  12:03   0:00 -
CLB           -  0.0    -      -     - -        Ssl  12:03   0:00 -
CLB        1911  0.0  0.2 547020  2808 ?        -    12:03   0:00 /usr/lib/x86_64-linux-gnu/indicator-printers/indicator-printers-service PATH=/home/riki/bin:/home/riki/.local/bin:{JAVA_HOME}/bin:/usr/local/sbin:/usr/local/bin:/usr/sbin:/usr/bin:/sbin:/bin:/usr/games:/usr/local/games:/snap/bin LC_PAPER=en_GB.UTF-8 XDG_VTNR=7 LC_ADDRESS=en_GB.UTF-8 XDG_SESSION_ID=c2 CLUTTER_IM_MODULE=xim LC_MONETARY=en_GB.UTF-8 XDG_GREETER_DATA_DIR=/var/lib/lightdm-data/CLB SHELL=/bin/bash QT_LINUX_ACCESSIBILITY_ALWAYS_ON=1 LC_NUMERIC=en_GB.UTF-8 GTK_MODULES=gail:atk-bridge:unity-gtk-module JRE_HOME=/opt/jdk1.8.0_221/jre USER=CLB QT_ACCESSIBILITY=1 LC_TELEPHONE=en_GB.UTF-8 XDG_SESSION_PATH=/org/freedesktop/DisplayManager/Session0 XDG_SEAT_PATH=/org/freedesktop/DisplayManager/Seat0 DEFAULTS_PATH=/usr/share/gconf/ubuntu.default.path XDG_CONFIG_DIRS=/etc/xdg/xdg-ubuntu:/usr/share/upstart/xdg:/etc/xdg DESKTOP_SESSION=ubuntu QT_IM_MODULE=ibus QT_QPA_PLATFORMTHEME=appmenu-qt5 LC_IDENTIFICATION=en_GB.UTF-8 PWD=/home/riki XDG_SESSION_TYPE=x11 XMODIFIERS=@im=ibus JAVA_HOME=/opt/jdk1.8.0_221 LANG=en_US.UTF-8 MANDATORY_PATH=/usr/share/gconf/ubuntu.mandatory.path GDM_LANG=en_US LC_MEASUREMENT=en_GB.UTF-8 IM_CONFIG_PHASE=1 COMPIZ_CONFIG_PROFILE=ubuntu PAPERSIZE=a4 GDMSESSION=ubuntu SESSIONTYPE=gnome-session GTK2_MODULES=overlay-scrollbar SHLVL=0 XDG_SEAT=seat0 HOME=/home/riki LANGUAGE=en_US XDG_SESSION_DESKTOP=ubuntu LOGNAME=CLB QT4_IM_MODULE=xim XDG_DATA_DIRS=/usr/share/ubuntu:/usr/share/gnome:/usr/local/share/:/usr/share/:/var/lib/snapd/desktop CLASSPATH=.:/opt/jdk1.8.0_221/lib:/opt/jdk1.8.0_221/jre/lib XDG_RUNTIME_DIR=/run/user/1000 DISPLAY=:0 GTK_IM_MODULE=ibus XDG_CURRENT_DESKTOP=Unity LC_TIME=en_GB.UTF-8 XAUTHORITY=/home/riki/.Xauthority LC_NAME=en_GB.UTF-8 DBUS_SESSION_BUS_ADDRESS=unix:abstract=/tmp/dbus-NchK5rkPgl SSH_AUTH_SOCK=/run/user/1000/keyring/ssh GNOME_KEYRING_CONTROL= GNOME_KEYRING_PID= GPG_AGENT_INFO=/home/riki/.gnupg/S.gpg-agent:0:1 GNOME_DESKTOP_SESSION_ID=this-is-deprecated SESSION=ubuntu UPSTART_EVENTS=indicator-services-start xsession UPSTART_JOB=indicator-printers UPSTART_INSTANCE= UPSTART_SESSION=unix:abstract=/com/ubuntu/upstart-session/1000/1621
CLB           -  0.0    -      -     - -        Ssl  12:03   0:00 -
CLB           -  0.0    -      -     - -        Ssl  12:03   0:00 -
CLB           -  0.0    -      -     - -        Ssl  12:03   0:00 -
CLB           -  0.0    -      -     - -        Ssl  12:03   0:00 -
CLB        1913  0.0  0.0 959944     0 ?        -    12:03   0:00 /usr/lib/x86_64-linux-gnu/indicator-session/indicator-session-service PATH=/home/riki/bin:/home/riki/.local/bin:{JAVA_HOME}/bin:/usr/local/sbin:/usr/local/bin:/usr/sbin:/usr/bin:/sbin:/bin:/usr/games:/usr/local/games:/snap/bin LC_PAPER=en_GB.UTF-8 XDG_VTNR=7 LC_ADDRESS=en_GB.UTF-8 XDG_SESSION_ID=c2 CLUTTER_IM_MODULE=xim LC_MONETARY=en_GB.UTF-8 XDG_GREETER_DATA_DIR=/var/lib/lightdm-data/CLB SHELL=/bin/bash QT_LINUX_ACCESSIBILITY_ALWAYS_ON=1 LC_NUMERIC=en_GB.UTF-8 GTK_MODULES=gail:atk-bridge:unity-gtk-module JRE_HOME=/opt/jdk1.8.0_221/jre USER=CLB QT_ACCESSIBILITY=1 LC_TELEPHONE=en_GB.UTF-8 XDG_SESSION_PATH=/org/freedesktop/DisplayManager/Session0 XDG_SEAT_PATH=/org/freedesktop/DisplayManager/Seat0 DEFAULTS_PATH=/usr/share/gconf/ubuntu.default.path XDG_CONFIG_DIRS=/etc/xdg/xdg-ubuntu:/usr/share/upstart/xdg:/etc/xdg DESKTOP_SESSION=ubuntu QT_IM_MODULE=ibus QT_QPA_PLATFORMTHEME=appmenu-qt5 LC_IDENTIFICATION=en_GB.UTF-8 PWD=/home/riki XDG_SESSION_TYPE=x11 XMODIFIERS=@im=ibus JAVA_HOME=/opt/jdk1.8.0_221 LANG=en_US.UTF-8 MANDATORY_PATH=/usr/share/gconf/ubuntu.mandatory.path GDM_LANG=en_US LC_MEASUREMENT=en_GB.UTF-8 IM_CONFIG_PHASE=1 COMPIZ_CONFIG_PROFILE=ubuntu PAPERSIZE=a4 GDMSESSION=ubuntu SESSIONTYPE=gnome-session GTK2_MODULES=overlay-scrollbar SHLVL=0 XDG_SEAT=seat0 HOME=/home/riki LANGUAGE=en_US XDG_SESSION_DESKTOP=ubuntu LOGNAME=CLB QT4_IM_MODULE=xim XDG_DATA_DIRS=/usr/share/ubuntu:/usr/share/gnome:/usr/local/share/:/usr/share/:/var/lib/snapd/desktop CLASSPATH=.:/opt/jdk1.8.0_221/lib:/opt/jdk1.8.0_221/jre/lib XDG_RUNTIME_DIR=/run/user/1000 DISPLAY=:0 GTK_IM_MODULE=ibus XDG_CURRENT_DESKTOP=Unity LC_TIME=en_GB.UTF-8 XAUTHORITY=/home/riki/.Xauthority LC_NAME=en_GB.UTF-8 DBUS_SESSION_BUS_ADDRESS=unix:abstract=/tmp/dbus-NchK5rkPgl SSH_AUTH_SOCK=/run/user/1000/keyring/ssh GNOME_KEYRING_CONTROL= GNOME_KEYRING_PID= GPG_AGENT_INFO=/home/riki/.gnupg/S.gpg-agent:0:1 GNOME_DESKTOP_SESSION_ID=this-is-deprecated UPSTART_EVENTS=indicator-services-start UPSTART_JOB=indicator-session UPSTART_INSTANCE= UPSTART_SESSION=unix:abstract=/com/ubuntu/upstart-session/1000/1621
CLB           -  0.0    -      -     - -        Ssl  12:03   0:00 -
CLB           -  0.0    -      -     - -        Ssl  12:03   0:00 -
CLB           -  0.0    -      -     - -        Ssl  12:03   0:00 -
CLB           -  0.0    -      -     - -        Ssl  12:03   0:00 -
CLB        1943  0.0  0.3 395944  3536 ?        -    12:03   0:00 /usr/lib/x86_64-linux-gnu/indicator-application/indicator-application-service PATH=/home/riki/bin:/home/riki/.local/bin:{JAVA_HOME}/bin:/usr/local/sbin:/usr/local/bin:/usr/sbin:/usr/bin:/sbin:/bin:/usr/games:/usr/local/games:/snap/bin LC_PAPER=en_GB.UTF-8 XDG_VTNR=7 LC_ADDRESS=en_GB.UTF-8 XDG_SESSION_ID=c2 CLUTTER_IM_MODULE=xim LC_MONETARY=en_GB.UTF-8 XDG_GREETER_DATA_DIR=/var/lib/lightdm-data/CLB SHELL=/bin/bash QT_LINUX_ACCESSIBILITY_ALWAYS_ON=1 LC_NUMERIC=en_GB.UTF-8 GTK_MODULES=gail:atk-bridge:unity-gtk-module JRE_HOME=/opt/jdk1.8.0_221/jre USER=CLB QT_ACCESSIBILITY=1 LC_TELEPHONE=en_GB.UTF-8 XDG_SESSION_PATH=/org/freedesktop/DisplayManager/Session0 XDG_SEAT_PATH=/org/freedesktop/DisplayManager/Seat0 DEFAULTS_PATH=/usr/share/gconf/ubuntu.default.path XDG_CONFIG_DIRS=/etc/xdg/xdg-ubuntu:/usr/share/upstart/xdg:/etc/xdg DESKTOP_SESSION=ubuntu QT_IM_MODULE=ibus QT_QPA_PLATFORMTHEME=appmenu-qt5 LC_IDENTIFICATION=en_GB.UTF-8 PWD=/home/riki XDG_SESSION_TYPE=x11 XMODIFIERS=@im=ibus JAVA_HOME=/opt/jdk1.8.0_221 LANG=en_US.UTF-8 MANDATORY_PATH=/usr/share/gconf/ubuntu.mandatory.path GDM_LANG=en_US LC_MEASUREMENT=en_GB.UTF-8 IM_CONFIG_PHASE=1 COMPIZ_CONFIG_PROFILE=ubuntu PAPERSIZE=a4 GDMSESSION=ubuntu SESSIONTYPE=gnome-session GTK2_MODULES=overlay-scrollbar SHLVL=0 XDG_SEAT=seat0 HOME=/home/riki LANGUAGE=en_US XDG_SESSION_DESKTOP=ubuntu LOGNAME=CLB QT4_IM_MODULE=xim XDG_DATA_DIRS=/usr/share/ubuntu:/usr/share/gnome:/usr/local/share/:/usr/share/:/var/lib/snapd/desktop CLASSPATH=.:/opt/jdk1.8.0_221/lib:/opt/jdk1.8.0_221/jre/lib XDG_RUNTIME_DIR=/run/user/1000 DISPLAY=:0 GTK_IM_MODULE=ibus XDG_CURRENT_DESKTOP=Unity LC_TIME=en_GB.UTF-8 XAUTHORITY=/home/riki/.Xauthority LC_NAME=en_GB.UTF-8 DBUS_SESSION_BUS_ADDRESS=unix:abstract=/tmp/dbus-NchK5rkPgl SSH_AUTH_SOCK=/run/user/1000/keyring/ssh GNOME_KEYRING_CONTROL= GNOME_KEYRING_PID= GPG_AGENT_INFO=/home/riki/.gnupg/S.gpg-agent:0:1 GNOME_DESKTOP_SESSION_ID=this-is-deprecated UPSTART_EVENTS=indicator-services-start UPSTART_JOB=indicator-application UPSTART_INSTANCE= UPSTART_SESSION=unix:abstract=/com/ubuntu/upstart-session/1000/1621
CLB           -  0.0    -      -     - -        Ssl  12:03   0:00 -
CLB           -  0.0    -      -     - -        Ssl  12:03   0:00 -
CLB           -  0.0    -      -     - -        Ssl  12:03   0:00 -
CLB        1954  0.0  0.0 1177260   72 ?        -    12:03   0:00 /usr/lib/evolution/evolution-source-registry XDG_RUNTIME_DIR=/run/user/1000 XMODIFIERS=@im XDG_GREETER_DATA_DIR=/var/lib/lightdm-data/CLB XDG_SESSION_TYPE=x11 DBUS_SESSION_BUS_ADDRESS=unix:abstract=/tmp/dbus-NchK5rkPgl,guid=c5d51710447951946b60eaa35e819269 QT_IM_MODULE=ibus USER=CLB XAUTHORITY=/home/riki/.Xauthority DBUS_STARTER_BUS_TYPE=session LC_ADDRESS=en_GB.UTF-8 SHLVL=0 UPSTART_INSTANCE= XDG_MENU_PREFIX=gnome- GNOME_KEYRING_CONTROL= XDG_SESSION_DESKTOP=ubuntu DBUS_DEBUG_OUTPUT=1 SHELL=/bin/bash UPSTART_EVENTS=starting QT_ACCESSIBILITY=1 LC_NAME=en_GB.UTF-8 LC_MEASUREMENT=en_GB.UTF-8 LC_TIME=en_GB.UTF-8 LC_MONETARY=en_GB.UTF-8 INSTANCE= XDG_DATA_DIRS=/usr/share/ubuntu:/usr/share/gnome:/usr/local/share/:/usr/share/:/var/lib/snapd/desktop LANGUAGE=en_US QT4_IM_MODULE=xim IM_CONFIG_PHASE=1 JAVA_HOME=/opt/jdk1.8.0_221 GTK2_MODULES=overlay-scrollbar LC_TELEPHONE=en_GB.UTF-8 JOB=xsession-init PWD=/home/riki HOME=/home/riki DBUS_STARTER_ADDRESS=unix:abstract=/tmp/dbus-NchK5rkPgl,guid=c5d51710447951946b60eaa35e819269 CLUTTER_IM_MODULE=xim JRE_HOME=/opt/jdk1.8.0_221/jre DISPLAY=:0 SSH_AUTH_SOCK=/run/user/1000/keyring/ssh LC_PAPER=en_GB.UTF-8 LC_NUMERIC=en_GB.UTF-8 UPSTART_JOB=dbus PATH=/home/riki/bin:/home/riki/.local/bin:{JAVA_HOME}/bin:/usr/local/sbin:/usr/local/bin:/usr/sbin:/usr/bin:/sbin:/bin:/usr/games:/usr/local/games:/snap/bin GNOME_DESKTOP_SESSION_ID=this-is-deprecated XDG_VTNR=7 GTK_MODULES=gail:atk-bridge:unity-gtk-module GTK_IM_MODULE=ibus GDMSESSION=ubuntu XDG_SESSION_ID=c2 GPG_AGENT_INFO=/home/riki/.gnupg/S.gpg-agent:0:1 XDG_SEAT=seat0 COMPIZ_CONFIG_PROFILE=ubuntu MANDATORY_PATH=/usr/share/gconf/ubuntu.mandatory.path PAPERSIZE=a4 LANG=en_US.UTF-8 LOGNAME=CLB SESSIONTYPE=gnome-session DEFAULTS_PATH=/usr/share/gconf/ubuntu.default.path XDG_SESSION_PATH=/org/freedesktop/DisplayManager/Session0 XDG_CURRENT_DESKTOP=Unity DESKTOP_SESSION=ubuntu LC_IDENTIFICATION=en_GB.UTF-8 QT_LINUX_ACCESSIBILITY_ALWAYS_ON=1 XDG_SEAT_PATH=/org/freedesktop/DisplayManager/Seat0 GNOME_KEYRING_PID= CLASSPATH=.:/opt/jdk1.8.0_221/lib:/opt/jdk1.8.0_221/jre/lib QT_QPA_PLATFORMTHEME=appmenu-qt5 GDM_LANG=en_US UPSTART_SESSION=unix:abstract=/com/ubuntu/upstart-session/1000/1621 XDG_CONFIG_DIRS=/etc/xdg/xdg-ubuntu:/usr/share/upstart/xdg:/etc/xdg
CLB           -  0.0    -      -     - -        Sl   12:03   0:00 -
CLB           -  0.0    -      -     - -        Sl   12:03   0:00 -
CLB           -  0.0    -      -     - -        Sl   12:03   0:00 -
CLB           -  0.0    -      -     - -        Sl   12:03   0:00 -
CLB        1961  0.0  0.0 441884   432 ?        -    12:03   0:01 /usr/bin/pulseaudio --start --log-target=syslog PATH=/home/riki/bin:/home/riki/.local/bin:{JAVA_HOME}/bin:/usr/local/sbin:/usr/local/bin:/usr/sbin:/usr/bin:/sbin:/bin:/usr/games:/usr/local/games:/snap/bin LC_PAPER=en_GB.UTF-8 XDG_VTNR=7 LC_ADDRESS=en_GB.UTF-8 XDG_SESSION_ID=c2 CLUTTER_IM_MODULE=xim LC_MONETARY=en_GB.UTF-8 XDG_GREETER_DATA_DIR=/var/lib/lightdm-data/CLB SHELL=/bin/bash QT_LINUX_ACCESSIBILITY_ALWAYS_ON=1 LC_NUMERIC=en_GB.UTF-8 GTK_MODULES=gail:atk-bridge:unity-gtk-module JRE_HOME=/opt/jdk1.8.0_221/jre USER=CLB QT_ACCESSIBILITY=1 LC_TELEPHONE=en_GB.UTF-8 XDG_SESSION_PATH=/org/freedesktop/DisplayManager/Session0 XDG_SEAT_PATH=/org/freedesktop/DisplayManager/Seat0 DEFAULTS_PATH=/usr/share/gconf/ubuntu.default.path XDG_CONFIG_DIRS=/etc/xdg/xdg-ubuntu:/usr/share/upstart/xdg:/etc/xdg DESKTOP_SESSION=ubuntu QT_IM_MODULE=ibus QT_QPA_PLATFORMTHEME=appmenu-qt5 LC_IDENTIFICATION=en_GB.UTF-8 PWD=/home/riki XDG_SESSION_TYPE=x11 XMODIFIERS=@im=ibus JAVA_HOME=/opt/jdk1.8.0_221 LANG=en_US.UTF-8 MANDATORY_PATH=/usr/share/gconf/ubuntu.mandatory.path GDM_LANG=en_US LC_MEASUREMENT=en_GB.UTF-8 IM_CONFIG_PHASE=1 COMPIZ_CONFIG_PROFILE=ubuntu PAPERSIZE=a4 GDMSESSION=ubuntu SESSIONTYPE=gnome-session GTK2_MODULES=overlay-scrollbar SHLVL=0 XDG_SEAT=seat0 HOME=/home/riki LANGUAGE=en_US XDG_SESSION_DESKTOP=ubuntu LOGNAME=CLB QT4_IM_MODULE=xim XDG_DATA_DIRS=/usr/share/ubuntu:/usr/share/gnome:/usr/local/share/:/usr/share/:/var/lib/snapd/desktop CLASSPATH=.:/opt/jdk1.8.0_221/lib:/opt/jdk1.8.0_221/jre/lib XDG_RUNTIME_DIR=/run/user/1000 DISPLAY=:0 GTK_IM_MODULE=ibus XDG_CURRENT_DESKTOP=Unity LC_TIME=en_GB.UTF-8 XAUTHORITY=/home/riki/.Xauthority LC_NAME=en_GB.UTF-8 DBUS_SESSION_BUS_ADDRESS=unix:abstract=/tmp/dbus-NchK5rkPgl SSH_AUTH_SOCK=/run/user/1000/keyring/ssh GNOME_KEYRING_CONTROL= GNOME_KEYRING_PID= GPG_AGENT_INFO=/home/riki/.gnupg/S.gpg-agent:0:1 GNOME_DESKTOP_SESSION_ID=this-is-deprecated UPSTART_EVENTS=indicator-services-start UPSTART_JOB=indicator-sound UPSTART_INSTANCE= UPSTART_SESSION=unix:abstract=/com/ubuntu/upstart-session/1000/1621 LD_BIND_NOW=1
CLB           -  0.0    -      -     - -        Sl   12:03   0:00 -
CLB           -  0.0    -      -     - -        Sl   12:03   0:00 -
CLB           -  0.0    -      -     - -        Sl   12:03   0:00 -
CLB        2002  0.0  0.0 862640   124 ?        -    12:03   0:00 /usr/lib/evolution/evolution-calendar-factory XDG_RUNTIME_DIR=/run/user/1000 SESSION_MANAGER=local/CLB:@/tmp/.ICE-unix/1861,unix/CLB:/tmp/.ICE-unix/1861 XMODIFIERS=@im XDG_GREETER_DATA_DIR=/var/lib/lightdm-data/CLB XDG_SESSION_TYPE=x11 DBUS_SESSION_BUS_ADDRESS=unix:abstract=/tmp/dbus-NchK5rkPgl,guid=c5d51710447951946b60eaa35e819269 QT_IM_MODULE=ibus USER=CLB XAUTHORITY=/home/riki/.Xauthority DBUS_STARTER_BUS_TYPE=session LC_ADDRESS=en_GB.UTF-8 SHLVL=0 UPSTART_INSTANCE= XDG_MENU_PREFIX=gnome- GNOME_KEYRING_CONTROL= XDG_SESSION_DESKTOP=ubuntu DBUS_DEBUG_OUTPUT=1 SHELL=/bin/bash UPSTART_EVENTS=starting QT_ACCESSIBILITY=1 LC_NAME=en_GB.UTF-8 LC_MEASUREMENT=en_GB.UTF-8 LC_TIME=en_GB.UTF-8 LC_MONETARY=en_GB.UTF-8 INSTANCE= XDG_DATA_DIRS=/usr/share/ubuntu:/usr/share/gnome:/usr/local/share/:/usr/share/:/var/lib/snapd/desktop LANGUAGE=en_US QT4_IM_MODULE=xim IM_CONFIG_PHASE=1 JAVA_HOME=/opt/jdk1.8.0_221 GTK2_MODULES=overlay-scrollbar LC_TELEPHONE=en_GB.UTF-8 JOB=xsession-init PWD=/home/riki HOME=/home/riki DBUS_STARTER_ADDRESS=unix:abstract=/tmp/dbus-NchK5rkPgl,guid=c5d51710447951946b60eaa35e819269 CLUTTER_IM_MODULE=xim JRE_HOME=/opt/jdk1.8.0_221/jre DISPLAY=:0 SSH_AUTH_SOCK=/run/user/1000/keyring/ssh LC_PAPER=en_GB.UTF-8 LC_NUMERIC=en_GB.UTF-8 UPSTART_JOB=dbus PATH=/home/riki/bin:/home/riki/.local/bin:{JAVA_HOME}/bin:/usr/local/sbin:/usr/local/bin:/usr/sbin:/usr/bin:/sbin:/bin:/usr/games:/usr/local/games:/snap/bin GNOME_DESKTOP_SESSION_ID=this-is-deprecated XDG_VTNR=7 GTK_MODULES=gail:atk-bridge:unity-gtk-module GTK_IM_MODULE=ibus GDMSESSION=ubuntu XDG_SESSION_ID=c2 GPG_AGENT_INFO=/home/riki/.gnupg/S.gpg-agent:0:1 XDG_SEAT=seat0 COMPIZ_CONFIG_PROFILE=ubuntu MANDATORY_PATH=/usr/share/gconf/ubuntu.mandatory.path PAPERSIZE=a4 LANG=en_US.UTF-8 LOGNAME=CLB SESSIONTYPE=gnome-session DEFAULTS_PATH=/usr/share/gconf/ubuntu.default.path XDG_SESSION_PATH=/org/freedesktop/DisplayManager/Session0 XDG_CURRENT_DESKTOP=Unity DESKTOP_SESSION=ubuntu LC_IDENTIFICATION=en_GB.UTF-8 QT_LINUX_ACCESSIBILITY_ALWAYS_ON=1 XDG_SEAT_PATH=/org/freedesktop/DisplayManager/Seat0 GNOME_KEYRING_PID= CLASSPATH=.:/opt/jdk1.8.0_221/lib:/opt/jdk1.8.0_221/jre/lib QT_QPA_PLATFORMTHEME=appmenu-qt5 GDM_LANG=en_US UPSTART_SESSION=unix:abstract=/com/ubuntu/upstart-session/1000/1621 XDG_CONFIG_DIRS=/etc/xdg/xdg-ubuntu:/usr/share/upstart/xdg:/etc/xdg
CLB           -  0.0    -      -     - -        Sl   12:03   0:00 -
CLB           -  0.0    -      -     - -        Sl   12:03   0:00 -
CLB           -  0.0    -      -     - -        Sl   12:03   0:00 -
CLB           -  0.0    -      -     - -        Sl   12:03   0:00 -
CLB           -  0.0    -      -     - -        Sl   12:03   0:00 -
CLB        2007  0.0  0.2 429200  2488 ?        -    12:03   0:00 /usr/lib/policykit-1-gnome/polkit-gnome-authentication-agent-1 GNOME_KEYRING_PID= USER=CLB LANGUAGE=en_US LC_TIME=en_GB.UTF-8 XDG_SEAT=seat0 XDG_SESSION_TYPE=x11 COMPIZ_CONFIG_PROFILE=ubuntu SESSION=ubuntu SHLVL=0 HOME=/home/riki QT4_IM_MODULE=xim JRE_HOME=/opt/jdk1.8.0_221/jre DESKTOP_SESSION=ubuntu QT_LINUX_ACCESSIBILITY_ALWAYS_ON=1 GTK_MODULES=gail:atk-bridge:unity-gtk-module XDG_SEAT_PATH=/org/freedesktop/DisplayManager/Seat0 LC_MONETARY=en_GB.UTF-8 INSTANCE= DBUS_SESSION_BUS_ADDRESS=unix:abstract=/tmp/dbus-NchK5rkPgl GNOME_KEYRING_CONTROL= QT_QPA_PLATFORMTHEME=appmenu-qt5 MANDATORY_PATH=/usr/share/gconf/ubuntu.mandatory.path IM_CONFIG_PHASE=1 SESSIONTYPE=gnome-session LOGNAME=CLB GTK_IM_MODULE=ibus DEFAULTS_PATH=/usr/share/gconf/ubuntu.default.path XDG_SESSION_ID=c2 GNOME_DESKTOP_SESSION_ID=this-is-deprecated GTK2_MODULES=overlay-scrollbar PATH=/home/riki/bin:/home/riki/.local/bin:{JAVA_HOME}/bin:/usr/local/sbin:/usr/local/bin:/usr/sbin:/usr/bin:/sbin:/bin:/usr/games:/usr/local/games:/snap/bin GDM_LANG=en_US PAPERSIZE=a4 LC_ADDRESS=en_GB.UTF-8 XDG_SESSION_PATH=/org/freedesktop/DisplayManager/Session0 XDG_RUNTIME_DIR=/run/user/1000 DISPLAY=:0 LC_TELEPHONE=en_GB.UTF-8 LANG=en_US.UTF-8 XDG_CURRENT_DESKTOP=Unity XMODIFIERS=@im=ibus XDG_SESSION_DESKTOP=ubuntu XAUTHORITY=/home/riki/.Xauthority XDG_GREETER_DATA_DIR=/var/lib/lightdm-data/CLB SSH_AUTH_SOCK=/run/user/1000/keyring/ssh SHELL=/bin/bash LC_NAME=en_GB.UTF-8 QT_ACCESSIBILITY=1 GDMSESSION=ubuntu LC_MEASUREMENT=en_GB.UTF-8 LC_IDENTIFICATION=en_GB.UTF-8 CLASSPATH=.:/opt/jdk1.8.0_221/lib:/opt/jdk1.8.0_221/jre/lib GPG_AGENT_INFO=/home/riki/.gnupg/S.gpg-agent:0:1 UPSTART_SESSION=unix:abstract=/com/ubuntu/upstart-session/1000/1621 XDG_VTNR=7 QT_IM_MODULE=ibus PWD=/home/riki JAVA_HOME=/opt/jdk1.8.0_221 CLUTTER_IM_MODULE=xim XDG_CONFIG_DIRS=/etc/xdg/xdg-ubuntu:/usr/share/upstart/xdg:/etc/xdg XDG_DATA_DIRS=/usr/share/ubuntu:/usr/share/gnome:/usr/local/share/:/usr/share/:/var/lib/snapd/desktop LC_NUMERIC=en_GB.UTF-8 LC_PAPER=en_GB.UTF-8 JOB=dbus XDG_MENU_PREFIX=gnome- SESSION_MANAGER=local/CLB:@/tmp/.ICE-unix/1861,unix/CLB:/tmp/.ICE-unix/1861 DESKTOP_AUTOSTART_ID=10de47365015c01998158554993290841500000018610012 GIO_LAUNCHED_DESKTOP_FILE=/etc/xdg/autostart/polkit-gnome-authentication-agent-1.desktop GIO_LAUNCHED_DESKTOP_FILE_PID=2007
CLB           -  0.0    -      -     - -        Sl   12:03   0:00 -
CLB           -  0.0    -      -     - -        Sl   12:03   0:00 -
CLB           -  0.0    -      -     - -        Sl   12:03   0:00 -
CLB           -  0.0    -      -     - -        Sl   12:03   0:00 -
CLB        2008  0.0  1.2 736492 12744 ?        -    12:03   0:01 nm-applet GNOME_KEYRING_PID= USER=CLB LANGUAGE=en_US LC_TIME=en_GB.UTF-8 XDG_SEAT=seat0 XDG_SESSION_TYPE=x11 COMPIZ_CONFIG_PROFILE=ubuntu SESSION=ubuntu SHLVL=0 HOME=/home/riki QT4_IM_MODULE=xim JRE_HOME=/opt/jdk1.8.0_221/jre DESKTOP_SESSION=ubuntu QT_LINUX_ACCESSIBILITY_ALWAYS_ON=1 GTK_MODULES=gail:atk-bridge:unity-gtk-module XDG_SEAT_PATH=/org/freedesktop/DisplayManager/Seat0 LC_MONETARY=en_GB.UTF-8 INSTANCE= DBUS_SESSION_BUS_ADDRESS=unix:abstract=/tmp/dbus-NchK5rkPgl GNOME_KEYRING_CONTROL= QT_QPA_PLATFORMTHEME=appmenu-qt5 MANDATORY_PATH=/usr/share/gconf/ubuntu.mandatory.path IM_CONFIG_PHASE=1 SESSIONTYPE=gnome-session LOGNAME=CLB GTK_IM_MODULE=ibus DEFAULTS_PATH=/usr/share/gconf/ubuntu.default.path XDG_SESSION_ID=c2 GNOME_DESKTOP_SESSION_ID=this-is-deprecated GTK2_MODULES=overlay-scrollbar PATH=/home/riki/bin:/home/riki/.local/bin:{JAVA_HOME}/bin:/usr/local/sbin:/usr/local/bin:/usr/sbin:/usr/bin:/sbin:/bin:/usr/games:/usr/local/games:/snap/bin GDM_LANG=en_US PAPERSIZE=a4 LC_ADDRESS=en_GB.UTF-8 XDG_SESSION_PATH=/org/freedesktop/DisplayManager/Session0 XDG_RUNTIME_DIR=/run/user/1000 DISPLAY=:0 LC_TELEPHONE=en_GB.UTF-8 LANG=en_US.UTF-8 XDG_CURRENT_DESKTOP=Unity XMODIFIERS=@im=ibus XDG_SESSION_DESKTOP=ubuntu XAUTHORITY=/home/riki/.Xauthority XDG_GREETER_DATA_DIR=/var/lib/lightdm-data/CLB SSH_AUTH_SOCK=/run/user/1000/keyring/ssh SHELL=/bin/bash LC_NAME=en_GB.UTF-8 QT_ACCESSIBILITY=1 GDMSESSION=ubuntu LC_MEASUREMENT=en_GB.UTF-8 LC_IDENTIFICATION=en_GB.UTF-8 CLASSPATH=.:/opt/jdk1.8.0_221/lib:/opt/jdk1.8.0_221/jre/lib GPG_AGENT_INFO=/home/riki/.gnupg/S.gpg-agent:0:1 UPSTART_SESSION=unix:abstract=/com/ubuntu/upstart-session/1000/1621 XDG_VTNR=7 QT_IM_MODULE=ibus PWD=/home/riki JAVA_HOME=/opt/jdk1.8.0_221 CLUTTER_IM_MODULE=xim XDG_CONFIG_DIRS=/etc/xdg/xdg-ubuntu:/usr/share/upstart/xdg:/etc/xdg XDG_DATA_DIRS=/usr/share/ubuntu:/usr/share/gnome:/usr/local/share/:/usr/share/:/var/lib/snapd/desktop LC_NUMERIC=en_GB.UTF-8 LC_PAPER=en_GB.UTF-8 JOB=dbus XDG_MENU_PREFIX=gnome- SESSION_MANAGER=local/CLB:@/tmp/.ICE-unix/1861,unix/CLB:/tmp/.ICE-unix/1861 DESKTOP_AUTOSTART_ID=10de47365015c01998158554993291683800000018610017 GIO_LAUNCHED_DESKTOP_FILE=/etc/xdg/autostart/nm-applet.desktop GIO_LAUNCHED_DESKTOP_FILE_PID=2008
CLB           -  0.0    -      -     - -        Sl   12:03   0:00 -
CLB           -  0.0    -      -     - -        Sl   12:03   0:00 -
CLB           -  0.0    -      -     - -        Sl   12:03   0:00 -
CLB           -  0.0    -      -     - -        Sl   12:03   0:00 -
CLB        2010  0.1  3.5 1376076 35036 ?       -    12:03   0:24 nautilus -n GNOME_KEYRING_PID= USER=CLB LANGUAGE=en_US LC_TIME=en_GB.UTF-8 XDG_SEAT=seat0 XDG_SESSION_TYPE=x11 COMPIZ_CONFIG_PROFILE=ubuntu SESSION=ubuntu SHLVL=0 HOME=/home/riki QT4_IM_MODULE=xim JRE_HOME=/opt/jdk1.8.0_221/jre DESKTOP_SESSION=ubuntu QT_LINUX_ACCESSIBILITY_ALWAYS_ON=1 GTK_MODULES=gail:atk-bridge:unity-gtk-module XDG_SEAT_PATH=/org/freedesktop/DisplayManager/Seat0 LC_MONETARY=en_GB.UTF-8 INSTANCE= DBUS_SESSION_BUS_ADDRESS=unix:abstract=/tmp/dbus-NchK5rkPgl GNOME_KEYRING_CONTROL= QT_QPA_PLATFORMTHEME=appmenu-qt5 MANDATORY_PATH=/usr/share/gconf/ubuntu.mandatory.path IM_CONFIG_PHASE=1 SESSIONTYPE=gnome-session LOGNAME=CLB GTK_IM_MODULE=ibus DEFAULTS_PATH=/usr/share/gconf/ubuntu.default.path XDG_SESSION_ID=c2 GNOME_DESKTOP_SESSION_ID=this-is-deprecated GTK2_MODULES=overlay-scrollbar PATH=/home/riki/bin:/home/riki/.local/bin:{JAVA_HOME}/bin:/usr/local/sbin:/usr/local/bin:/usr/sbin:/usr/bin:/sbin:/bin:/usr/games:/usr/local/games:/snap/bin GDM_LANG=en_US PAPERSIZE=a4 LC_ADDRESS=en_GB.UTF-8 XDG_SESSION_PATH=/org/freedesktop/DisplayManager/Session0 XDG_RUNTIME_DIR=/run/user/1000 DISPLAY=:0 LC_TELEPHONE=en_GB.UTF-8 LANG=en_US.UTF-8 XDG_CURRENT_DESKTOP=Unity XMODIFIERS=@im=ibus XDG_SESSION_DESKTOP=ubuntu XAUTHORITY=/home/riki/.Xauthority XDG_GREETER_DATA_DIR=/var/lib/lightdm-data/CLB SSH_AUTH_SOCK=/run/user/1000/keyring/ssh SHELL=/bin/bash LC_NAME=en_GB.UTF-8 QT_ACCESSIBILITY=1 GDMSESSION=ubuntu LC_MEASUREMENT=en_GB.UTF-8 LC_IDENTIFICATION=en_GB.UTF-8 CLASSPATH=.:/opt/jdk1.8.0_221/lib:/opt/jdk1.8.0_221/jre/lib GPG_AGENT_INFO=/home/riki/.gnupg/S.gpg-agent:0:1 UPSTART_SESSION=unix:abstract=/com/ubuntu/upstart-session/1000/1621 XDG_VTNR=7 QT_IM_MODULE=ibus PWD=/home/riki JAVA_HOME=/opt/jdk1.8.0_221 CLUTTER_IM_MODULE=xim XDG_CONFIG_DIRS=/etc/xdg/xdg-ubuntu:/usr/share/upstart/xdg:/etc/xdg XDG_DATA_DIRS=/usr/share/ubuntu:/usr/share/gnome:/usr/local/share/:/usr/share/:/var/lib/snapd/desktop LC_NUMERIC=en_GB.UTF-8 LC_PAPER=en_GB.UTF-8 JOB=dbus XDG_MENU_PREFIX=gnome- SESSION_MANAGER=local/CLB:@/tmp/.ICE-unix/1861,unix/CLB:/tmp/.ICE-unix/1861 DESKTOP_AUTOSTART_ID=10de47365015c01998158554993292980800000018610023 GIO_LAUNCHED_DESKTOP_FILE=/etc/xdg/autostart/nautilus-autostart.desktop GIO_LAUNCHED_DESKTOP_FILE_PID=2010
CLB           -  0.1    -      -     - -        Sl   12:03   0:24 -
CLB           -  0.0    -      -     - -        Sl   12:03   0:00 -
CLB           -  0.0    -      -     - -        Sl   12:03   0:00 -
CLB           -  0.0    -      -     - -        Sl   12:03   0:00 -
CLB           -  0.0    -      -     - -        Sl   13:44   0:00 -
CLB           -  0.0    -      -     - -        Sl   13:44   0:00 -
CLB        2011  0.0  1.1 508604 11316 ?        -    12:03   0:13 /usr/bin/vmtoolsd -n vmusr --blockFd 3 GNOME_KEYRING_PID= USER=CLB LANGUAGE=en_US LC_TIME=en_GB.UTF-8 XDG_SEAT=seat0 XDG_SESSION_TYPE=x11 COMPIZ_CONFIG_PROFILE=ubuntu SESSION=ubuntu SHLVL=0 HOME=/home/riki QT4_IM_MODULE=xim JRE_HOME=/opt/jdk1.8.0_221/jre DESKTOP_SESSION=ubuntu QT_LINUX_ACCESSIBILITY_ALWAYS_ON=1 GTK_MODULES=gail:atk-bridge:unity-gtk-module XDG_SEAT_PATH=/org/freedesktop/DisplayManager/Seat0 LC_MONETARY=en_GB.UTF-8 INSTANCE= DBUS_SESSION_BUS_ADDRESS=unix:abstract=/tmp/dbus-NchK5rkPgl GNOME_KEYRING_CONTROL= QT_QPA_PLATFORMTHEME=appmenu-qt5 MANDATORY_PATH=/usr/share/gconf/ubuntu.mandatory.path IM_CONFIG_PHASE=1 SESSIONTYPE=gnome-session LOGNAME=CLB GTK_IM_MODULE=ibus DEFAULTS_PATH=/usr/share/gconf/ubuntu.default.path XDG_SESSION_ID=c2 GNOME_DESKTOP_SESSION_ID=this-is-deprecated GTK2_MODULES=overlay-scrollbar PATH=/home/riki/bin:/home/riki/.local/bin:{JAVA_HOME}/bin:/usr/local/sbin:/usr/local/bin:/usr/sbin:/usr/bin:/sbin:/bin:/usr/games:/usr/local/games:/snap/bin GDM_LANG=en_US PAPERSIZE=a4 LC_ADDRESS=en_GB.UTF-8 XDG_SESSION_PATH=/org/freedesktop/DisplayManager/Session0 XDG_RUNTIME_DIR=/run/user/1000 DISPLAY=:0 LC_TELEPHONE=en_GB.UTF-8 LANG=en_US.UTF-8 XDG_CURRENT_DESKTOP=Unity XMODIFIERS=@im=ibus XDG_SESSION_DESKTOP=ubuntu XAUTHORITY=/home/riki/.Xauthority XDG_GREETER_DATA_DIR=/var/lib/lightdm-data/CLB SSH_AUTH_SOCK=/run/user/1000/keyring/ssh SHELL=/bin/bash LC_NAME=en_GB.UTF-8 QT_ACCESSIBILITY=1 GDMSESSION=ubuntu LC_MEASUREMENT=en_GB.UTF-8 LC_IDENTIFICATION=en_GB.UTF-8 CLASSPATH=.:/opt/jdk1.8.0_221/lib:/opt/jdk1.8.0_221/jre/lib GPG_AGENT_INFO=/home/riki/.gnupg/S.gpg-agent:0:1 UPSTART_SESSION=unix:abstract=/com/ubuntu/upstart-session/1000/1621 XDG_VTNR=7 QT_IM_MODULE=ibus PWD=/home/riki JAVA_HOME=/opt/jdk1.8.0_221 CLUTTER_IM_MODULE=xim XDG_CONFIG_DIRS=/etc/xdg/xdg-ubuntu:/usr/share/upstart/xdg:/etc/xdg XDG_DATA_DIRS=/usr/share/ubuntu:/usr/share/gnome:/usr/local/share/:/usr/share/:/var/lib/snapd/desktop LC_NUMERIC=en_GB.UTF-8 LC_PAPER=en_GB.UTF-8 JOB=dbus XDG_MENU_PREFIX=gnome- SESSION_MANAGER=local/CLB:@/tmp/.ICE-unix/1861,unix/CLB:/tmp/.ICE-unix/1861 DESKTOP_AUTOSTART_ID=10de47365015c01998158554993294879400000018610036 GIO_LAUNCHED_DESKTOP_FILE=/etc/xdg/autostart/vmware-user.desktop GIO_LAUNCHED_DESKTOP_FILE_PID=2009
CLB           -  0.0    -      -     - -        Sl   12:03   0:13 -
CLB           -  0.0    -      -     - -        Sl   12:03   0:00 -
CLB           -  0.0    -      -     - -        Sl   12:03   0:00 -
CLB           -  0.0    -      -     - -        Sl   12:03   0:00 -
CLB        2013  0.0  0.2 576700  2344 ?        -    12:03   0:00 /usr/lib/unity-settings-daemon/unity-fallback-mount-helper GNOME_KEYRING_PID= USER=CLB LANGUAGE=en_US LC_TIME=en_GB.UTF-8 XDG_SEAT=seat0 XDG_SESSION_TYPE=x11 COMPIZ_CONFIG_PROFILE=ubuntu SESSION=ubuntu SHLVL=0 HOME=/home/riki QT4_IM_MODULE=xim JRE_HOME=/opt/jdk1.8.0_221/jre DESKTOP_SESSION=ubuntu QT_LINUX_ACCESSIBILITY_ALWAYS_ON=1 GTK_MODULES=gail:atk-bridge:unity-gtk-module XDG_SEAT_PATH=/org/freedesktop/DisplayManager/Seat0 LC_MONETARY=en_GB.UTF-8 INSTANCE= DBUS_SESSION_BUS_ADDRESS=unix:abstract=/tmp/dbus-NchK5rkPgl GNOME_KEYRING_CONTROL= QT_QPA_PLATFORMTHEME=appmenu-qt5 MANDATORY_PATH=/usr/share/gconf/ubuntu.mandatory.path IM_CONFIG_PHASE=1 SESSIONTYPE=gnome-session LOGNAME=CLB GTK_IM_MODULE=ibus DEFAULTS_PATH=/usr/share/gconf/ubuntu.default.path XDG_SESSION_ID=c2 GNOME_DESKTOP_SESSION_ID=this-is-deprecated GTK2_MODULES=overlay-scrollbar PATH=/home/riki/bin:/home/riki/.local/bin:{JAVA_HOME}/bin:/usr/local/sbin:/usr/local/bin:/usr/sbin:/usr/bin:/sbin:/bin:/usr/games:/usr/local/games:/snap/bin GDM_LANG=en_US PAPERSIZE=a4 LC_ADDRESS=en_GB.UTF-8 XDG_SESSION_PATH=/org/freedesktop/DisplayManager/Session0 XDG_RUNTIME_DIR=/run/user/1000 DISPLAY=:0 LC_TELEPHONE=en_GB.UTF-8 LANG=en_US.UTF-8 XDG_CURRENT_DESKTOP=Unity XMODIFIERS=@im=ibus XDG_SESSION_DESKTOP=ubuntu XAUTHORITY=/home/riki/.Xauthority XDG_GREETER_DATA_DIR=/var/lib/lightdm-data/CLB SSH_AUTH_SOCK=/run/user/1000/keyring/ssh SHELL=/bin/bash LC_NAME=en_GB.UTF-8 QT_ACCESSIBILITY=1 GDMSESSION=ubuntu LC_MEASUREMENT=en_GB.UTF-8 LC_IDENTIFICATION=en_GB.UTF-8 CLASSPATH=.:/opt/jdk1.8.0_221/lib:/opt/jdk1.8.0_221/jre/lib GPG_AGENT_INFO=/home/riki/.gnupg/S.gpg-agent:0:1 UPSTART_SESSION=unix:abstract=/com/ubuntu/upstart-session/1000/1621 XDG_VTNR=7 QT_IM_MODULE=ibus PWD=/home/riki JAVA_HOME=/opt/jdk1.8.0_221 CLUTTER_IM_MODULE=xim XDG_CONFIG_DIRS=/etc/xdg/xdg-ubuntu:/usr/share/upstart/xdg:/etc/xdg XDG_DATA_DIRS=/usr/share/ubuntu:/usr/share/gnome:/usr/local/share/:/usr/share/:/var/lib/snapd/desktop LC_NUMERIC=en_GB.UTF-8 LC_PAPER=en_GB.UTF-8 JOB=dbus XDG_MENU_PREFIX=gnome- SESSION_MANAGER=local/CLB:@/tmp/.ICE-unix/1861,unix/CLB:/tmp/.ICE-unix/1861 DESKTOP_AUTOSTART_ID=10de47365015c01998158554993294197900000018610027 GIO_LAUNCHED_DESKTOP_FILE=/etc/xdg/autostart/unity-fallback-mount-helper.desktop GIO_LAUNCHED_DESKTOP_FILE_PID=2013
CLB           -  0.0    -      -     - -        Sl   12:03   0:00 -
CLB           -  0.0    -      -     - -        Sl   12:03   0:00 -
CLB           -  0.0    -      -     - -        Sl   12:03   0:00 -
CLB           -  0.0    -      -     - -        Sl   12:03   0:00 -
CLB        2014  0.0  5.1 1322128 51264 ?       -    12:03   0:08 /usr/bin/gnome-software --gapplication-service GNOME_KEYRING_PID= USER=CLB LANGUAGE=en_US LC_TIME=en_GB.UTF-8 XDG_SEAT=seat0 XDG_SESSION_TYPE=x11 COMPIZ_CONFIG_PROFILE=ubuntu SESSION=ubuntu SHLVL=0 HOME=/home/riki QT4_IM_MODULE=xim JRE_HOME=/opt/jdk1.8.0_221/jre DESKTOP_SESSION=ubuntu QT_LINUX_ACCESSIBILITY_ALWAYS_ON=1 GTK_MODULES=gail:atk-bridge:unity-gtk-module XDG_SEAT_PATH=/org/freedesktop/DisplayManager/Seat0 LC_MONETARY=en_GB.UTF-8 INSTANCE= DBUS_SESSION_BUS_ADDRESS=unix:abstract=/tmp/dbus-NchK5rkPgl GNOME_KEYRING_CONTROL= QT_QPA_PLATFORMTHEME=appmenu-qt5 MANDATORY_PATH=/usr/share/gconf/ubuntu.mandatory.path IM_CONFIG_PHASE=1 SESSIONTYPE=gnome-session LOGNAME=CLB GTK_IM_MODULE=ibus DEFAULTS_PATH=/usr/share/gconf/ubuntu.default.path XDG_SESSION_ID=c2 GNOME_DESKTOP_SESSION_ID=this-is-deprecated GTK2_MODULES=overlay-scrollbar PATH=/home/riki/bin:/home/riki/.local/bin:{JAVA_HOME}/bin:/usr/local/sbin:/usr/local/bin:/usr/sbin:/usr/bin:/sbin:/bin:/usr/games:/usr/local/games:/snap/bin GDM_LANG=en_US PAPERSIZE=a4 LC_ADDRESS=en_GB.UTF-8 XDG_SESSION_PATH=/org/freedesktop/DisplayManager/Session0 XDG_RUNTIME_DIR=/run/user/1000 DISPLAY=:0 LC_TELEPHONE=en_GB.UTF-8 LANG=en_US.UTF-8 XDG_CURRENT_DESKTOP=Unity XMODIFIERS=@im=ibus XDG_SESSION_DESKTOP=ubuntu XAUTHORITY=/home/riki/.Xauthority XDG_GREETER_DATA_DIR=/var/lib/lightdm-data/CLB SSH_AUTH_SOCK=/run/user/1000/keyring/ssh SHELL=/bin/bash LC_NAME=en_GB.UTF-8 QT_ACCESSIBILITY=1 GDMSESSION=ubuntu LC_MEASUREMENT=en_GB.UTF-8 LC_IDENTIFICATION=en_GB.UTF-8 CLASSPATH=.:/opt/jdk1.8.0_221/lib:/opt/jdk1.8.0_221/jre/lib GPG_AGENT_INFO=/home/riki/.gnupg/S.gpg-agent:0:1 UPSTART_SESSION=unix:abstract=/com/ubuntu/upstart-session/1000/1621 XDG_VTNR=7 QT_IM_MODULE=ibus PWD=/home/riki JAVA_HOME=/opt/jdk1.8.0_221 CLUTTER_IM_MODULE=xim XDG_CONFIG_DIRS=/etc/xdg/xdg-ubuntu:/usr/share/upstart/xdg:/etc/xdg XDG_DATA_DIRS=/usr/share/ubuntu:/usr/share/gnome:/usr/local/share/:/usr/share/:/var/lib/snapd/desktop LC_NUMERIC=en_GB.UTF-8 LC_PAPER=en_GB.UTF-8 JOB=dbus XDG_MENU_PREFIX=gnome- SESSION_MANAGER=local/CLB:@/tmp/.ICE-unix/1861,unix/CLB:/tmp/.ICE-unix/1861 DESKTOP_AUTOSTART_ID=10de47365015c01998158554993296024800000018610044 GIO_LAUNCHED_DESKTOP_FILE=/etc/xdg/autostart/gnome-software-service.desktop GIO_LAUNCHED_DESKTOP_FILE_PID=2014
CLB           -  0.0    -      -     - -        Sl   12:03   0:01 -
CLB           -  0.0    -      -     - -        Sl   12:03   0:00 -
CLB           -  0.0    -      -     - -        Sl   12:03   0:00 -
CLB           -  0.0    -      -     - -        Sl   12:03   0:00 -
CLB        2029  0.0  0.0 292524     0 ?        -    12:03   0:00 /usr/lib/gvfs/gvfs-udisks2-volume-monitor XDG_RUNTIME_DIR=/run/user/1000 SESSION_MANAGER=local/CLB:@/tmp/.ICE-unix/1861,unix/CLB:/tmp/.ICE-unix/1861 XMODIFIERS=@im XDG_GREETER_DATA_DIR=/var/lib/lightdm-data/CLB XDG_SESSION_TYPE=x11 DBUS_SESSION_BUS_ADDRESS=unix:abstract=/tmp/dbus-NchK5rkPgl,guid=c5d51710447951946b60eaa35e819269 QT_IM_MODULE=ibus USER=CLB XAUTHORITY=/home/riki/.Xauthority DBUS_STARTER_BUS_TYPE=session LC_ADDRESS=en_GB.UTF-8 SHLVL=0 UPSTART_INSTANCE= XDG_MENU_PREFIX=gnome- GNOME_KEYRING_CONTROL= XDG_SESSION_DESKTOP=ubuntu DBUS_DEBUG_OUTPUT=1 SHELL=/bin/bash UPSTART_EVENTS=starting QT_ACCESSIBILITY=1 LC_NAME=en_GB.UTF-8 LC_MEASUREMENT=en_GB.UTF-8 LC_TIME=en_GB.UTF-8 LC_MONETARY=en_GB.UTF-8 INSTANCE= XDG_DATA_DIRS=/usr/share/ubuntu:/usr/share/gnome:/usr/local/share/:/usr/share/:/var/lib/snapd/desktop LANGUAGE=en_US QT4_IM_MODULE=xim IM_CONFIG_PHASE=1 JAVA_HOME=/opt/jdk1.8.0_221 GTK2_MODULES=overlay-scrollbar LC_TELEPHONE=en_GB.UTF-8 JOB=xsession-init PWD=/home/riki HOME=/home/riki DBUS_STARTER_ADDRESS=unix:abstract=/tmp/dbus-NchK5rkPgl,guid=c5d51710447951946b60eaa35e819269 CLUTTER_IM_MODULE=xim JRE_HOME=/opt/jdk1.8.0_221/jre DISPLAY=:0 SSH_AUTH_SOCK=/run/user/1000/keyring/ssh LC_PAPER=en_GB.UTF-8 LC_NUMERIC=en_GB.UTF-8 UPSTART_JOB=dbus PATH=/home/riki/bin:/home/riki/.local/bin:{JAVA_HOME}/bin:/usr/local/sbin:/usr/local/bin:/usr/sbin:/usr/bin:/sbin:/bin:/usr/games:/usr/local/games:/snap/bin GNOME_DESKTOP_SESSION_ID=this-is-deprecated XDG_VTNR=7 GTK_MODULES=gail:atk-bridge:unity-gtk-module GTK_IM_MODULE=ibus GDMSESSION=ubuntu XDG_SESSION_ID=c2 GPG_AGENT_INFO=/home/riki/.gnupg/S.gpg-agent:0:1 XDG_SEAT=seat0 COMPIZ_CONFIG_PROFILE=ubuntu MANDATORY_PATH=/usr/share/gconf/ubuntu.mandatory.path PAPERSIZE=a4 LANG=en_US.UTF-8 LOGNAME=CLB SESSIONTYPE=gnome-session DEFAULTS_PATH=/usr/share/gconf/ubuntu.default.path XDG_SESSION_PATH=/org/freedesktop/DisplayManager/Session0 XDG_CURRENT_DESKTOP=Unity DESKTOP_SESSION=ubuntu LC_IDENTIFICATION=en_GB.UTF-8 QT_LINUX_ACCESSIBILITY_ALWAYS_ON=1 XDG_SEAT_PATH=/org/freedesktop/DisplayManager/Seat0 GNOME_KEYRING_PID= CLASSPATH=.:/opt/jdk1.8.0_221/lib:/opt/jdk1.8.0_221/jre/lib QT_QPA_PLATFORMTHEME=appmenu-qt5 GDM_LANG=en_US UPSTART_SESSION=unix:abstract=/com/ubuntu/upstart-session/1000/1621 XDG_CONFIG_DIRS=/etc/xdg/xdg-ubuntu:/usr/share/upstart/xdg:/etc/xdg
CLB           -  0.0    -      -     - -        Sl   12:03   0:00 -
CLB           -  0.0    -      -     - -        Sl   12:03   0:00 -
CLB           -  0.0    -      -     - -        Sl   12:03   0:00 -
root       2034  0.0  0.1 433120  1004 ?        -    12:03   0:00 /usr/lib/udisks2/udisksd --no-debug LANG=en_US.UTF-8 PATH=/usr/local/sbin:/usr/local/bin:/usr/sbin:/usr/bin:/sbin:/bin
root          -  0.0    -      -     - -        Ssl  12:03   0:00 -
root          -  0.0    -      -     - -        Ssl  12:03   0:00 -
root          -  0.0    -      -     - -        Ssl  12:03   0:00 -
root          -  0.0    -      -     - -        Ssl  12:03   0:00 -
root          -  0.0    -      -     - -        Ssl  12:03   0:00 -
CLB        2051  0.0  0.0 814644   456 ?        -    12:03   0:00 /usr/lib/evolution/evolution-calendar-factory-subprocess --factory contacts --bus-name org.gnome.evolution.dataserver.Subprocess.Backend.Calendarx2002x2 --own-path /org/gnome/evolution/dataserver/Subprocess/Backend/Calendar/2002/2 XDG_RUNTIME_DIR=/run/user/1000 SESSION_MANAGER=local/CLB:@/tmp/.ICE-unix/1861,unix/CLB:/tmp/.ICE-unix/1861 XMODIFIERS=@im XDG_GREETER_DATA_DIR=/var/lib/lightdm-data/CLB XDG_SESSION_TYPE=x11 DBUS_SESSION_BUS_ADDRESS=unix:abstract=/tmp/dbus-NchK5rkPgl,guid=c5d51710447951946b60eaa35e819269 QT_IM_MODULE=ibus USER=CLB XAUTHORITY=/home/riki/.Xauthority DBUS_STARTER_BUS_TYPE=session LC_ADDRESS=en_GB.UTF-8 SHLVL=0 UPSTART_INSTANCE= XDG_MENU_PREFIX=gnome- GNOME_KEYRING_CONTROL= XDG_SESSION_DESKTOP=ubuntu DBUS_DEBUG_OUTPUT=1 SHELL=/bin/bash UPSTART_EVENTS=starting QT_ACCESSIBILITY=1 LC_NAME=en_GB.UTF-8 LC_MEASUREMENT=en_GB.UTF-8 LC_TIME=en_GB.UTF-8 LC_MONETARY=en_GB.UTF-8 INSTANCE= XDG_DATA_DIRS=/usr/share/ubuntu:/usr/share/gnome:/usr/local/share/:/usr/share/:/var/lib/snapd/desktop LANGUAGE=en_US QT4_IM_MODULE=xim IM_CONFIG_PHASE=1 JAVA_HOME=/opt/jdk1.8.0_221 GTK2_MODULES=overlay-scrollbar LC_TELEPHONE=en_GB.UTF-8 JOB=xsession-init PWD=/home/riki HOME=/home/riki DBUS_STARTER_ADDRESS=unix:abstract=/tmp/dbus-NchK5rkPgl,guid=c5d51710447951946b60eaa35e819269 CLUTTER_IM_MODULE=xim JRE_HOME=/opt/jdk1.8.0_221/jre DISPLAY=:0 SSH_AUTH_SOCK=/run/user/1000/keyring/ssh LC_PAPER=en_GB.UTF-8 LC_NUMERIC=en_GB.UTF-8 UPSTART_JOB=dbus PATH=/home/riki/bin:/home/riki/.local/bin:{JAVA_HOME}/bin:/usr/local/sbin:/usr/local/bin:/usr/sbin:/usr/bin:/sbin:/bin:/usr/games:/usr/local/games:/snap/bin GNOME_DESKTOP_SESSION_ID=this-is-deprecated XDG_VTNR=7 GTK_MODULES=gail:atk-bridge:unity-gtk-module GTK_IM_MODULE=ibus GDMSESSION=ubuntu XDG_SESSION_ID=c2 GPG_AGENT_INFO=/home/riki/.gnupg/S.gpg-agent:0:1 XDG_SEAT=seat0 COMPIZ_CONFIG_PROFILE=ubuntu MANDATORY_PATH=/usr/share/gconf/ubuntu.mandatory.path PAPERSIZE=a4 LANG=en_US.UTF-8 LOGNAME=CLB SESSIONTYPE=gnome-session DEFAULTS_PATH=/usr/share/gconf/ubuntu.default.path XDG_SESSION_PATH=/org/freedesktop/DisplayManager/Session0 XDG_CURRENT_DESKTOP=Unity DESKTOP_SESSION=ubuntu LC_IDENTIFICATION=en_GB.UTF-8 QT_LINUX_ACCESSIBILITY_ALWAYS_ON=1 XDG_SEAT_PATH=/org/freedesktop/DisplayManager/Seat0 GNOME_KEYRING_PID= CLASSPATH=.:/opt/jdk1.8.0_221/lib:/opt/jdk1.8.0_221/jre/lib QT_QPA_PLATFORMTHEME=appmenu-qt5 GDM_LANG=en_US UPSTART_SESSION=unix:abstract=/com/ubuntu/upstart-session/1000/1621 XDG_CONFIG_DIRS=/etc/xdg/xdg-ubuntu:/usr/share/upstart/xdg:/etc/xdg
CLB           -  0.0    -      -     - -        Sl   12:03   0:00 -
CLB           -  0.0    -      -     - -        Sl   12:03   0:00 -
CLB           -  0.0    -      -     - -        Sl   12:03   0:00 -
CLB           -  0.0    -      -     - -        Sl   12:03   0:00 -
CLB           -  0.0    -      -     - -        Sl   12:03   0:00 -
CLB           -  0.0    -      -     - -        Sl   12:03   0:00 -
CLB           -  0.0    -      -     - -        Sl   12:03   0:00 -
CLB        2056  0.0  0.0 410652     8 ?        -    12:03   0:00 /usr/lib/gvfs/gvfs-afc-volume-monitor XDG_RUNTIME_DIR=/run/user/1000 SESSION_MANAGER=local/CLB:@/tmp/.ICE-unix/1861,unix/CLB:/tmp/.ICE-unix/1861 XMODIFIERS=@im XDG_GREETER_DATA_DIR=/var/lib/lightdm-data/CLB XDG_SESSION_TYPE=x11 DBUS_SESSION_BUS_ADDRESS=unix:abstract=/tmp/dbus-NchK5rkPgl,guid=c5d51710447951946b60eaa35e819269 QT_IM_MODULE=ibus USER=CLB XAUTHORITY=/home/riki/.Xauthority DBUS_STARTER_BUS_TYPE=session LC_ADDRESS=en_GB.UTF-8 SHLVL=0 UPSTART_INSTANCE= XDG_MENU_PREFIX=gnome- GNOME_KEYRING_CONTROL= XDG_SESSION_DESKTOP=ubuntu DBUS_DEBUG_OUTPUT=1 SHELL=/bin/bash UPSTART_EVENTS=starting QT_ACCESSIBILITY=1 LC_NAME=en_GB.UTF-8 LC_MEASUREMENT=en_GB.UTF-8 LC_TIME=en_GB.UTF-8 LC_MONETARY=en_GB.UTF-8 INSTANCE= XDG_DATA_DIRS=/usr/share/ubuntu:/usr/share/gnome:/usr/local/share/:/usr/share/:/var/lib/snapd/desktop LANGUAGE=en_US QT4_IM_MODULE=xim IM_CONFIG_PHASE=1 JAVA_HOME=/opt/jdk1.8.0_221 GTK2_MODULES=overlay-scrollbar LC_TELEPHONE=en_GB.UTF-8 JOB=xsession-init PWD=/home/riki HOME=/home/riki DBUS_STARTER_ADDRESS=unix:abstract=/tmp/dbus-NchK5rkPgl,guid=c5d51710447951946b60eaa35e819269 CLUTTER_IM_MODULE=xim JRE_HOME=/opt/jdk1.8.0_221/jre DISPLAY=:0 SSH_AUTH_SOCK=/run/user/1000/keyring/ssh LC_PAPER=en_GB.UTF-8 LC_NUMERIC=en_GB.UTF-8 UPSTART_JOB=dbus PATH=/home/riki/bin:/home/riki/.local/bin:{JAVA_HOME}/bin:/usr/local/sbin:/usr/local/bin:/usr/sbin:/usr/bin:/sbin:/bin:/usr/games:/usr/local/games:/snap/bin GNOME_DESKTOP_SESSION_ID=this-is-deprecated XDG_VTNR=7 GTK_MODULES=gail:atk-bridge:unity-gtk-module GTK_IM_MODULE=ibus GDMSESSION=ubuntu XDG_SESSION_ID=c2 GPG_AGENT_INFO=/home/riki/.gnupg/S.gpg-agent:0:1 XDG_SEAT=seat0 COMPIZ_CONFIG_PROFILE=ubuntu MANDATORY_PATH=/usr/share/gconf/ubuntu.mandatory.path PAPERSIZE=a4 LANG=en_US.UTF-8 LOGNAME=CLB SESSIONTYPE=gnome-session DEFAULTS_PATH=/usr/share/gconf/ubuntu.default.path XDG_SESSION_PATH=/org/freedesktop/DisplayManager/Session0 XDG_CURRENT_DESKTOP=Unity DESKTOP_SESSION=ubuntu LC_IDENTIFICATION=en_GB.UTF-8 QT_LINUX_ACCESSIBILITY_ALWAYS_ON=1 XDG_SEAT_PATH=/org/freedesktop/DisplayManager/Seat0 GNOME_KEYRING_PID= CLASSPATH=.:/opt/jdk1.8.0_221/lib:/opt/jdk1.8.0_221/jre/lib QT_QPA_PLATFORMTHEME=appmenu-qt5 GDM_LANG=en_US UPSTART_SESSION=unix:abstract=/com/ubuntu/upstart-session/1000/1621 XDG_CONFIG_DIRS=/etc/xdg/xdg-ubuntu:/usr/share/upstart/xdg:/etc/xdg
CLB           -  0.0    -      -     - -        Sl   12:03   0:00 -
CLB           -  0.0    -      -     - -        Sl   12:03   0:00 -
CLB           -  0.0    -      -     - -        Sl   12:03   0:00 -
CLB           -  0.0    -      -     - -        Sl   12:03   0:00 -
CLB        2064  0.0  0.0 264612     0 ?        -    12:03   0:00 /usr/lib/gvfs/gvfs-goa-volume-monitor XDG_RUNTIME_DIR=/run/user/1000 SESSION_MANAGER=local/CLB:@/tmp/.ICE-unix/1861,unix/CLB:/tmp/.ICE-unix/1861 XMODIFIERS=@im XDG_GREETER_DATA_DIR=/var/lib/lightdm-data/CLB XDG_SESSION_TYPE=x11 DBUS_SESSION_BUS_ADDRESS=unix:abstract=/tmp/dbus-NchK5rkPgl,guid=c5d51710447951946b60eaa35e819269 QT_IM_MODULE=ibus USER=CLB XAUTHORITY=/home/riki/.Xauthority DBUS_STARTER_BUS_TYPE=session LC_ADDRESS=en_GB.UTF-8 SHLVL=0 UPSTART_INSTANCE= XDG_MENU_PREFIX=gnome- GNOME_KEYRING_CONTROL= XDG_SESSION_DESKTOP=ubuntu DBUS_DEBUG_OUTPUT=1 SHELL=/bin/bash UPSTART_EVENTS=starting QT_ACCESSIBILITY=1 LC_NAME=en_GB.UTF-8 LC_MEASUREMENT=en_GB.UTF-8 LC_TIME=en_GB.UTF-8 LC_MONETARY=en_GB.UTF-8 INSTANCE= XDG_DATA_DIRS=/usr/share/ubuntu:/usr/share/gnome:/usr/local/share/:/usr/share/:/var/lib/snapd/desktop LANGUAGE=en_US QT4_IM_MODULE=xim IM_CONFIG_PHASE=1 JAVA_HOME=/opt/jdk1.8.0_221 GTK2_MODULES=overlay-scrollbar LC_TELEPHONE=en_GB.UTF-8 JOB=xsession-init PWD=/home/riki HOME=/home/riki DBUS_STARTER_ADDRESS=unix:abstract=/tmp/dbus-NchK5rkPgl,guid=c5d51710447951946b60eaa35e819269 CLUTTER_IM_MODULE=xim JRE_HOME=/opt/jdk1.8.0_221/jre DISPLAY=:0 SSH_AUTH_SOCK=/run/user/1000/keyring/ssh LC_PAPER=en_GB.UTF-8 LC_NUMERIC=en_GB.UTF-8 UPSTART_JOB=dbus PATH=/home/riki/bin:/home/riki/.local/bin:{JAVA_HOME}/bin:/usr/local/sbin:/usr/local/bin:/usr/sbin:/usr/bin:/sbin:/bin:/usr/games:/usr/local/games:/snap/bin GNOME_DESKTOP_SESSION_ID=this-is-deprecated XDG_VTNR=7 GTK_MODULES=gail:atk-bridge:unity-gtk-module GTK_IM_MODULE=ibus GDMSESSION=ubuntu XDG_SESSION_ID=c2 GPG_AGENT_INFO=/home/riki/.gnupg/S.gpg-agent:0:1 XDG_SEAT=seat0 COMPIZ_CONFIG_PROFILE=ubuntu MANDATORY_PATH=/usr/share/gconf/ubuntu.mandatory.path PAPERSIZE=a4 LANG=en_US.UTF-8 LOGNAME=CLB SESSIONTYPE=gnome-session DEFAULTS_PATH=/usr/share/gconf/ubuntu.default.path XDG_SESSION_PATH=/org/freedesktop/DisplayManager/Session0 XDG_CURRENT_DESKTOP=Unity DESKTOP_SESSION=ubuntu LC_IDENTIFICATION=en_GB.UTF-8 QT_LINUX_ACCESSIBILITY_ALWAYS_ON=1 XDG_SEAT_PATH=/org/freedesktop/DisplayManager/Seat0 GNOME_KEYRING_PID= CLASSPATH=.:/opt/jdk1.8.0_221/lib:/opt/jdk1.8.0_221/jre/lib QT_QPA_PLATFORMTHEME=appmenu-qt5 GDM_LANG=en_US UPSTART_SESSION=unix:abstract=/com/ubuntu/upstart-session/1000/1621 XDG_CONFIG_DIRS=/etc/xdg/xdg-ubuntu:/usr/share/upstart/xdg:/etc/xdg
CLB           -  0.0    -      -     - -        Sl   12:03   0:00 -
CLB           -  0.0    -      -     - -        Sl   12:03   0:00 -
CLB           -  0.0    -      -     - -        Sl   12:03   0:00 -
CLB        2071  0.0  0.0 266600   172 ?        -    12:03   0:00 /usr/lib/gvfs/gvfs-mtp-volume-monitor XDG_RUNTIME_DIR=/run/user/1000 SESSION_MANAGER=local/CLB:@/tmp/.ICE-unix/1861,unix/CLB:/tmp/.ICE-unix/1861 XMODIFIERS=@im XDG_GREETER_DATA_DIR=/var/lib/lightdm-data/CLB XDG_SESSION_TYPE=x11 DBUS_SESSION_BUS_ADDRESS=unix:abstract=/tmp/dbus-NchK5rkPgl,guid=c5d51710447951946b60eaa35e819269 QT_IM_MODULE=ibus USER=CLB XAUTHORITY=/home/riki/.Xauthority DBUS_STARTER_BUS_TYPE=session LC_ADDRESS=en_GB.UTF-8 SHLVL=0 UPSTART_INSTANCE= XDG_MENU_PREFIX=gnome- GNOME_KEYRING_CONTROL= XDG_SESSION_DESKTOP=ubuntu DBUS_DEBUG_OUTPUT=1 SHELL=/bin/bash UPSTART_EVENTS=starting QT_ACCESSIBILITY=1 LC_NAME=en_GB.UTF-8 LC_MEASUREMENT=en_GB.UTF-8 LC_TIME=en_GB.UTF-8 LC_MONETARY=en_GB.UTF-8 INSTANCE= XDG_DATA_DIRS=/usr/share/ubuntu:/usr/share/gnome:/usr/local/share/:/usr/share/:/var/lib/snapd/desktop LANGUAGE=en_US QT4_IM_MODULE=xim IM_CONFIG_PHASE=1 JAVA_HOME=/opt/jdk1.8.0_221 GTK2_MODULES=overlay-scrollbar LC_TELEPHONE=en_GB.UTF-8 JOB=xsession-init PWD=/home/riki HOME=/home/riki DBUS_STARTER_ADDRESS=unix:abstract=/tmp/dbus-NchK5rkPgl,guid=c5d51710447951946b60eaa35e819269 CLUTTER_IM_MODULE=xim JRE_HOME=/opt/jdk1.8.0_221/jre DISPLAY=:0 SSH_AUTH_SOCK=/run/user/1000/keyring/ssh LC_PAPER=en_GB.UTF-8 LC_NUMERIC=en_GB.UTF-8 UPSTART_JOB=dbus PATH=/home/riki/bin:/home/riki/.local/bin:{JAVA_HOME}/bin:/usr/local/sbin:/usr/local/bin:/usr/sbin:/usr/bin:/sbin:/bin:/usr/games:/usr/local/games:/snap/bin GNOME_DESKTOP_SESSION_ID=this-is-deprecated XDG_VTNR=7 GTK_MODULES=gail:atk-bridge:unity-gtk-module GTK_IM_MODULE=ibus GDMSESSION=ubuntu XDG_SESSION_ID=c2 GPG_AGENT_INFO=/home/riki/.gnupg/S.gpg-agent:0:1 XDG_SEAT=seat0 COMPIZ_CONFIG_PROFILE=ubuntu MANDATORY_PATH=/usr/share/gconf/ubuntu.mandatory.path PAPERSIZE=a4 LANG=en_US.UTF-8 LOGNAME=CLB SESSIONTYPE=gnome-session DEFAULTS_PATH=/usr/share/gconf/ubuntu.default.path XDG_SESSION_PATH=/org/freedesktop/DisplayManager/Session0 XDG_CURRENT_DESKTOP=Unity DESKTOP_SESSION=ubuntu LC_IDENTIFICATION=en_GB.UTF-8 QT_LINUX_ACCESSIBILITY_ALWAYS_ON=1 XDG_SEAT_PATH=/org/freedesktop/DisplayManager/Seat0 GNOME_KEYRING_PID= CLASSPATH=.:/opt/jdk1.8.0_221/lib:/opt/jdk1.8.0_221/jre/lib QT_QPA_PLATFORMTHEME=appmenu-qt5 GDM_LANG=en_US UPSTART_SESSION=unix:abstract=/com/ubuntu/upstart-session/1000/1621 XDG_CONFIG_DIRS=/etc/xdg/xdg-ubuntu:/usr/share/upstart/xdg:/etc/xdg
CLB           -  0.0    -      -     - -        Sl   12:03   0:00 -
CLB           -  0.0    -      -     - -        Sl   12:03   0:00 -
CLB           -  0.0    -      -     - -        Sl   12:03   0:00 -
CLB        2076  0.0  0.0 278796   152 ?        -    12:03   0:00 /usr/lib/gvfs/gvfs-gphoto2-volume-monitor XDG_RUNTIME_DIR=/run/user/1000 SESSION_MANAGER=local/CLB:@/tmp/.ICE-unix/1861,unix/CLB:/tmp/.ICE-unix/1861 XMODIFIERS=@im XDG_GREETER_DATA_DIR=/var/lib/lightdm-data/CLB XDG_SESSION_TYPE=x11 DBUS_SESSION_BUS_ADDRESS=unix:abstract=/tmp/dbus-NchK5rkPgl,guid=c5d51710447951946b60eaa35e819269 QT_IM_MODULE=ibus USER=CLB XAUTHORITY=/home/riki/.Xauthority DBUS_STARTER_BUS_TYPE=session LC_ADDRESS=en_GB.UTF-8 SHLVL=0 UPSTART_INSTANCE= XDG_MENU_PREFIX=gnome- GNOME_KEYRING_CONTROL= XDG_SESSION_DESKTOP=ubuntu DBUS_DEBUG_OUTPUT=1 SHELL=/bin/bash UPSTART_EVENTS=starting QT_ACCESSIBILITY=1 LC_NAME=en_GB.UTF-8 LC_MEASUREMENT=en_GB.UTF-8 LC_TIME=en_GB.UTF-8 LC_MONETARY=en_GB.UTF-8 INSTANCE= XDG_DATA_DIRS=/usr/share/ubuntu:/usr/share/gnome:/usr/local/share/:/usr/share/:/var/lib/snapd/desktop LANGUAGE=en_US QT4_IM_MODULE=xim IM_CONFIG_PHASE=1 JAVA_HOME=/opt/jdk1.8.0_221 GTK2_MODULES=overlay-scrollbar LC_TELEPHONE=en_GB.UTF-8 JOB=xsession-init PWD=/home/riki HOME=/home/riki DBUS_STARTER_ADDRESS=unix:abstract=/tmp/dbus-NchK5rkPgl,guid=c5d51710447951946b60eaa35e819269 CLUTTER_IM_MODULE=xim JRE_HOME=/opt/jdk1.8.0_221/jre DISPLAY=:0 SSH_AUTH_SOCK=/run/user/1000/keyring/ssh LC_PAPER=en_GB.UTF-8 LC_NUMERIC=en_GB.UTF-8 UPSTART_JOB=dbus PATH=/home/riki/bin:/home/riki/.local/bin:{JAVA_HOME}/bin:/usr/local/sbin:/usr/local/bin:/usr/sbin:/usr/bin:/sbin:/bin:/usr/games:/usr/local/games:/snap/bin GNOME_DESKTOP_SESSION_ID=this-is-deprecated XDG_VTNR=7 GTK_MODULES=gail:atk-bridge:unity-gtk-module GTK_IM_MODULE=ibus GDMSESSION=ubuntu XDG_SESSION_ID=c2 GPG_AGENT_INFO=/home/riki/.gnupg/S.gpg-agent:0:1 XDG_SEAT=seat0 COMPIZ_CONFIG_PROFILE=ubuntu MANDATORY_PATH=/usr/share/gconf/ubuntu.mandatory.path PAPERSIZE=a4 LANG=en_US.UTF-8 LOGNAME=CLB SESSIONTYPE=gnome-session DEFAULTS_PATH=/usr/share/gconf/ubuntu.default.path XDG_SESSION_PATH=/org/freedesktop/DisplayManager/Session0 XDG_CURRENT_DESKTOP=Unity DESKTOP_SESSION=ubuntu LC_IDENTIFICATION=en_GB.UTF-8 QT_LINUX_ACCESSIBILITY_ALWAYS_ON=1 XDG_SEAT_PATH=/org/freedesktop/DisplayManager/Seat0 GNOME_KEYRING_PID= CLASSPATH=.:/opt/jdk1.8.0_221/lib:/opt/jdk1.8.0_221/jre/lib QT_QPA_PLATFORMTHEME=appmenu-qt5 GDM_LANG=en_US UPSTART_SESSION=unix:abstract=/com/ubuntu/upstart-session/1000/1621 XDG_CONFIG_DIRS=/etc/xdg/xdg-ubuntu:/usr/share/upstart/xdg:/etc/xdg
CLB           -  0.0    -      -     - -        Sl   12:03   0:00 -
CLB           -  0.0    -      -     - -        Sl   12:03   0:00 -
CLB           -  0.0    -      -     - -        Sl   12:03   0:00 -
root       2088  0.0  1.9 628648 19236 ?        -    12:03   0:01 /usr/lib/x86_64-linux-gnu/fwupd/fwupd DBUS_STARTER_ADDRESS=unix:path=/var/run/dbus/system_bus_socket DBUS_STARTER_BUS_TYPE=system
root          -  0.0    -      -     - -        Sl   12:03   0:01 -
root          -  0.0    -      -     - -        Sl   12:03   0:00 -
root          -  0.0    -      -     - -        Sl   12:03   0:00 -
root          -  0.0    -      -     - -        Sl   12:03   0:00 -
root          -  0.0    -      -     - -        Sl   12:03   0:00 -
root          -  0.0    -      -     - -        Sl   12:03   0:00 -
root          -  0.0    -      -     - -        Sl   12:03   0:00 -
CLB        2094  0.0  0.0 697652   244 ?        -    12:03   0:00 /usr/lib/evolution/evolution-addressbook-factory XDG_RUNTIME_DIR=/run/user/1000 SESSION_MANAGER=local/CLB:@/tmp/.ICE-unix/1861,unix/CLB:/tmp/.ICE-unix/1861 XMODIFIERS=@im XDG_GREETER_DATA_DIR=/var/lib/lightdm-data/CLB XDG_SESSION_TYPE=x11 DBUS_SESSION_BUS_ADDRESS=unix:abstract=/tmp/dbus-NchK5rkPgl,guid=c5d51710447951946b60eaa35e819269 QT_IM_MODULE=ibus USER=CLB XAUTHORITY=/home/riki/.Xauthority DBUS_STARTER_BUS_TYPE=session LC_ADDRESS=en_GB.UTF-8 SHLVL=0 UPSTART_INSTANCE= XDG_MENU_PREFIX=gnome- GNOME_KEYRING_CONTROL= XDG_SESSION_DESKTOP=ubuntu DBUS_DEBUG_OUTPUT=1 SHELL=/bin/bash UPSTART_EVENTS=starting QT_ACCESSIBILITY=1 LC_NAME=en_GB.UTF-8 LC_MEASUREMENT=en_GB.UTF-8 LC_TIME=en_GB.UTF-8 LC_MONETARY=en_GB.UTF-8 INSTANCE= XDG_DATA_DIRS=/usr/share/ubuntu:/usr/share/gnome:/usr/local/share/:/usr/share/:/var/lib/snapd/desktop LANGUAGE=en_US QT4_IM_MODULE=xim IM_CONFIG_PHASE=1 JAVA_HOME=/opt/jdk1.8.0_221 GTK2_MODULES=overlay-scrollbar LC_TELEPHONE=en_GB.UTF-8 JOB=xsession-init PWD=/home/riki HOME=/home/riki DBUS_STARTER_ADDRESS=unix:abstract=/tmp/dbus-NchK5rkPgl,guid=c5d51710447951946b60eaa35e819269 CLUTTER_IM_MODULE=xim JRE_HOME=/opt/jdk1.8.0_221/jre DISPLAY=:0 SSH_AUTH_SOCK=/run/user/1000/keyring/ssh LC_PAPER=en_GB.UTF-8 LC_NUMERIC=en_GB.UTF-8 UPSTART_JOB=dbus PATH=/home/riki/bin:/home/riki/.local/bin:{JAVA_HOME}/bin:/usr/local/sbin:/usr/local/bin:/usr/sbin:/usr/bin:/sbin:/bin:/usr/games:/usr/local/games:/snap/bin GNOME_DESKTOP_SESSION_ID=this-is-deprecated XDG_VTNR=7 GTK_MODULES=gail:atk-bridge:unity-gtk-module GTK_IM_MODULE=ibus GDMSESSION=ubuntu XDG_SESSION_ID=c2 GPG_AGENT_INFO=/home/riki/.gnupg/S.gpg-agent:0:1 XDG_SEAT=seat0 COMPIZ_CONFIG_PROFILE=ubuntu MANDATORY_PATH=/usr/share/gconf/ubuntu.mandatory.path PAPERSIZE=a4 LANG=en_US.UTF-8 LOGNAME=CLB SESSIONTYPE=gnome-session DEFAULTS_PATH=/usr/share/gconf/ubuntu.default.path XDG_SESSION_PATH=/org/freedesktop/DisplayManager/Session0 XDG_CURRENT_DESKTOP=Unity DESKTOP_SESSION=ubuntu LC_IDENTIFICATION=en_GB.UTF-8 QT_LINUX_ACCESSIBILITY_ALWAYS_ON=1 XDG_SEAT_PATH=/org/freedesktop/DisplayManager/Seat0 GNOME_KEYRING_PID= CLASSPATH=.:/opt/jdk1.8.0_221/lib:/opt/jdk1.8.0_221/jre/lib QT_QPA_PLATFORMTHEME=appmenu-qt5 GDM_LANG=en_US UPSTART_SESSION=unix:abstract=/com/ubuntu/upstart-session/1000/1621 XDG_CONFIG_DIRS=/etc/xdg/xdg-ubuntu:/usr/share/upstart/xdg:/etc/xdg
CLB           -  0.0    -      -     - -        Sl   12:03   0:00 -
CLB           -  0.0    -      -     - -        Sl   12:03   0:00 -
CLB           -  0.0    -      -     - -        Sl   12:03   0:00 -
CLB           -  0.0    -      -     - -        Sl   12:03   0:00 -
CLB           -  0.0    -      -     - -        Sl   12:03   0:00 -
CLB        2096  0.0  0.3 872632  3360 ?        -    12:03   0:00 /usr/lib/evolution/evolution-calendar-factory-subprocess --factory local --bus-name org.gnome.evolution.dataserver.Subprocess.Backend.Calendarx2002x3 --own-path /org/gnome/evolution/dataserver/Subprocess/Backend/Calendar/2002/3 XDG_RUNTIME_DIR=/run/user/1000 SESSION_MANAGER=local/CLB:@/tmp/.ICE-unix/1861,unix/CLB:/tmp/.ICE-unix/1861 XMODIFIERS=@im XDG_GREETER_DATA_DIR=/var/lib/lightdm-data/CLB XDG_SESSION_TYPE=x11 DBUS_SESSION_BUS_ADDRESS=unix:abstract=/tmp/dbus-NchK5rkPgl,guid=c5d51710447951946b60eaa35e819269 QT_IM_MODULE=ibus USER=CLB XAUTHORITY=/home/riki/.Xauthority DBUS_STARTER_BUS_TYPE=session LC_ADDRESS=en_GB.UTF-8 SHLVL=0 UPSTART_INSTANCE= XDG_MENU_PREFIX=gnome- GNOME_KEYRING_CONTROL= XDG_SESSION_DESKTOP=ubuntu DBUS_DEBUG_OUTPUT=1 SHELL=/bin/bash UPSTART_EVENTS=starting QT_ACCESSIBILITY=1 LC_NAME=en_GB.UTF-8 LC_MEASUREMENT=en_GB.UTF-8 LC_TIME=en_GB.UTF-8 LC_MONETARY=en_GB.UTF-8 INSTANCE= XDG_DATA_DIRS=/usr/share/ubuntu:/usr/share/gnome:/usr/local/share/:/usr/share/:/var/lib/snapd/desktop LANGUAGE=en_US QT4_IM_MODULE=xim IM_CONFIG_PHASE=1 JAVA_HOME=/opt/jdk1.8.0_221 GTK2_MODULES=overlay-scrollbar LC_TELEPHONE=en_GB.UTF-8 JOB=xsession-init PWD=/home/riki HOME=/home/riki DBUS_STARTER_ADDRESS=unix:abstract=/tmp/dbus-NchK5rkPgl,guid=c5d51710447951946b60eaa35e819269 CLUTTER_IM_MODULE=xim JRE_HOME=/opt/jdk1.8.0_221/jre DISPLAY=:0 SSH_AUTH_SOCK=/run/user/1000/keyring/ssh LC_PAPER=en_GB.UTF-8 LC_NUMERIC=en_GB.UTF-8 UPSTART_JOB=dbus PATH=/home/riki/bin:/home/riki/.local/bin:{JAVA_HOME}/bin:/usr/local/sbin:/usr/local/bin:/usr/sbin:/usr/bin:/sbin:/bin:/usr/games:/usr/local/games:/snap/bin GNOME_DESKTOP_SESSION_ID=this-is-deprecated XDG_VTNR=7 GTK_MODULES=gail:atk-bridge:unity-gtk-module GTK_IM_MODULE=ibus GDMSESSION=ubuntu XDG_SESSION_ID=c2 GPG_AGENT_INFO=/home/riki/.gnupg/S.gpg-agent:0:1 XDG_SEAT=seat0 COMPIZ_CONFIG_PROFILE=ubuntu MANDATORY_PATH=/usr/share/gconf/ubuntu.mandatory.path PAPERSIZE=a4 LANG=en_US.UTF-8 LOGNAME=CLB SESSIONTYPE=gnome-session DEFAULTS_PATH=/usr/share/gconf/ubuntu.default.path XDG_SESSION_PATH=/org/freedesktop/DisplayManager/Session0 XDG_CURRENT_DESKTOP=Unity DESKTOP_SESSION=ubuntu LC_IDENTIFICATION=en_GB.UTF-8 QT_LINUX_ACCESSIBILITY_ALWAYS_ON=1 XDG_SEAT_PATH=/org/freedesktop/DisplayManager/Seat0 GNOME_KEYRING_PID= CLASSPATH=.:/opt/jdk1.8.0_221/lib:/opt/jdk1.8.0_221/jre/lib QT_QPA_PLATFORMTHEME=appmenu-qt5 GDM_LANG=en_US UPSTART_SESSION=unix:abstract=/com/ubuntu/upstart-session/1000/1621 XDG_CONFIG_DIRS=/etc/xdg/xdg-ubuntu:/usr/share/upstart/xdg:/etc/xdg
CLB           -  0.0    -      -     - -        Sl   12:03   0:00 -
CLB           -  0.0    -      -     - -        Sl   12:03   0:00 -
CLB           -  0.0    -      -     - -        Sl   12:03   0:00 -
CLB           -  0.0    -      -     - -        Sl   12:03   0:00 -
CLB           -  0.0    -      -     - -        Sl   12:03   0:00 -
CLB        2103  0.0  0.0 357648     0 ?        -    12:03   0:00 /usr/lib/gvfs/gvfsd-trash --spawner :1.3 /org/gtk/gvfs/exec_spaw/0 XDG_RUNTIME_DIR=/run/user/1000 XMODIFIERS=@im XDG_GREETER_DATA_DIR=/var/lib/lightdm-data/CLB XDG_SESSION_TYPE=x11 DBUS_SESSION_BUS_ADDRESS=unix:abstract=/tmp/dbus-NchK5rkPgl,guid=c5d51710447951946b60eaa35e819269 QT_IM_MODULE=ibus USER=CLB XAUTHORITY=/home/riki/.Xauthority DBUS_STARTER_BUS_TYPE=session LC_ADDRESS=en_GB.UTF-8 SHLVL=0 UPSTART_INSTANCE= XDG_SESSION_DESKTOP=ubuntu DBUS_DEBUG_OUTPUT=1 SHELL=/bin/bash UPSTART_EVENTS=starting QT_ACCESSIBILITY=1 LC_NAME=en_GB.UTF-8 LC_MEASUREMENT=en_GB.UTF-8 LC_TIME=en_GB.UTF-8 LC_MONETARY=en_GB.UTF-8 INSTANCE= XDG_DATA_DIRS=/usr/share/ubuntu:/usr/share/gnome:/usr/local/share/:/usr/share/:/var/lib/snapd/desktop LANGUAGE=en_US QT4_IM_MODULE=xim IM_CONFIG_PHASE=1 JAVA_HOME=/opt/jdk1.8.0_221 GTK2_MODULES=overlay-scrollbar LC_TELEPHONE=en_GB.UTF-8 JOB=xsession-init PWD=/home/riki HOME=/home/riki DBUS_STARTER_ADDRESS=unix:abstract=/tmp/dbus-NchK5rkPgl,guid=c5d51710447951946b60eaa35e819269 CLUTTER_IM_MODULE=xim JRE_HOME=/opt/jdk1.8.0_221/jre DISPLAY=:0 LC_PAPER=en_GB.UTF-8 LC_NUMERIC=en_GB.UTF-8 UPSTART_JOB=dbus PATH=/home/riki/bin:/home/riki/.local/bin:{JAVA_HOME}/bin:/usr/local/sbin:/usr/local/bin:/usr/sbin:/usr/bin:/sbin:/bin:/usr/games:/usr/local/games:/snap/bin XDG_VTNR=7 GTK_MODULES=gail:atk-bridge:unity-gtk-module GTK_IM_MODULE=ibus GDMSESSION=ubuntu XDG_SESSION_ID=c2 XDG_SEAT=seat0 COMPIZ_CONFIG_PROFILE=ubuntu MANDATORY_PATH=/usr/share/gconf/ubuntu.mandatory.path PAPERSIZE=a4 LANG=en_US.UTF-8 LOGNAME=CLB SESSIONTYPE=gnome-session DEFAULTS_PATH=/usr/share/gconf/ubuntu.default.path XDG_SESSION_PATH=/org/freedesktop/DisplayManager/Session0 XDG_CURRENT_DESKTOP=Unity DESKTOP_SESSION=ubuntu LC_IDENTIFICATION=en_GB.UTF-8 QT_LINUX_ACCESSIBILITY_ALWAYS_ON=1 XDG_SEAT_PATH=/org/freedesktop/DisplayManager/Seat0 CLASSPATH=.:/opt/jdk1.8.0_221/lib:/opt/jdk1.8.0_221/jre/lib QT_QPA_PLATFORMTHEME=appmenu-qt5 GDM_LANG=en_US UPSTART_SESSION=unix:abstract=/com/ubuntu/upstart-session/1000/1621 XDG_CONFIG_DIRS=/etc/xdg/xdg-ubuntu:/usr/share/upstart/xdg:/etc/xdg
CLB           -  0.0    -      -     - -        Sl   12:03   0:00 -
CLB           -  0.0    -      -     - -        Sl   12:03   0:00 -
CLB           -  0.0    -      -     - -        Sl   12:03   0:00 -
CLB        2112  0.0  0.0 846912   500 ?        -    12:03   0:00 /usr/lib/evolution/evolution-addressbook-factory-subprocess --factory local --bus-name org.gnome.evolution.dataserver.Subprocess.Backend.AddressBookx2094x2 --own-path /org/gnome/evolution/dataserver/Subprocess/Backend/AddressBook/2094/2 XDG_RUNTIME_DIR=/run/user/1000 SESSION_MANAGER=local/CLB:@/tmp/.ICE-unix/1861,unix/CLB:/tmp/.ICE-unix/1861 XMODIFIERS=@im XDG_GREETER_DATA_DIR=/var/lib/lightdm-data/CLB XDG_SESSION_TYPE=x11 DBUS_SESSION_BUS_ADDRESS=unix:abstract=/tmp/dbus-NchK5rkPgl,guid=c5d51710447951946b60eaa35e819269 QT_IM_MODULE=ibus USER=CLB XAUTHORITY=/home/riki/.Xauthority DBUS_STARTER_BUS_TYPE=session LC_ADDRESS=en_GB.UTF-8 SHLVL=0 UPSTART_INSTANCE= XDG_MENU_PREFIX=gnome- GNOME_KEYRING_CONTROL= XDG_SESSION_DESKTOP=ubuntu DBUS_DEBUG_OUTPUT=1 SHELL=/bin/bash UPSTART_EVENTS=starting QT_ACCESSIBILITY=1 LC_NAME=en_GB.UTF-8 LC_MEASUREMENT=en_GB.UTF-8 LC_TIME=en_GB.UTF-8 LC_MONETARY=en_GB.UTF-8 INSTANCE= XDG_DATA_DIRS=/usr/share/ubuntu:/usr/share/gnome:/usr/local/share/:/usr/share/:/var/lib/snapd/desktop LANGUAGE=en_US QT4_IM_MODULE=xim IM_CONFIG_PHASE=1 JAVA_HOME=/opt/jdk1.8.0_221 GTK2_MODULES=overlay-scrollbar LC_TELEPHONE=en_GB.UTF-8 JOB=xsession-init PWD=/home/riki HOME=/home/riki DBUS_STARTER_ADDRESS=unix:abstract=/tmp/dbus-NchK5rkPgl,guid=c5d51710447951946b60eaa35e819269 CLUTTER_IM_MODULE=xim JRE_HOME=/opt/jdk1.8.0_221/jre DISPLAY=:0 SSH_AUTH_SOCK=/run/user/1000/keyring/ssh LC_PAPER=en_GB.UTF-8 LC_NUMERIC=en_GB.UTF-8 UPSTART_JOB=dbus PATH=/home/riki/bin:/home/riki/.local/bin:{JAVA_HOME}/bin:/usr/local/sbin:/usr/local/bin:/usr/sbin:/usr/bin:/sbin:/bin:/usr/games:/usr/local/games:/snap/bin GNOME_DESKTOP_SESSION_ID=this-is-deprecated XDG_VTNR=7 GTK_MODULES=gail:atk-bridge:unity-gtk-module GTK_IM_MODULE=ibus GDMSESSION=ubuntu XDG_SESSION_ID=c2 GPG_AGENT_INFO=/home/riki/.gnupg/S.gpg-agent:0:1 XDG_SEAT=seat0 COMPIZ_CONFIG_PROFILE=ubuntu MANDATORY_PATH=/usr/share/gconf/ubuntu.mandatory.path PAPERSIZE=a4 LANG=en_US.UTF-8 LOGNAME=CLB SESSIONTYPE=gnome-session DEFAULTS_PATH=/usr/share/gconf/ubuntu.default.path XDG_SESSION_PATH=/org/freedesktop/DisplayManager/Session0 XDG_CURRENT_DESKTOP=Unity DESKTOP_SESSION=ubuntu LC_IDENTIFICATION=en_GB.UTF-8 QT_LINUX_ACCESSIBILITY_ALWAYS_ON=1 XDG_SEAT_PATH=/org/freedesktop/DisplayManager/Seat0 GNOME_KEYRING_PID= CLASSPATH=.:/opt/jdk1.8.0_221/lib:/opt/jdk1.8.0_221/jre/lib QT_QPA_PLATFORMTHEME=appmenu-qt5 GDM_LANG=en_US UPSTART_SESSION=unix:abstract=/com/ubuntu/upstart-session/1000/1621 XDG_CONFIG_DIRS=/etc/xdg/xdg-ubuntu:/usr/share/upstart/xdg:/etc/xdg
CLB           -  0.0    -      -     - -        Sl   12:03   0:00 -
CLB           -  0.0    -      -     - -        Sl   12:03   0:00 -
CLB           -  0.0    -      -     - -        Sl   12:03   0:00 -
CLB           -  0.0    -      -     - -        Sl   12:03   0:00 -
CLB           -  0.0    -      -     - -        Sl   12:03   0:00 -
CLB        2124  0.0  0.0  68244    48 ?        -    12:03   0:00 /usr/lib/x86_64-linux-gnu/gconf/gconfd-2 XDG_RUNTIME_DIR=/run/user/1000 SESSION_MANAGER=local/CLB:@/tmp/.ICE-unix/1861,unix/CLB:/tmp/.ICE-unix/1861 XMODIFIERS=@im XDG_GREETER_DATA_DIR=/var/lib/lightdm-data/CLB XDG_SESSION_TYPE=x11 DBUS_SESSION_BUS_ADDRESS=unix:abstract=/tmp/dbus-NchK5rkPgl,guid=c5d51710447951946b60eaa35e819269 QT_IM_MODULE=ibus USER=CLB XAUTHORITY=/home/riki/.Xauthority DBUS_STARTER_BUS_TYPE=session LC_ADDRESS=en_GB.UTF-8 SHLVL=0 UPSTART_INSTANCE= XDG_MENU_PREFIX=gnome- GNOME_KEYRING_CONTROL= XDG_SESSION_DESKTOP=ubuntu DBUS_DEBUG_OUTPUT=1 SHELL=/bin/bash UPSTART_EVENTS=starting QT_ACCESSIBILITY=1 LC_NAME=en_GB.UTF-8 LC_MEASUREMENT=en_GB.UTF-8 LC_TIME=en_GB.UTF-8 LC_MONETARY=en_GB.UTF-8 INSTANCE= XDG_DATA_DIRS=/usr/share/ubuntu:/usr/share/gnome:/usr/local/share/:/usr/share/:/var/lib/snapd/desktop LANGUAGE=en_US QT4_IM_MODULE=xim IM_CONFIG_PHASE=1 JAVA_HOME=/opt/jdk1.8.0_221 GTK2_MODULES=overlay-scrollbar LC_TELEPHONE=en_GB.UTF-8 JOB=xsession-init PWD=/home/riki HOME=/home/riki DBUS_STARTER_ADDRESS=unix:abstract=/tmp/dbus-NchK5rkPgl,guid=c5d51710447951946b60eaa35e819269 CLUTTER_IM_MODULE=xim JRE_HOME=/opt/jdk1.8.0_221/jre DISPLAY=:0 SSH_AUTH_SOCK=/run/user/1000/keyring/ssh LC_PAPER=en_GB.UTF-8 LC_NUMERIC=en_GB.UTF-8 UPSTART_JOB=dbus PATH=/home/riki/bin:/home/riki/.local/bin:{JAVA_HOME}/bin:/usr/local/sbin:/usr/local/bin:/usr/sbin:/usr/bin:/sbin:/bin:/usr/games:/usr/local/games:/snap/bin GNOME_DESKTOP_SESSION_ID=this-is-deprecated XDG_VTNR=7 GTK_MODULES=gail:atk-bridge:unity-gtk-module GTK_IM_MODULE=ibus GDMSESSION=ubuntu XDG_SESSION_ID=c2 GPG_AGENT_INFO=/home/riki/.gnupg/S.gpg-agent:0:1 XDG_SEAT=seat0 COMPIZ_CONFIG_PROFILE=ubuntu MANDATORY_PATH=/usr/share/gconf/ubuntu.mandatory.path PAPERSIZE=a4 LANG=en_US.UTF-8 LOGNAME=CLB SESSIONTYPE=gnome-session DEFAULTS_PATH=/usr/share/gconf/ubuntu.default.path XDG_SESSION_PATH=/org/freedesktop/DisplayManager/Session0 XDG_CURRENT_DESKTOP=Unity DESKTOP_SESSION=ubuntu LC_IDENTIFICATION=en_GB.UTF-8 QT_LINUX_ACCESSIBILITY_ALWAYS_ON=1 XDG_SEAT_PATH=/org/freedesktop/DisplayManager/Seat0 GNOME_KEYRING_PID= CLASSPATH=.:/opt/jdk1.8.0_221/lib:/opt/jdk1.8.0_221/jre/lib QT_QPA_PLATFORMTHEME=appmenu-qt5 GDM_LANG=en_US UPSTART_SESSION=unix:abstract=/com/ubuntu/upstart-session/1000/1621 XDG_CONFIG_DIRS=/etc/xdg/xdg-ubuntu:/usr/share/upstart/xdg:/etc/xdg
CLB           -  0.0    -      -     - -        S    12:03   0:00 -
CLB        2180  0.0  0.0 193164     0 ?        -    12:03   0:00 /usr/lib/gvfs/gvfsd-metadata XDG_RUNTIME_DIR=/run/user/1000 SESSION_MANAGER=local/CLB:@/tmp/.ICE-unix/1861,unix/CLB:/tmp/.ICE-unix/1861 XMODIFIERS=@im XDG_GREETER_DATA_DIR=/var/lib/lightdm-data/CLB XDG_SESSION_TYPE=x11 DBUS_SESSION_BUS_ADDRESS=unix:abstract=/tmp/dbus-NchK5rkPgl,guid=c5d51710447951946b60eaa35e819269 QT_IM_MODULE=ibus USER=CLB XAUTHORITY=/home/riki/.Xauthority DBUS_STARTER_BUS_TYPE=session LC_ADDRESS=en_GB.UTF-8 SHLVL=0 UPSTART_INSTANCE= XDG_MENU_PREFIX=gnome- GNOME_KEYRING_CONTROL= XDG_SESSION_DESKTOP=ubuntu DBUS_DEBUG_OUTPUT=1 SHELL=/bin/bash UPSTART_EVENTS=starting QT_ACCESSIBILITY=1 LC_NAME=en_GB.UTF-8 LC_MEASUREMENT=en_GB.UTF-8 LC_TIME=en_GB.UTF-8 LC_MONETARY=en_GB.UTF-8 INSTANCE= XDG_DATA_DIRS=/usr/share/ubuntu:/usr/share/gnome:/usr/local/share/:/usr/share/:/var/lib/snapd/desktop LANGUAGE=en_US QT4_IM_MODULE=xim IM_CONFIG_PHASE=1 JAVA_HOME=/opt/jdk1.8.0_221 GTK2_MODULES=overlay-scrollbar LC_TELEPHONE=en_GB.UTF-8 JOB=xsession-init PWD=/home/riki HOME=/home/riki DBUS_STARTER_ADDRESS=unix:abstract=/tmp/dbus-NchK5rkPgl,guid=c5d51710447951946b60eaa35e819269 CLUTTER_IM_MODULE=xim JRE_HOME=/opt/jdk1.8.0_221/jre DISPLAY=:0 SSH_AUTH_SOCK=/run/user/1000/keyring/ssh LC_PAPER=en_GB.UTF-8 LC_NUMERIC=en_GB.UTF-8 UPSTART_JOB=dbus PATH=/home/riki/bin:/home/riki/.local/bin:{JAVA_HOME}/bin:/usr/local/sbin:/usr/local/bin:/usr/sbin:/usr/bin:/sbin:/bin:/usr/games:/usr/local/games:/snap/bin GNOME_DESKTOP_SESSION_ID=this-is-deprecated XDG_VTNR=7 GTK_MODULES=gail:atk-bridge:unity-gtk-module GTK_IM_MODULE=ibus GDMSESSION=ubuntu XDG_SESSION_ID=c2 GPG_AGENT_INFO=/home/riki/.gnupg/S.gpg-agent:0:1 XDG_SEAT=seat0 COMPIZ_CONFIG_PROFILE=ubuntu MANDATORY_PATH=/usr/share/gconf/ubuntu.mandatory.path PAPERSIZE=a4 LANG=en_US.UTF-8 LOGNAME=CLB SESSIONTYPE=gnome-session DEFAULTS_PATH=/usr/share/gconf/ubuntu.default.path XDG_SESSION_PATH=/org/freedesktop/DisplayManager/Session0 XDG_CURRENT_DESKTOP=Unity DESKTOP_SESSION=ubuntu LC_IDENTIFICATION=en_GB.UTF-8 QT_LINUX_ACCESSIBILITY_ALWAYS_ON=1 XDG_SEAT_PATH=/org/freedesktop/DisplayManager/Seat0 GNOME_KEYRING_PID= CLASSPATH=.:/opt/jdk1.8.0_221/lib:/opt/jdk1.8.0_221/jre/lib QT_QPA_PLATFORMTHEME=appmenu-qt5 GDM_LANG=en_US UPSTART_SESSION=unix:abstract=/com/ubuntu/upstart-session/1000/1621 XDG_CONFIG_DIRS=/etc/xdg/xdg-ubuntu:/usr/share/upstart/xdg:/etc/xdg
CLB           -  0.0    -      -     - -        Sl   12:03   0:00 -
CLB           -  0.0    -      -     - -        Sl   12:03   0:00 -
CLB           -  0.0    -      -     - -        Sl   12:03   0:00 -
CLB        2198  0.0  0.0 494748    36 ?        -    12:04   0:00 zeitgeist-datahub GNOME_KEYRING_PID= USER=CLB LANGUAGE=en_US LC_TIME=en_GB.UTF-8 XDG_SEAT=seat0 XDG_SESSION_TYPE=x11 COMPIZ_CONFIG_PROFILE=ubuntu SESSION=ubuntu SHLVL=0 HOME=/home/riki QT4_IM_MODULE=xim JRE_HOME=/opt/jdk1.8.0_221/jre DESKTOP_SESSION=ubuntu QT_LINUX_ACCESSIBILITY_ALWAYS_ON=1 GTK_MODULES=gail:atk-bridge:unity-gtk-module XDG_SEAT_PATH=/org/freedesktop/DisplayManager/Seat0 LC_MONETARY=en_GB.UTF-8 INSTANCE= DBUS_SESSION_BUS_ADDRESS=unix:abstract=/tmp/dbus-NchK5rkPgl GNOME_KEYRING_CONTROL= QT_QPA_PLATFORMTHEME=appmenu-qt5 MANDATORY_PATH=/usr/share/gconf/ubuntu.mandatory.path IM_CONFIG_PHASE=1 SESSIONTYPE=gnome-session LOGNAME=CLB GTK_IM_MODULE=ibus DEFAULTS_PATH=/usr/share/gconf/ubuntu.default.path XDG_SESSION_ID=c2 GNOME_DESKTOP_SESSION_ID=this-is-deprecated GTK2_MODULES=overlay-scrollbar PATH=/home/riki/bin:/home/riki/.local/bin:{JAVA_HOME}/bin:/usr/local/sbin:/usr/local/bin:/usr/sbin:/usr/bin:/sbin:/bin:/usr/games:/usr/local/games:/snap/bin GDM_LANG=en_US PAPERSIZE=a4 LC_ADDRESS=en_GB.UTF-8 XDG_SESSION_PATH=/org/freedesktop/DisplayManager/Session0 XDG_RUNTIME_DIR=/run/user/1000 DISPLAY=:0 LC_TELEPHONE=en_GB.UTF-8 LANG=en_US.UTF-8 XDG_CURRENT_DESKTOP=Unity XMODIFIERS=@im=ibus XDG_SESSION_DESKTOP=ubuntu XAUTHORITY=/home/riki/.Xauthority XDG_GREETER_DATA_DIR=/var/lib/lightdm-data/CLB SSH_AUTH_SOCK=/run/user/1000/keyring/ssh SHELL=/bin/bash LC_NAME=en_GB.UTF-8 QT_ACCESSIBILITY=1 GDMSESSION=ubuntu LC_MEASUREMENT=en_GB.UTF-8 LC_IDENTIFICATION=en_GB.UTF-8 CLASSPATH=.:/opt/jdk1.8.0_221/lib:/opt/jdk1.8.0_221/jre/lib GPG_AGENT_INFO=/home/riki/.gnupg/S.gpg-agent:0:1 UPSTART_SESSION=unix:abstract=/com/ubuntu/upstart-session/1000/1621 XDG_VTNR=7 QT_IM_MODULE=ibus PWD=/home/riki JAVA_HOME=/opt/jdk1.8.0_221 CLUTTER_IM_MODULE=xim XDG_CONFIG_DIRS=/etc/xdg/xdg-ubuntu:/usr/share/upstart/xdg:/etc/xdg XDG_DATA_DIRS=/usr/share/ubuntu:/usr/share/gnome:/usr/local/share/:/usr/share/:/var/lib/snapd/desktop LC_NUMERIC=en_GB.UTF-8 LC_PAPER=en_GB.UTF-8 JOB=dbus XDG_MENU_PREFIX=gnome- SESSION_MANAGER=local/CLB:@/tmp/.ICE-unix/1861,unix/CLB:/tmp/.ICE-unix/1861 DESKTOP_AUTOSTART_ID=10de47365015c01998158554993295813600000018610041 GIO_LAUNCHED_DESKTOP_FILE=/etc/xdg/autostart/zeitgeist-datahub.desktop GIO_LAUNCHED_DESKTOP_FILE_PID=2198
CLB           -  0.0    -      -     - -        Sl   12:04   0:00 -
CLB           -  0.0    -      -     - -        Sl   12:04   0:00 -
CLB           -  0.0    -      -     - -        Sl   12:04   0:00 -
CLB           -  0.0    -      -     - -        Sl   12:04   0:00 -
CLB           -  0.0    -      -     - -        Sl   12:04   0:00 -
CLB        2205  0.0  0.0   4508     0 ?        -    12:04   0:00 /bin/sh -c /usr/lib/x86_64-linux-gnu/zeitgeist/zeitgeist-maybe-vacuum; /usr/bin/zeitgeist-daemon XDG_RUNTIME_DIR=/run/user/1000 SESSION_MANAGER=local/CLB:@/tmp/.ICE-unix/1861,unix/CLB:/tmp/.ICE-unix/1861 XMODIFIERS=@im XDG_GREETER_DATA_DIR=/var/lib/lightdm-data/CLB XDG_SESSION_TYPE=x11 DBUS_SESSION_BUS_ADDRESS=unix:abstract=/tmp/dbus-NchK5rkPgl,guid=c5d51710447951946b60eaa35e819269 QT_IM_MODULE=ibus USER=CLB XAUTHORITY=/home/riki/.Xauthority DBUS_STARTER_BUS_TYPE=session LC_ADDRESS=en_GB.UTF-8 SHLVL=0 UPSTART_INSTANCE= XDG_MENU_PREFIX=gnome- GNOME_KEYRING_CONTROL= XDG_SESSION_DESKTOP=ubuntu DBUS_DEBUG_OUTPUT=1 SHELL=/bin/bash UPSTART_EVENTS=starting QT_ACCESSIBILITY=1 LC_NAME=en_GB.UTF-8 LC_MEASUREMENT=en_GB.UTF-8 LC_TIME=en_GB.UTF-8 LC_MONETARY=en_GB.UTF-8 INSTANCE= XDG_DATA_DIRS=/usr/share/ubuntu:/usr/share/gnome:/usr/local/share/:/usr/share/:/var/lib/snapd/desktop LANGUAGE=en_US QT4_IM_MODULE=xim IM_CONFIG_PHASE=1 JAVA_HOME=/opt/jdk1.8.0_221 GTK2_MODULES=overlay-scrollbar LC_TELEPHONE=en_GB.UTF-8 JOB=xsession-init PWD=/home/riki HOME=/home/riki DBUS_STARTER_ADDRESS=unix:abstract=/tmp/dbus-NchK5rkPgl,guid=c5d51710447951946b60eaa35e819269 CLUTTER_IM_MODULE=xim JRE_HOME=/opt/jdk1.8.0_221/jre DISPLAY=:0 SSH_AUTH_SOCK=/run/user/1000/keyring/ssh LC_PAPER=en_GB.UTF-8 LC_NUMERIC=en_GB.UTF-8 UPSTART_JOB=dbus PATH=/home/riki/bin:/home/riki/.local/bin:{JAVA_HOME}/bin:/usr/local/sbin:/usr/local/bin:/usr/sbin:/usr/bin:/sbin:/bin:/usr/games:/usr/local/games:/snap/bin GNOME_DESKTOP_SESSION_ID=this-is-deprecated XDG_VTNR=7 GTK_MODULES=gail:atk-bridge:unity-gtk-module GTK_IM_MODULE=ibus GDMSESSION=ubuntu XDG_SESSION_ID=c2 GPG_AGENT_INFO=/home/riki/.gnupg/S.gpg-agent:0:1 XDG_SEAT=seat0 COMPIZ_CONFIG_PROFILE=ubuntu MANDATORY_PATH=/usr/share/gconf/ubuntu.mandatory.path PAPERSIZE=a4 LANG=en_US.UTF-8 LOGNAME=CLB SESSIONTYPE=gnome-session DEFAULTS_PATH=/usr/share/gconf/ubuntu.default.path XDG_SESSION_PATH=/org/freedesktop/DisplayManager/Session0 XDG_CURRENT_DESKTOP=Unity DESKTOP_SESSION=ubuntu LC_IDENTIFICATION=en_GB.UTF-8 QT_LINUX_ACCESSIBILITY_ALWAYS_ON=1 XDG_SEAT_PATH=/org/freedesktop/DisplayManager/Seat0 GNOME_KEYRING_PID= CLASSPATH=.:/opt/jdk1.8.0_221/lib:/opt/jdk1.8.0_221/jre/lib QT_QPA_PLATFORMTHEME=appmenu-qt5 GDM_LANG=en_US UPSTART_SESSION=unix:abstract=/com/ubuntu/upstart-session/1000/1621 XDG_CONFIG_DIRS=/etc/xdg/xdg-ubuntu:/usr/share/upstart/xdg:/etc/xdg
CLB           -  0.0    -      -     - -        S    12:04   0:00 -
CLB        2209  0.0  0.0 410252   528 ?        -    12:04   0:00 /usr/bin/zeitgeist-daemon GNOME_KEYRING_PID= USER=CLB UPSTART_INSTANCE= LC_TIME=en_GB.UTF-8 LANGUAGE=en_US XDG_SEAT=seat0 XDG_SESSION_TYPE=x11 COMPIZ_CONFIG_PROFILE=ubuntu SHLVL=0 QT4_IM_MODULE=xim HOME=/home/riki JRE_HOME=/opt/jdk1.8.0_221/jre DESKTOP_SESSION=ubuntu GTK_MODULES=gail:atk-bridge:unity-gtk-module QT_LINUX_ACCESSIBILITY_ALWAYS_ON=1 XDG_SEAT_PATH=/org/freedesktop/DisplayManager/Seat0 LC_MONETARY=en_GB.UTF-8 INSTANCE= DBUS_SESSION_BUS_ADDRESS=unix:abstract=/tmp/dbus-NchK5rkPgl,guid=c5d51710447951946b60eaa35e819269 DBUS_STARTER_BUS_TYPE=session GNOME_KEYRING_CONTROL= IM_CONFIG_PHASE=1 UPSTART_JOB=dbus MANDATORY_PATH=/usr/share/gconf/ubuntu.mandatory.path SESSIONTYPE=gnome-session QT_QPA_PLATFORMTHEME=appmenu-qt5 GTK_IM_MODULE=ibus LOGNAME=CLB DEFAULTS_PATH=/usr/share/gconf/ubuntu.default.path DBUS_DEBUG_OUTPUT=1 XDG_SESSION_ID=c2 GNOME_DESKTOP_SESSION_ID=this-is-deprecated GTK2_MODULES=overlay-scrollbar PATH=/home/riki/bin:/home/riki/.local/bin:{JAVA_HOME}/bin:/usr/local/sbin:/usr/local/bin:/usr/sbin:/usr/bin:/sbin:/bin:/usr/games:/usr/local/games:/snap/bin SESSION_MANAGER=local/CLB:@/tmp/.ICE-unix/1861,unix/CLB:/tmp/.ICE-unix/1861 PAPERSIZE=a4 GDM_LANG=en_US XDG_RUNTIME_DIR=/run/user/1000 LC_ADDRESS=en_GB.UTF-8 XDG_MENU_PREFIX=gnome- XDG_SESSION_PATH=/org/freedesktop/DisplayManager/Session0 DISPLAY=:0 LC_TELEPHONE=en_GB.UTF-8 LANG=en_US.UTF-8 XDG_CURRENT_DESKTOP=Unity XMODIFIERS=@im XAUTHORITY=/home/riki/.Xauthority XDG_SESSION_DESKTOP=ubuntu XDG_GREETER_DATA_DIR=/var/lib/lightdm-data/CLB SSH_AUTH_SOCK=/run/user/1000/keyring/ssh SHELL=/bin/bash LC_NAME=en_GB.UTF-8 QT_ACCESSIBILITY=1 GDMSESSION=ubuntu UPSTART_EVENTS=starting LC_MEASUREMENT=en_GB.UTF-8 GPG_AGENT_INFO=/home/riki/.gnupg/S.gpg-agent:0:1 LC_IDENTIFICATION=en_GB.UTF-8 CLASSPATH=.:/opt/jdk1.8.0_221/lib:/opt/jdk1.8.0_221/jre/lib UPSTART_SESSION=unix:abstract=/com/ubuntu/upstart-session/1000/1621 QT_IM_MODULE=ibus XDG_VTNR=7 JAVA_HOME=/opt/jdk1.8.0_221 PWD=/ XDG_DATA_DIRS=/usr/share/ubuntu:/usr/share/gnome:/usr/local/share/:/usr/share/:/var/lib/snapd/desktop DBUS_STARTER_ADDRESS=unix:abstract=/tmp/dbus-NchK5rkPgl,guid=c5d51710447951946b60eaa35e819269 CLUTTER_IM_MODULE=xim XDG_CONFIG_DIRS=/etc/xdg/xdg-ubuntu:/usr/share/upstart/xdg:/etc/xdg LC_NUMERIC=en_GB.UTF-8 LC_PAPER=en_GB.UTF-8 JOB=xsession-init
CLB           -  0.0    -      -     - -        Sl   12:04   0:00 -
CLB           -  0.0    -      -     - -        Sl   12:04   0:00 -
CLB           -  0.0    -      -     - -        Sl   12:04   0:00 -
CLB        2216  0.0  0.0 317284   300 ?        -    12:04   0:01 /usr/lib/x86_64-linux-gnu/zeitgeist-fts XDG_RUNTIME_DIR=/run/user/1000 SESSION_MANAGER=local/CLB:@/tmp/.ICE-unix/1861,unix/CLB:/tmp/.ICE-unix/1861 XMODIFIERS=@im XDG_GREETER_DATA_DIR=/var/lib/lightdm-data/CLB XDG_SESSION_TYPE=x11 DBUS_SESSION_BUS_ADDRESS=unix:abstract=/tmp/dbus-NchK5rkPgl,guid=c5d51710447951946b60eaa35e819269 QT_IM_MODULE=ibus USER=CLB XAUTHORITY=/home/riki/.Xauthority DBUS_STARTER_BUS_TYPE=session LC_ADDRESS=en_GB.UTF-8 SHLVL=0 UPSTART_INSTANCE= XDG_MENU_PREFIX=gnome- GNOME_KEYRING_CONTROL= XDG_SESSION_DESKTOP=ubuntu DBUS_DEBUG_OUTPUT=1 SHELL=/bin/bash ZEITGEIST_DATA_PATH=/home/riki/.local/share/zeitgeist UPSTART_EVENTS=starting QT_ACCESSIBILITY=1 LC_NAME=en_GB.UTF-8 LC_MEASUREMENT=en_GB.UTF-8 LC_TIME=en_GB.UTF-8 LC_MONETARY=en_GB.UTF-8 INSTANCE= XDG_DATA_DIRS=/usr/share/ubuntu:/usr/share/gnome:/usr/local/share/:/usr/share/:/var/lib/snapd/desktop LANGUAGE=en_US QT4_IM_MODULE=xim IM_CONFIG_PHASE=1 JAVA_HOME=/opt/jdk1.8.0_221 GTK2_MODULES=overlay-scrollbar LC_TELEPHONE=en_GB.UTF-8 JOB=xsession-init PWD=/home/riki HOME=/home/riki DBUS_STARTER_ADDRESS=unix:abstract=/tmp/dbus-NchK5rkPgl,guid=c5d51710447951946b60eaa35e819269 CLUTTER_IM_MODULE=xim JRE_HOME=/opt/jdk1.8.0_221/jre DISPLAY=:0 SSH_AUTH_SOCK=/run/user/1000/keyring/ssh LC_PAPER=en_GB.UTF-8 LC_NUMERIC=en_GB.UTF-8 UPSTART_JOB=dbus PATH=/home/riki/bin:/home/riki/.local/bin:{JAVA_HOME}/bin:/usr/local/sbin:/usr/local/bin:/usr/sbin:/usr/bin:/sbin:/bin:/usr/games:/usr/local/games:/snap/bin GNOME_DESKTOP_SESSION_ID=this-is-deprecated XDG_VTNR=7 GTK_MODULES=gail:atk-bridge:unity-gtk-module GTK_IM_MODULE=ibus GDMSESSION=ubuntu XDG_SESSION_ID=c2 GPG_AGENT_INFO=/home/riki/.gnupg/S.gpg-agent:0:1 XDG_SEAT=seat0 COMPIZ_CONFIG_PROFILE=ubuntu MANDATORY_PATH=/usr/share/gconf/ubuntu.mandatory.path PAPERSIZE=a4 LANG=en_US.UTF-8 LOGNAME=CLB SESSIONTYPE=gnome-session DEFAULTS_PATH=/usr/share/gconf/ubuntu.default.path XDG_SESSION_PATH=/org/freedesktop/DisplayManager/Session0 XDG_CURRENT_DESKTOP=Unity DESKTOP_SESSION=ubuntu LC_IDENTIFICATION=en_GB.UTF-8 QT_LINUX_ACCESSIBILITY_ALWAYS_ON=1 XDG_SEAT_PATH=/org/freedesktop/DisplayManager/Seat0 GNOME_KEYRING_PID= CLASSPATH=.:/opt/jdk1.8.0_221/lib:/opt/jdk1.8.0_221/jre/lib QT_QPA_PLATFORMTHEME=appmenu-qt5 GDM_LANG=en_US UPSTART_SESSION=unix:abstract=/com/ubuntu/upstart-session/1000/1621 XDG_CONFIG_DIRS=/etc/xdg/xdg-ubuntu:/usr/share/upstart/xdg:/etc/xdg
CLB           -  0.0    -      -     - -        Sl   12:04   0:00 -
CLB           -  0.0    -      -     - -        Sl   12:04   0:00 -
CLB           -  0.0    -      -     - -        Sl   12:04   0:00 -
CLB        2261  0.0  1.0 566836 10532 ?        -    12:04   0:01 update-notifier GNOME_KEYRING_PID= USER=CLB LANGUAGE=en_US LC_TIME=en_GB.UTF-8 XDG_SEAT=seat0 XDG_SESSION_TYPE=x11 COMPIZ_CONFIG_PROFILE=ubuntu SESSION=ubuntu SHLVL=0 HOME=/home/riki QT4_IM_MODULE=xim JRE_HOME=/opt/jdk1.8.0_221/jre DESKTOP_SESSION=ubuntu QT_LINUX_ACCESSIBILITY_ALWAYS_ON=1 GTK_MODULES=gail:atk-bridge:unity-gtk-module XDG_SEAT_PATH=/org/freedesktop/DisplayManager/Seat0 LC_MONETARY=en_GB.UTF-8 INSTANCE= DBUS_SESSION_BUS_ADDRESS=unix:abstract=/tmp/dbus-NchK5rkPgl GNOME_KEYRING_CONTROL= QT_QPA_PLATFORMTHEME=appmenu-qt5 MANDATORY_PATH=/usr/share/gconf/ubuntu.mandatory.path IM_CONFIG_PHASE=1 SESSIONTYPE=gnome-session LOGNAME=CLB GTK_IM_MODULE=ibus DEFAULTS_PATH=/usr/share/gconf/ubuntu.default.path XDG_SESSION_ID=c2 GNOME_DESKTOP_SESSION_ID=this-is-deprecated GTK2_MODULES=overlay-scrollbar PATH=/home/riki/bin:/home/riki/.local/bin:{JAVA_HOME}/bin:/usr/local/sbin:/usr/local/bin:/usr/sbin:/usr/bin:/sbin:/bin:/usr/games:/usr/local/games:/snap/bin GDM_LANG=en_US PAPERSIZE=a4 LC_ADDRESS=en_GB.UTF-8 XDG_SESSION_PATH=/org/freedesktop/DisplayManager/Session0 XDG_RUNTIME_DIR=/run/user/1000 DISPLAY=:0 LC_TELEPHONE=en_GB.UTF-8 LANG=en_US.UTF-8 XDG_CURRENT_DESKTOP=Unity XMODIFIERS=@im=ibus XDG_SESSION_DESKTOP=ubuntu XAUTHORITY=/home/riki/.Xauthority XDG_GREETER_DATA_DIR=/var/lib/lightdm-data/CLB SSH_AUTH_SOCK=/run/user/1000/keyring/ssh SHELL=/bin/bash LC_NAME=en_GB.UTF-8 QT_ACCESSIBILITY=1 GDMSESSION=ubuntu LC_MEASUREMENT=en_GB.UTF-8 LC_IDENTIFICATION=en_GB.UTF-8 CLASSPATH=.:/opt/jdk1.8.0_221/lib:/opt/jdk1.8.0_221/jre/lib GPG_AGENT_INFO=/home/riki/.gnupg/S.gpg-agent:0:1 UPSTART_SESSION=unix:abstract=/com/ubuntu/upstart-session/1000/1621 XDG_VTNR=7 QT_IM_MODULE=ibus PWD=/home/riki JAVA_HOME=/opt/jdk1.8.0_221 CLUTTER_IM_MODULE=xim XDG_CONFIG_DIRS=/etc/xdg/xdg-ubuntu:/usr/share/upstart/xdg:/etc/xdg XDG_DATA_DIRS=/usr/share/ubuntu:/usr/share/gnome:/usr/local/share/:/usr/share/:/var/lib/snapd/desktop LC_NUMERIC=en_GB.UTF-8 LC_PAPER=en_GB.UTF-8 JOB=dbus XDG_MENU_PREFIX=gnome- SESSION_MANAGER=local/CLB:@/tmp/.ICE-unix/1861,unix/CLB:/tmp/.ICE-unix/1861 DESKTOP_AUTOSTART_ID=10de47365015c01998158554993294374000000018610029 GIO_LAUNCHED_DESKTOP_FILE=/etc/xdg/autostart/update-notifier.desktop GIO_LAUNCHED_DESKTOP_FILE_PID=2261
CLB           -  0.0    -      -     - -        Sl   12:04   0:00 -
CLB           -  0.0    -      -     - -        Sl   12:04   0:00 -
CLB           -  0.0    -      -     - -        Sl   12:04   0:00 -
CLB           -  0.0    -      -     - -        Sl   12:04   0:00 -
CLB        2317  0.0  0.2 442520  2684 ?        -    12:05   0:00 /usr/lib/x86_64-linux-gnu/deja-dup/deja-dup-monitor GNOME_KEYRING_PID= USER=CLB LANGUAGE=en_US LC_TIME=en_GB.UTF-8 XDG_SEAT=seat0 XDG_SESSION_TYPE=x11 COMPIZ_CONFIG_PROFILE=ubuntu SESSION=ubuntu SHLVL=0 HOME=/home/riki QT4_IM_MODULE=xim JRE_HOME=/opt/jdk1.8.0_221/jre DESKTOP_SESSION=ubuntu QT_LINUX_ACCESSIBILITY_ALWAYS_ON=1 GTK_MODULES=gail:atk-bridge:unity-gtk-module XDG_SEAT_PATH=/org/freedesktop/DisplayManager/Seat0 LC_MONETARY=en_GB.UTF-8 INSTANCE= DBUS_SESSION_BUS_ADDRESS=unix:abstract=/tmp/dbus-NchK5rkPgl GNOME_KEYRING_CONTROL= QT_QPA_PLATFORMTHEME=appmenu-qt5 MANDATORY_PATH=/usr/share/gconf/ubuntu.mandatory.path IM_CONFIG_PHASE=1 SESSIONTYPE=gnome-session LOGNAME=CLB GTK_IM_MODULE=ibus DEFAULTS_PATH=/usr/share/gconf/ubuntu.default.path XDG_SESSION_ID=c2 GNOME_DESKTOP_SESSION_ID=this-is-deprecated GTK2_MODULES=overlay-scrollbar PATH=/home/riki/bin:/home/riki/.local/bin:{JAVA_HOME}/bin:/usr/local/sbin:/usr/local/bin:/usr/sbin:/usr/bin:/sbin:/bin:/usr/games:/usr/local/games:/snap/bin GDM_LANG=en_US PAPERSIZE=a4 LC_ADDRESS=en_GB.UTF-8 XDG_SESSION_PATH=/org/freedesktop/DisplayManager/Session0 XDG_RUNTIME_DIR=/run/user/1000 DISPLAY=:0 LC_TELEPHONE=en_GB.UTF-8 LANG=en_US.UTF-8 XDG_CURRENT_DESKTOP=Unity XMODIFIERS=@im=ibus XDG_SESSION_DESKTOP=ubuntu XAUTHORITY=/home/riki/.Xauthority XDG_GREETER_DATA_DIR=/var/lib/lightdm-data/CLB SSH_AUTH_SOCK=/run/user/1000/keyring/ssh SHELL=/bin/bash LC_NAME=en_GB.UTF-8 QT_ACCESSIBILITY=1 GDMSESSION=ubuntu LC_MEASUREMENT=en_GB.UTF-8 LC_IDENTIFICATION=en_GB.UTF-8 CLASSPATH=.:/opt/jdk1.8.0_221/lib:/opt/jdk1.8.0_221/jre/lib GPG_AGENT_INFO=/home/riki/.gnupg/S.gpg-agent:0:1 UPSTART_SESSION=unix:abstract=/com/ubuntu/upstart-session/1000/1621 XDG_VTNR=7 QT_IM_MODULE=ibus PWD=/home/riki JAVA_HOME=/opt/jdk1.8.0_221 CLUTTER_IM_MODULE=xim XDG_CONFIG_DIRS=/etc/xdg/xdg-ubuntu:/usr/share/upstart/xdg:/etc/xdg XDG_DATA_DIRS=/usr/share/ubuntu:/usr/share/gnome:/usr/local/share/:/usr/share/:/var/lib/snapd/desktop LC_NUMERIC=en_GB.UTF-8 LC_PAPER=en_GB.UTF-8 JOB=dbus XDG_MENU_PREFIX=gnome- SESSION_MANAGER=local/CLB:@/tmp/.ICE-unix/1861,unix/CLB:/tmp/.ICE-unix/1861 DESKTOP_AUTOSTART_ID=10de47365015c01998158554993291176800000018610014 GIO_LAUNCHED_DESKTOP_FILE=/etc/xdg/autostart/deja-dup-monitor.desktop GIO_LAUNCHED_DESKTOP_FILE_PID=2317
CLB           -  0.0    -      -     - -        Sl   12:05   0:00 -
CLB           -  0.0    -      -     - -        Sl   12:05   0:00 -
CLB           -  0.0    -      -     - -        Sl   12:05   0:00 -
CLB           -  0.0    -      -     - -        Sl   12:05   0:00 -
www-data   2452  0.0  0.0 379572    36 ?        -    12:08   0:00 /usr/sbin/apache2 -k start APACHE_RUN_DIR=/var/run/apache2 APACHE_PID_FILE=/var/run/apache2/apache2.pid PATH=/usr/local/sbin:/usr/local/bin:/usr/sbin:/usr/bin:/sbin:/bin APACHE_LOCK_DIR=/var/lock/apache2 LANG=C APACHE_RUN_USER=www-data APACHE_RUN_GROUP=www-data APACHE_LOG_DIR=/var/log/apache2 PWD=/
www-data      -  0.0    -      -     - -        S    12:08   0:00 -
www-data   2453  0.0  0.0 379572    16 ?        -    12:08   0:00 /usr/sbin/apache2 -k start APACHE_RUN_DIR=/var/run/apache2 APACHE_PID_FILE=/var/run/apache2/apache2.pid PATH=/usr/local/sbin:/usr/local/bin:/usr/sbin:/usr/bin:/sbin:/bin APACHE_LOCK_DIR=/var/lock/apache2 LANG=C APACHE_RUN_USER=www-data APACHE_RUN_GROUP=www-data APACHE_LOG_DIR=/var/log/apache2 PWD=/
www-data      -  0.0    -      -     - -        S    12:08   0:00 -
www-data   2455  0.0  0.0 379572    16 ?        -    12:08   0:00 /usr/sbin/apache2 -k start APACHE_RUN_DIR=/var/run/apache2 APACHE_PID_FILE=/var/run/apache2/apache2.pid PATH=/usr/local/sbin:/usr/local/bin:/usr/sbin:/usr/bin:/sbin:/bin APACHE_LOCK_DIR=/var/lock/apache2 LANG=C APACHE_RUN_USER=www-data APACHE_RUN_GROUP=www-data APACHE_LOG_DIR=/var/log/apache2 PWD=/
www-data      -  0.0    -      -     - -        S    12:08   0:00 -
www-data   2457  0.0  0.0 379572    16 ?        -    12:08   0:00 /usr/sbin/apache2 -k start APACHE_RUN_DIR=/var/run/apache2 APACHE_PID_FILE=/var/run/apache2/apache2.pid PATH=/usr/local/sbin:/usr/local/bin:/usr/sbin:/usr/bin:/sbin:/bin APACHE_LOCK_DIR=/var/lock/apache2 LANG=C APACHE_RUN_USER=www-data APACHE_RUN_GROUP=www-data APACHE_LOG_DIR=/var/log/apache2 PWD=/
www-data      -  0.0    -      -     - -        S    12:08   0:00 -
www-data   2458  0.0  0.0 379572    16 ?        -    12:08   0:00 /usr/sbin/apache2 -k start APACHE_RUN_DIR=/var/run/apache2 APACHE_PID_FILE=/var/run/apache2/apache2.pid PATH=/usr/local/sbin:/usr/local/bin:/usr/sbin:/usr/bin:/sbin:/bin APACHE_LOCK_DIR=/var/lock/apache2 LANG=C APACHE_RUN_USER=www-data APACHE_RUN_GROUP=www-data APACHE_LOG_DIR=/var/log/apache2 PWD=/
www-data      -  0.0    -      -     - -        S    12:08   0:00 -
root       2845  0.0  0.0  43604     4 ?        -    12:21   0:00 dbus-launch --autolaunch=6be5413d49d74a58b8c0cb9677517d11 --binary-syntax --close-stderr LC_PAPER=en_GB.UTF-8 LC_ADDRESS=en_GB.UTF-8 LC_MONETARY=en_GB.UTF-8 SHELL=/bin/bash TERM=xterm-256color LC_NUMERIC=en_GB.UTF-8 OLDPWD=/home/riki USER=root LC_TELEPHONE=en_GB.UTF-8 LS_COLORS=rs=0:di=01;34:ln=01;36:mh=00:pi=40;33:so=01;35:do=01;35:bd=40;33;01:cd=40;33;01:or=40;31;01:mi=00:su=37;41:sg=30;43:ca=30;41:tw=30;42:ow=34;42:st=37;44:ex=01;32:*.tar=01;31:*.tgz=01;31:*.arc=01;31:*.arj=01;31:*.taz=01;31:*.lha=01;31:*.lz4=01;31:*.lzh=01;31:*.lzma=01;31:*.tlz=01;31:*.txz=01;31:*.tzo=01;31:*.t7z=01;31:*.zip=01;31:*.z=01;31:*.Z=01;31:*.dz=01;31:*.gz=01;31:*.lrz=01;31:*.lz=01;31:*.lzo=01;31:*.xz=01;31:*.bz2=01;31:*.bz=01;31:*.tbz=01;31:*.tbz2=01;31:*.tz=01;31:*.deb=01;31:*.rpm=01;31:*.jar=01;31:*.war=01;31:*.ear=01;31:*.sar=01;31:*.rar=01;31:*.alz=01;31:*.ace=01;31:*.zoo=01;31:*.cpio=01;31:*.7z=01;31:*.rz=01;31:*.cab=01;31:*.jpg=01;35:*.jpeg=01;35:*.gif=01;35:*.bmp=01;35:*.pbm=01;35:*.pgm=01;35:*.ppm=01;35:*.tga=01;35:*.xbm=01;35:*.xpm=01;35:*.tif=01;35:*.tiff=01;35:*.png=01;35:*.svg=01;35:*.svgz=01;35:*.mng=01;35:*.pcx=01;35:*.mov=01;35:*.mpg=01;35:*.mpeg=01;35:*.m2v=01;35:*.mkv=01;35:*.webm=01;35:*.ogm=01;35:*.mp4=01;35:*.m4v=01;35:*.mp4v=01;35:*.vob=01;35:*.qt=01;35:*.nuv=01;35:*.wmv=01;35:*.asf=01;35:*.rm=01;35:*.rmvb=01;35:*.flc=01;35:*.avi=01;35:*.fli=01;35:*.flv=01;35:*.gl=01;35:*.dl=01;35:*.xcf=01;35:*.xwd=01;35:*.yuv=01;35:*.cgm=01;35:*.emf=01;35:*.ogv=01;35:*.ogx=01;35:*.aac=00;36:*.au=00;36:*.flac=00;36:*.m4a=00;36:*.mid=00;36:*.midi=00;36:*.mka=00;36:*.mp3=00;36:*.mpc=00;36:*.ogg=00;36:*.ra=00;36:*.wav=00;36:*.oga=00;36:*.opus=00;36:*.spx=00;36:*.xspf=00;36: SUDO_USER=CLB SUDO_UID=1000 USERNAME=root MAIL=/var/mail/root PATH=/usr/local/sbin:/usr/local/bin:/usr/sbin:/usr/bin:/sbin:/bin:/usr/games:/usr/local/games LC_IDENTIFICATION=en_GB.UTF-8 PWD=/root LANG=en_US.UTF-8 LC_MEASUREMENT=en_GB.UTF-8 SHLVL=1 SUDO_COMMAND=/bin/su HOME=/root LANGUAGE=en_US LOGNAME=root LESSOPEN=| /usr/bin/lesspipe %s SUDO_GID=1000 DISPLAY=:0 LESSCLOSE=/usr/bin/lesspipe %s %s LC_TIME=en_GB.UTF-8 XAUTHORITY=/home/riki/.Xauthority LC_NAME=en_GB.UTF-8 _=/usr/bin/gedit
root          -  0.0    -      -     - -        S    12:21   0:00 -
root       2846  0.0  0.0  42864   108 ?        -    12:21   0:00 /usr/bin/dbus-daemon --fork --print-pid 5 --print-address 7 --session LC_PAPER=en_GB.UTF-8 LC_ADDRESS=en_GB.UTF-8 LC_MONETARY=en_GB.UTF-8 SHELL=/bin/bash TERM=xterm-256color LC_NUMERIC=en_GB.UTF-8 OLDPWD=/home/riki USER=root LC_TELEPHONE=en_GB.UTF-8 LS_COLORS=rs=0:di=01;34:ln=01;36:mh=00:pi=40;33:so=01;35:do=01;35:bd=40;33;01:cd=40;33;01:or=40;31;01:mi=00:su=37;41:sg=30;43:ca=30;41:tw=30;42:ow=34;42:st=37;44:ex=01;32:*.tar=01;31:*.tgz=01;31:*.arc=01;31:*.arj=01;31:*.taz=01;31:*.lha=01;31:*.lz4=01;31:*.lzh=01;31:*.lzma=01;31:*.tlz=01;31:*.txz=01;31:*.tzo=01;31:*.t7z=01;31:*.zip=01;31:*.z=01;31:*.Z=01;31:*.dz=01;31:*.gz=01;31:*.lrz=01;31:*.lz=01;31:*.lzo=01;31:*.xz=01;31:*.bz2=01;31:*.bz=01;31:*.tbz=01;31:*.tbz2=01;31:*.tz=01;31:*.deb=01;31:*.rpm=01;31:*.jar=01;31:*.war=01;31:*.ear=01;31:*.sar=01;31:*.rar=01;31:*.alz=01;31:*.ace=01;31:*.zoo=01;31:*.cpio=01;31:*.7z=01;31:*.rz=01;31:*.cab=01;31:*.jpg=01;35:*.jpeg=01;35:*.gif=01;35:*.bmp=01;35:*.pbm=01;35:*.pgm=01;35:*.ppm=01;35:*.tga=01;35:*.xbm=01;35:*.xpm=01;35:*.tif=01;35:*.tiff=01;35:*.png=01;35:*.svg=01;35:*.svgz=01;35:*.mng=01;35:*.pcx=01;35:*.mov=01;35:*.mpg=01;35:*.mpeg=01;35:*.m2v=01;35:*.mkv=01;35:*.webm=01;35:*.ogm=01;35:*.mp4=01;35:*.m4v=01;35:*.mp4v=01;35:*.vob=01;35:*.qt=01;35:*.nuv=01;35:*.wmv=01;35:*.asf=01;35:*.rm=01;35:*.rmvb=01;35:*.flc=01;35:*.avi=01;35:*.fli=01;35:*.flv=01;35:*.gl=01;35:*.dl=01;35:*.xcf=01;35:*.xwd=01;35:*.yuv=01;35:*.cgm=01;35:*.emf=01;35:*.ogv=01;35:*.ogx=01;35:*.aac=00;36:*.au=00;36:*.flac=00;36:*.m4a=00;36:*.mid=00;36:*.midi=00;36:*.mka=00;36:*.mp3=00;36:*.mpc=00;36:*.ogg=00;36:*.ra=00;36:*.wav=00;36:*.oga=00;36:*.opus=00;36:*.spx=00;36:*.xspf=00;36: SUDO_USER=CLB SUDO_UID=1000 USERNAME=root MAIL=/var/mail/root PATH=/usr/local/sbin:/usr/local/bin:/usr/sbin:/usr/bin:/sbin:/bin:/usr/games:/usr/local/games LC_IDENTIFICATION=en_GB.UTF-8 PWD=/root LANG=en_US.UTF-8 LC_MEASUREMENT=en_GB.UTF-8 SHLVL=1 SUDO_COMMAND=/bin/su HOME=/root LANGUAGE=en_US LOGNAME=root LESSOPEN=| /usr/bin/lesspipe %s SUDO_GID=1000 DISPLAY=:0 LESSCLOSE=/usr/bin/lesspipe %s %s LC_TIME=en_GB.UTF-8 XAUTHORITY=/home/riki/.Xauthority LC_NAME=en_GB.UTF-8 _=/usr/bin/gedit
root          -  0.0    -      -     - -        Ss   12:21   0:00 -
root       2849  0.0  0.0 178536   244 ?        -    12:21   0:00 /usr/lib/dconf/dconf-service SUDO_GID=1000 SHELL=/bin/bash DBUS_STARTER_ADDRESS=unix:abstract=/tmp/dbus-k3SOVGU3iV,guid=2c937d2d761f09f3d0713cf65e819694 DISPLAY=:0 LC_NAME=en_GB.UTF-8 LESSOPEN=| /usr/bin/lesspipe %s LC_MEASUREMENT=en_GB.UTF-8 LC_PAPER=en_GB.UTF-8 LC_TIME=en_GB.UTF-8 PATH=/usr/local/sbin:/usr/local/bin:/usr/sbin:/usr/bin:/sbin:/bin:/usr/games:/usr/local/games LC_MONETARY=en_GB.UTF-8 LC_NUMERIC=en_GB.UTF-8 LC_IDENTIFICATION=en_GB.UTF-8 USERNAME=root OLDPWD=/home/riki MAIL=/var/mail/root LANGUAGE=en_US LS_COLORS=rs=0:di=01;34:ln=01;36:mh=00:pi=40;33:so=01;35:do=01;35:bd=40;33;01:cd=40;33;01:or=40;31;01:mi=00:su=37;41:sg=30;43:ca=30;41:tw=30;42:ow=34;42:st=37;44:ex=01;32:*.tar=01;31:*.tgz=01;31:*.arc=01;31:*.arj=01;31:*.taz=01;31:*.lha=01;31:*.lz4=01;31:*.lzh=01;31:*.lzma=01;31:*.tlz=01;31:*.txz=01;31:*.tzo=01;31:*.t7z=01;31:*.zip=01;31:*.z=01;31:*.Z=01;31:*.dz=01;31:*.gz=01;31:*.lrz=01;31:*.lz=01;31:*.lzo=01;31:*.xz=01;31:*.bz2=01;31:*.bz=01;31:*.tbz=01;31:*.tbz2=01;31:*.tz=01;31:*.deb=01;31:*.rpm=01;31:*.jar=01;31:*.war=01;31:*.ear=01;31:*.sar=01;31:*.rar=01;31:*.alz=01;31:*.ace=01;31:*.zoo=01;31:*.cpio=01;31:*.7z=01;31:*.rz=01;31:*.cab=01;31:*.jpg=01;35:*.jpeg=01;35:*.gif=01;35:*.bmp=01;35:*.pbm=01;35:*.pgm=01;35:*.ppm=01;35:*.tga=01;35:*.xbm=01;35:*.xpm=01;35:*.tif=01;35:*.tiff=01;35:*.png=01;35:*.svg=01;35:*.svgz=01;35:*.mng=01;35:*.pcx=01;35:*.mov=01;35:*.mpg=01;35:*.mpeg=01;35:*.m2v=01;35:*.mkv=01;35:*.webm=01;35:*.ogm=01;35:*.mp4=01;35:*.m4v=01;35:*.mp4v=01;35:*.vob=01;35:*.qt=01;35:*.nuv=01;35:*.wmv=01;35:*.asf=01;35:*.rm=01;35:*.rmvb=01;35:*.flc=01;35:*.avi=01;35:*.fli=01;35:*.flv=01;35:*.gl=01;35:*.dl=01;35:*.xcf=01;35:*.xwd=01;35:*.yuv=01;35:*.cgm=01;35:*.emf=01;35:*.ogv=01;35:*.ogx=01;35:*.aac=00;36:*.au=00;36:*.flac=00;36:*.m4a=00;36:*.mid=00;36:*.midi=00;36:*.mka=00;36:*.mp3=00;36:*.mpc=00;36:*.ogg=00;36:*.ra=00;36:*.wav=00;36:*.oga=00;36:*.opus=00;36:*.spx=00;36:*.xspf=00;36: DBUS_SESSION_BUS_ADDRESS=unix:abstract=/tmp/dbus-k3SOVGU3iV,guid=2c937d2d761f09f3d0713cf65e819694 SUDO_COMMAND=/bin/su XAUTHORITY=/home/riki/.Xauthority USER=root DBUS_STARTER_BUS_TYPE=session LC_ADDRESS=en_GB.UTF-8 TERM=xterm-256color LC_TELEPHONE=en_GB.UTF-8 SHLVL=1 PWD=/root SUDO_USER=CLB LANG=en_US.UTF-8 SUDO_UID=1000 _=/usr/bin/gedit LESSCLOSE=/usr/bin/lesspipe %s %s LOGNAME=root HOME=/root
root          -  0.0    -      -     - -        Sl   12:21   0:00 -
root          -  0.0    -      -     - -        Sl   12:21   0:00 -
root          -  0.0    -      -     - -        Sl   12:21   0:00 -
systemd+   2940  0.0  0.0  26648   156 ?        -    12:22   0:00 /lib/systemd/systemd-networkd LANG=en_US.UTF-8 PATH=/usr/local/sbin:/usr/local/bin:/usr/sbin:/usr/bin:/sbin:/bin NOTIFY_SOCKET=/run/systemd/notify WATCHDOG_PID=2940 WATCHDOG_USEC=180000000
systemd+      -  0.0    -      -     - -        Ss   12:22   0:00 -
CLB        3297  0.0  1.3 489156 13656 ?        -    12:22   0:02 /usr/lib/x86_64-linux-gnu/notify-osd XDG_RUNTIME_DIR=/run/user/1000 SESSION_MANAGER=local/CLB:@/tmp/.ICE-unix/1861,unix/CLB:/tmp/.ICE-unix/1861 XMODIFIERS=@im XDG_GREETER_DATA_DIR=/var/lib/lightdm-data/CLB XDG_SESSION_TYPE=x11 DBUS_SESSION_BUS_ADDRESS=unix:abstract=/tmp/dbus-NchK5rkPgl,guid=c5d51710447951946b60eaa35e819269 QT_IM_MODULE=ibus USER=CLB XAUTHORITY=/home/riki/.Xauthority DBUS_STARTER_BUS_TYPE=session LC_ADDRESS=en_GB.UTF-8 SHLVL=0 UPSTART_INSTANCE= XDG_MENU_PREFIX=gnome- GNOME_KEYRING_CONTROL= XDG_SESSION_DESKTOP=ubuntu DBUS_DEBUG_OUTPUT=1 SHELL=/bin/bash ZEITGEIST_DATA_PATH=/home/riki/.local/share/zeitgeist UPSTART_EVENTS=starting QT_ACCESSIBILITY=1 LC_NAME=en_GB.UTF-8 LC_MEASUREMENT=en_GB.UTF-8 LC_TIME=en_GB.UTF-8 LC_MONETARY=en_GB.UTF-8 INSTANCE= XDG_DATA_DIRS=/usr/share/ubuntu:/usr/share/gnome:/usr/local/share/:/usr/share/:/var/lib/snapd/desktop LANGUAGE=en_US QT4_IM_MODULE=xim IM_CONFIG_PHASE=1 JAVA_HOME=/opt/jdk1.8.0_221 GTK2_MODULES=overlay-scrollbar LC_TELEPHONE=en_GB.UTF-8 JOB=xsession-init PWD=/home/riki HOME=/home/riki DBUS_STARTER_ADDRESS=unix:abstract=/tmp/dbus-NchK5rkPgl,guid=c5d51710447951946b60eaa35e819269 CLUTTER_IM_MODULE=xim JRE_HOME=/opt/jdk1.8.0_221/jre DISPLAY=:0 SSH_AUTH_SOCK=/run/user/1000/keyring/ssh LC_PAPER=en_GB.UTF-8 LC_NUMERIC=en_GB.UTF-8 UPSTART_JOB=dbus PATH=/home/riki/bin:/home/riki/.local/bin:{JAVA_HOME}/bin:/usr/local/sbin:/usr/local/bin:/usr/sbin:/usr/bin:/sbin:/bin:/usr/games:/usr/local/games:/snap/bin GNOME_DESKTOP_SESSION_ID=this-is-deprecated XDG_VTNR=7 GTK_MODULES=gail:atk-bridge:unity-gtk-module GTK_IM_MODULE=ibus GDMSESSION=ubuntu XDG_SESSION_ID=c2 GPG_AGENT_INFO=/home/riki/.gnupg/S.gpg-agent:0:1 XDG_SEAT=seat0 COMPIZ_CONFIG_PROFILE=ubuntu MANDATORY_PATH=/usr/share/gconf/ubuntu.mandatory.path PAPERSIZE=a4 LANG=en_US.UTF-8 LOGNAME=CLB SESSIONTYPE=gnome-session DEFAULTS_PATH=/usr/share/gconf/ubuntu.default.path XDG_SESSION_PATH=/org/freedesktop/DisplayManager/Session0 XDG_CURRENT_DESKTOP=Unity DESKTOP_SESSION=ubuntu LC_IDENTIFICATION=en_GB.UTF-8 QT_LINUX_ACCESSIBILITY_ALWAYS_ON=1 XDG_SEAT_PATH=/org/freedesktop/DisplayManager/Seat0 GNOME_KEYRING_PID= CLASSPATH=.:/opt/jdk1.8.0_221/lib:/opt/jdk1.8.0_221/jre/lib QT_QPA_PLATFORMTHEME=appmenu-qt5 GDM_LANG=en_US UPSTART_SESSION=unix:abstract=/com/ubuntu/upstart-session/1000/1621 XDG_CONFIG_DIRS=/etc/xdg/xdg-ubuntu:/usr/share/upstart/xdg:/etc/xdg
CLB           -  0.0    -      -     - -        Sl   12:22   0:02 -
CLB           -  0.0    -      -     - -        Sl   12:22   0:00 -
CLB           -  0.0    -      -     - -        Sl   12:22   0:00 -
CLB           -  0.0    -      -     - -        Sl   12:22   0:00 -
CLB        9557  0.0  0.0 507476     0 ?        -    13:44   0:00 /usr/lib/gvfs/gvfsd-network --spawner :1.3 /org/gtk/gvfs/exec_spaw/3 XDG_RUNTIME_DIR=/run/user/1000 XMODIFIERS=@im XDG_GREETER_DATA_DIR=/var/lib/lightdm-data/CLB XDG_SESSION_TYPE=x11 DBUS_SESSION_BUS_ADDRESS=unix:abstract=/tmp/dbus-NchK5rkPgl,guid=c5d51710447951946b60eaa35e819269 QT_IM_MODULE=ibus USER=CLB XAUTHORITY=/home/riki/.Xauthority DBUS_STARTER_BUS_TYPE=session LC_ADDRESS=en_GB.UTF-8 SHLVL=0 UPSTART_INSTANCE= XDG_SESSION_DESKTOP=ubuntu DBUS_DEBUG_OUTPUT=1 SHELL=/bin/bash UPSTART_EVENTS=starting QT_ACCESSIBILITY=1 LC_NAME=en_GB.UTF-8 LC_MEASUREMENT=en_GB.UTF-8 LC_TIME=en_GB.UTF-8 LC_MONETARY=en_GB.UTF-8 INSTANCE= XDG_DATA_DIRS=/usr/share/ubuntu:/usr/share/gnome:/usr/local/share/:/usr/share/:/var/lib/snapd/desktop LANGUAGE=en_US QT4_IM_MODULE=xim IM_CONFIG_PHASE=1 JAVA_HOME=/opt/jdk1.8.0_221 GTK2_MODULES=overlay-scrollbar LC_TELEPHONE=en_GB.UTF-8 JOB=xsession-init PWD=/home/riki HOME=/home/riki DBUS_STARTER_ADDRESS=unix:abstract=/tmp/dbus-NchK5rkPgl,guid=c5d51710447951946b60eaa35e819269 CLUTTER_IM_MODULE=xim JRE_HOME=/opt/jdk1.8.0_221/jre DISPLAY=:0 LC_PAPER=en_GB.UTF-8 LC_NUMERIC=en_GB.UTF-8 UPSTART_JOB=dbus PATH=/home/riki/bin:/home/riki/.local/bin:{JAVA_HOME}/bin:/usr/local/sbin:/usr/local/bin:/usr/sbin:/usr/bin:/sbin:/bin:/usr/games:/usr/local/games:/snap/bin XDG_VTNR=7 GTK_MODULES=gail:atk-bridge:unity-gtk-module GTK_IM_MODULE=ibus GDMSESSION=ubuntu XDG_SESSION_ID=c2 XDG_SEAT=seat0 COMPIZ_CONFIG_PROFILE=ubuntu MANDATORY_PATH=/usr/share/gconf/ubuntu.mandatory.path PAPERSIZE=a4 LANG=en_US.UTF-8 LOGNAME=CLB SESSIONTYPE=gnome-session DEFAULTS_PATH=/usr/share/gconf/ubuntu.default.path XDG_SESSION_PATH=/org/freedesktop/DisplayManager/Session0 XDG_CURRENT_DESKTOP=Unity DESKTOP_SESSION=ubuntu LC_IDENTIFICATION=en_GB.UTF-8 QT_LINUX_ACCESSIBILITY_ALWAYS_ON=1 XDG_SEAT_PATH=/org/freedesktop/DisplayManager/Seat0 CLASSPATH=.:/opt/jdk1.8.0_221/lib:/opt/jdk1.8.0_221/jre/lib QT_QPA_PLATFORMTHEME=appmenu-qt5 GDM_LANG=en_US UPSTART_SESSION=unix:abstract=/com/ubuntu/upstart-session/1000/1621 XDG_CONFIG_DIRS=/etc/xdg/xdg-ubuntu:/usr/share/upstart/xdg:/etc/xdg
CLB           -  0.0    -      -     - -        Sl   13:44   0:00 -
CLB           -  0.0    -      -     - -        Sl   13:44   0:00 -
CLB           -  0.0    -      -     - -        Sl   13:44   0:00 -
CLB           -  0.0    -      -     - -        Sl   13:44   0:00 -
CLB        9573  0.0  0.0 368792   140 ?        -    13:44   0:00 /usr/lib/gvfs/gvfsd-dnssd --spawner :1.3 /org/gtk/gvfs/exec_spaw/5 XDG_RUNTIME_DIR=/run/user/1000 XMODIFIERS=@im XDG_GREETER_DATA_DIR=/var/lib/lightdm-data/CLB XDG_SESSION_TYPE=x11 DBUS_SESSION_BUS_ADDRESS=unix:abstract=/tmp/dbus-NchK5rkPgl,guid=c5d51710447951946b60eaa35e819269 QT_IM_MODULE=ibus USER=CLB XAUTHORITY=/home/riki/.Xauthority DBUS_STARTER_BUS_TYPE=session LC_ADDRESS=en_GB.UTF-8 SHLVL=0 UPSTART_INSTANCE= XDG_SESSION_DESKTOP=ubuntu DBUS_DEBUG_OUTPUT=1 SHELL=/bin/bash UPSTART_EVENTS=starting QT_ACCESSIBILITY=1 LC_NAME=en_GB.UTF-8 LC_MEASUREMENT=en_GB.UTF-8 LC_TIME=en_GB.UTF-8 LC_MONETARY=en_GB.UTF-8 INSTANCE= XDG_DATA_DIRS=/usr/share/ubuntu:/usr/share/gnome:/usr/local/share/:/usr/share/:/var/lib/snapd/desktop LANGUAGE=en_US QT4_IM_MODULE=xim IM_CONFIG_PHASE=1 JAVA_HOME=/opt/jdk1.8.0_221 GTK2_MODULES=overlay-scrollbar LC_TELEPHONE=en_GB.UTF-8 JOB=xsession-init PWD=/home/riki HOME=/home/riki DBUS_STARTER_ADDRESS=unix:abstract=/tmp/dbus-NchK5rkPgl,guid=c5d51710447951946b60eaa35e819269 CLUTTER_IM_MODULE=xim JRE_HOME=/opt/jdk1.8.0_221/jre DISPLAY=:0 LC_PAPER=en_GB.UTF-8 LC_NUMERIC=en_GB.UTF-8 UPSTART_JOB=dbus PATH=/home/riki/bin:/home/riki/.local/bin:{JAVA_HOME}/bin:/usr/local/sbin:/usr/local/bin:/usr/sbin:/usr/bin:/sbin:/bin:/usr/games:/usr/local/games:/snap/bin XDG_VTNR=7 GTK_MODULES=gail:atk-bridge:unity-gtk-module GTK_IM_MODULE=ibus GDMSESSION=ubuntu XDG_SESSION_ID=c2 XDG_SEAT=seat0 COMPIZ_CONFIG_PROFILE=ubuntu MANDATORY_PATH=/usr/share/gconf/ubuntu.mandatory.path PAPERSIZE=a4 LANG=en_US.UTF-8 LOGNAME=CLB SESSIONTYPE=gnome-session DEFAULTS_PATH=/usr/share/gconf/ubuntu.default.path XDG_SESSION_PATH=/org/freedesktop/DisplayManager/Session0 XDG_CURRENT_DESKTOP=Unity DESKTOP_SESSION=ubuntu LC_IDENTIFICATION=en_GB.UTF-8 QT_LINUX_ACCESSIBILITY_ALWAYS_ON=1 XDG_SEAT_PATH=/org/freedesktop/DisplayManager/Seat0 CLASSPATH=.:/opt/jdk1.8.0_221/lib:/opt/jdk1.8.0_221/jre/lib QT_QPA_PLATFORMTHEME=appmenu-qt5 GDM_LANG=en_US UPSTART_SESSION=unix:abstract=/com/ubuntu/upstart-session/1000/1621 XDG_CONFIG_DIRS=/etc/xdg/xdg-ubuntu:/usr/share/upstart/xdg:/etc/xdg
CLB           -  0.0    -      -     - -        Sl   13:44   0:00 -
CLB           -  0.0    -      -     - -        Sl   13:44   0:00 -
CLB           -  0.0    -      -     - -        Sl   13:44   0:00 -
root      13345  0.0  0.0      0     0 ?        -    15:13   0:00 [kworker/0:1]
root          -  0.0    -      -     - -        S    15:13   0:00 -
root      14361  0.0  0.0      0     0 ?        -    15:19   0:01 [kworker/1:2]
root          -  0.0    -      -     - -        S    15:19   0:01 -
root      14565  0.0  0.0      0     0 ?        -    15:21   0:00 [kworker/0:2]
root          -  0.0    -      -     - -        S    15:21   0:00 -
CLB       15517  0.1  2.6 661492 26196 ?        -    15:22   0:04 /usr/lib/gnome-terminal/gnome-terminal-server XDG_RUNTIME_DIR=/run/user/1000 SESSION_MANAGER=local/CLB:@/tmp/.ICE-unix/1861,unix/CLB:/tmp/.ICE-unix/1861 XMODIFIERS=@im XDG_GREETER_DATA_DIR=/var/lib/lightdm-data/CLB XDG_SESSION_TYPE=x11 DBUS_SESSION_BUS_ADDRESS=unix:abstract=/tmp/dbus-NchK5rkPgl,guid=c5d51710447951946b60eaa35e819269 QT_IM_MODULE=ibus USER=CLB XAUTHORITY=/home/riki/.Xauthority DBUS_STARTER_BUS_TYPE=session LC_ADDRESS=en_GB.UTF-8 SHLVL=0 UPSTART_INSTANCE= XDG_MENU_PREFIX=gnome- GNOME_KEYRING_CONTROL= XDG_SESSION_DESKTOP=ubuntu DBUS_DEBUG_OUTPUT=1 SHELL=/bin/bash ZEITGEIST_DATA_PATH=/home/riki/.local/share/zeitgeist UPSTART_EVENTS=starting QT_ACCESSIBILITY=1 LC_NAME=en_GB.UTF-8 LC_MEASUREMENT=en_GB.UTF-8 LC_TIME=en_GB.UTF-8 LC_MONETARY=en_GB.UTF-8 INSTANCE= XDG_DATA_DIRS=/usr/share/ubuntu:/usr/share/gnome:/usr/local/share/:/usr/share/:/var/lib/snapd/desktop LANGUAGE=en_US QT4_IM_MODULE=xim IM_CONFIG_PHASE=1 JAVA_HOME=/opt/jdk1.8.0_221 GTK2_MODULES=overlay-scrollbar LC_TELEPHONE=en_GB.UTF-8 JOB=xsession-init PWD=/home/riki HOME=/home/riki DBUS_STARTER_ADDRESS=unix:abstract=/tmp/dbus-NchK5rkPgl,guid=c5d51710447951946b60eaa35e819269 CLUTTER_IM_MODULE=xim JRE_HOME=/opt/jdk1.8.0_221/jre DISPLAY=:0 SSH_AUTH_SOCK=/run/user/1000/keyring/ssh LC_PAPER=en_GB.UTF-8 LC_NUMERIC=en_GB.UTF-8 UPSTART_JOB=dbus PATH=/home/riki/bin:/home/riki/.local/bin:{JAVA_HOME}/bin:/usr/local/sbin:/usr/local/bin:/usr/sbin:/usr/bin:/sbin:/bin:/usr/games:/usr/local/games:/snap/bin GNOME_DESKTOP_SESSION_ID=this-is-deprecated XDG_VTNR=7 GTK_MODULES=gail:atk-bridge:unity-gtk-module GTK_IM_MODULE=ibus GDMSESSION=ubuntu XDG_SESSION_ID=c2 GPG_AGENT_INFO=/home/riki/.gnupg/S.gpg-agent:0:1 XDG_SEAT=seat0 COMPIZ_CONFIG_PROFILE=ubuntu MANDATORY_PATH=/usr/share/gconf/ubuntu.mandatory.path PAPERSIZE=a4 LANG=en_US.UTF-8 LOGNAME=CLB SESSIONTYPE=gnome-session DEFAULTS_PATH=/usr/share/gconf/ubuntu.default.path XDG_SESSION_PATH=/org/freedesktop/DisplayManager/Session0 XDG_CURRENT_DESKTOP=Unity DESKTOP_SESSION=ubuntu LC_IDENTIFICATION=en_GB.UTF-8 QT_LINUX_ACCESSIBILITY_ALWAYS_ON=1 XDG_SEAT_PATH=/org/freedesktop/DisplayManager/Seat0 GNOME_KEYRING_PID= CLASSPATH=.:/opt/jdk1.8.0_221/lib:/opt/jdk1.8.0_221/jre/lib QT_QPA_PLATFORMTHEME=appmenu-qt5 GDM_LANG=en_US UPSTART_SESSION=unix:abstract=/com/ubuntu/upstart-session/1000/1621 XDG_CONFIG_DIRS=/etc/xdg/xdg-ubuntu:/usr/share/upstart/xdg:/etc/xdg
CLB           -  0.1    -      -     - -        Sl   15:22   0:04 -
CLB           -  0.0    -      -     - -        Sl   15:22   0:00 -
CLB           -  0.0    -      -     - -        Sl   15:22   0:00 -
CLB           -  0.0    -      -     - -        Sl   15:22   0:00 -
CLB       15524  0.0  0.0  30640   580 pts/1    -    15:22   0:00 bash XDG_SEAT=seat0 XDG_SESSION_ID=c2 LC_IDENTIFICATION=en_GB.UTF-8 LC_TELEPHONE=en_GB.UTF-8 DISPLAY=:0 QT_LINUX_ACCESSIBILITY_ALWAYS_ON=1 JOB=dbus GNOME_KEYRING_CONTROL= JRE_HOME=/opt/jdk1.8.0_221/jre GNOME_DESKTOP_SESSION_ID=this-is-deprecated DEFAULTS_PATH=/usr/share/gconf/ubuntu.default.path QT_QPA_PLATFORMTHEME=appmenu-qt5 LOGNAME=CLB INSTANCE= JAVA_HOME=/opt/jdk1.8.0_221 SHELL=/bin/bash PAPERSIZE=a4 LC_TIME=en_GB.UTF-8 PATH=/home/riki/bin:/home/riki/.local/bin:{JAVA_HOME}/bin:/usr/local/sbin:/usr/local/bin:/usr/sbin:/usr/bin:/sbin:/bin:/usr/games:/usr/local/games:/snap/bin LC_NUMERIC=en_GB.UTF-8 LC_PAPER=en_GB.UTF-8 IM_CONFIG_PHASE=1 QT4_IM_MODULE=xim CLUTTER_IM_MODULE=xim XMODIFIERS=@im=ibus SESSION=ubuntu XDG_MENU_PREFIX=gnome- SSH_AUTH_SOCK=/run/user/1000/keyring/ssh XAUTHORITY=/home/riki/.Xauthority XDG_SESSION_DESKTOP=ubuntu GDMSESSION=ubuntu QT_IM_MODULE=ibus LC_MEASUREMENT=en_GB.UTF-8 LC_ADDRESS=en_GB.UTF-8 XDG_SESSION_PATH=/org/freedesktop/DisplayManager/Session0 XDG_CONFIG_DIRS=/etc/xdg/xdg-ubuntu:/usr/share/upstart/xdg:/etc/xdg UPSTART_SESSION=unix:abstract=/com/ubuntu/upstart-session/1000/1621 MANDATORY_PATH=/usr/share/gconf/ubuntu.mandatory.path CLASSPATH=.:/opt/jdk1.8.0_221/lib:/opt/jdk1.8.0_221/jre/lib DESKTOP_SESSION=ubuntu XDG_RUNTIME_DIR=/run/user/1000 GTK_IM_MODULE=ibus GTK_MODULES=gail:atk-bridge:unity-gtk-module USER=CLB PWD=/home/riki VTE_VERSION=4205 LC_MONETARY=en_GB.UTF-8 HOME=/home/riki QT_ACCESSIBILITY=1 XDG_SEAT_PATH=/org/freedesktop/DisplayManager/Seat0 XDG_DATA_DIRS=/usr/share/ubuntu:/usr/share/gnome:/usr/local/share/:/usr/share/:/var/lib/snapd/desktop LANGUAGE=en_US COMPIZ_CONFIG_PROFILE=ubuntu XDG_GREETER_DATA_DIR=/var/lib/lightdm-data/CLB LANG=en_US.UTF-8 GTK2_MODULES=overlay-scrollbar LC_NAME=en_GB.UTF-8 GPG_AGENT_INFO=/home/riki/.gnupg/S.gpg-agent:0:1 SHLVL=0 WINDOWID=14680074 XDG_VTNR=7 GDM_LANG=en_US TERM=xterm-256color SESSIONTYPE=gnome-session DBUS_SESSION_BUS_ADDRESS=unix:abstract=/tmp/dbus-NchK5rkPgl XDG_CURRENT_DESKTOP=Unity SESSION_MANAGER=local/CLB:@/tmp/.ICE-unix/1861,unix/CLB:/tmp/.ICE-unix/1861 GNOME_KEYRING_PID= XDG_SESSION_TYPE=x11
CLB           -  0.0    -      -     - -        Ss   15:22   0:00 -
CLB       16442  0.7  9.0 725824 89968 ?        -    15:25   0:23 /usr/bin/python3 /usr/bin/update-manager --no-update --no-focus-on-map GNOME_KEYRING_PID= USER=CLB LANGUAGE=en_US LC_TIME=en_GB.UTF-8 XDG_SEAT=seat0 XDG_SESSION_TYPE=x11 COMPIZ_CONFIG_PROFILE=ubuntu SESSION=ubuntu SHLVL=0 HOME=/home/riki QT4_IM_MODULE=xim JRE_HOME=/opt/jdk1.8.0_221/jre DESKTOP_SESSION=ubuntu QT_LINUX_ACCESSIBILITY_ALWAYS_ON=1 GTK_MODULES=gail:atk-bridge:unity-gtk-module XDG_SEAT_PATH=/org/freedesktop/DisplayManager/Seat0 LC_MONETARY=en_GB.UTF-8 INSTANCE= DBUS_SESSION_BUS_ADDRESS=unix:abstract=/tmp/dbus-NchK5rkPgl GNOME_KEYRING_CONTROL= QT_QPA_PLATFORMTHEME=appmenu-qt5 MANDATORY_PATH=/usr/share/gconf/ubuntu.mandatory.path IM_CONFIG_PHASE=1 SESSIONTYPE=gnome-session LOGNAME=CLB GTK_IM_MODULE=ibus DEFAULTS_PATH=/usr/share/gconf/ubuntu.default.path XDG_SESSION_ID=c2 GNOME_DESKTOP_SESSION_ID=this-is-deprecated GTK2_MODULES=overlay-scrollbar PATH=/home/riki/bin:/home/riki/.local/bin:{JAVA_HOME}/bin:/usr/local/sbin:/usr/local/bin:/usr/sbin:/usr/bin:/sbin:/bin:/usr/games:/usr/local/games:/snap/bin GDM_LANG=en_US PAPERSIZE=a4 LC_ADDRESS=en_GB.UTF-8 XDG_SESSION_PATH=/org/freedesktop/DisplayManager/Session0 XDG_RUNTIME_DIR=/run/user/1000 DISPLAY=:0 LC_TELEPHONE=en_GB.UTF-8 LANG=en_US.UTF-8 XDG_CURRENT_DESKTOP=Unity XMODIFIERS=@im=ibus XDG_SESSION_DESKTOP=ubuntu XAUTHORITY=/home/riki/.Xauthority XDG_GREETER_DATA_DIR=/var/lib/lightdm-data/CLB SSH_AUTH_SOCK=/run/user/1000/keyring/ssh SHELL=/bin/bash LC_NAME=en_GB.UTF-8 QT_ACCESSIBILITY=1 GDMSESSION=ubuntu LC_MEASUREMENT=en_GB.UTF-8 LC_IDENTIFICATION=en_GB.UTF-8 CLASSPATH=.:/opt/jdk1.8.0_221/lib:/opt/jdk1.8.0_221/jre/lib GPG_AGENT_INFO=/home/riki/.gnupg/S.gpg-agent:0:1 UPSTART_SESSION=unix:abstract=/com/ubuntu/upstart-session/1000/1621 XDG_VTNR=7 QT_IM_MODULE=ibus PWD=/home/riki JAVA_HOME=/opt/jdk1.8.0_221 CLUTTER_IM_MODULE=xim XDG_CONFIG_DIRS=/etc/xdg/xdg-ubuntu:/usr/share/upstart/xdg:/etc/xdg XDG_DATA_DIRS=/usr/share/ubuntu:/usr/share/gnome:/usr/local/share/:/usr/share/:/var/lib/snapd/desktop LC_NUMERIC=en_GB.UTF-8 LC_PAPER=en_GB.UTF-8 JOB=dbus XDG_MENU_PREFIX=gnome- SESSION_MANAGER=local/CLB:@/tmp/.ICE-unix/1861,unix/CLB:/tmp/.ICE-unix/1861 DESKTOP_AUTOSTART_ID=10de47365015c01998158554993294374000000018610029 GIO_LAUNCHED_DESKTOP_FILE=/etc/xdg/autostart/update-notifier.desktop GIO_LAUNCHED_DESKTOP_FILE_PID=2261
CLB           -  0.7    -      -     - -        SNl  15:25   0:23 -
CLB           -  0.0    -      -     - -        SNl  15:25   0:00 -
CLB           -  0.0    -      -     - -        SNl  15:25   0:00 -
CLB           -  0.0    -      -     - -        SNl  15:25   0:00 -
root      16522  0.0  0.0  61872   132 pts/1    -    15:48   0:00 sudo su XDG_VTNR=7 LC_PAPER=en_GB.UTF-8 LC_ADDRESS=en_GB.UTF-8 XDG_SESSION_ID=c2 XDG_GREETER_DATA_DIR=/var/lib/lightdm-data/CLB LC_MONETARY=en_GB.UTF-8 CLUTTER_IM_MODULE=xim SESSION=ubuntu GPG_AGENT_INFO=/home/riki/.gnupg/S.gpg-agent:0:1 TERM=xterm-256color VTE_VERSION=4205 XDG_MENU_PREFIX=gnome- SHELL=/bin/bash ROS_ROOT=/opt/ros/kinetic/share/ros ROS_PACKAGE_PATH=/home/riki/google_ws/src/cartographer_ros/cartographer_rviz:/home/riki/google_ws/install_isolated/share:/home/riki/catkin_ws/src:/opt/ros/kinetic/share QT_LINUX_ACCESSIBILITY_ALWAYS_ON=1 ROS_MASTER_URI=http://192.168.3.80:11311 WINDOWID=14680074 LC_NUMERIC=en_GB.UTF-8 UPSTART_SESSION=unix:abstract=/com/ubuntu/upstart-session/1000/1621 GNOME_KEYRING_CONTROL= GTK_MODULES=gail:atk-bridge:unity-gtk-module USER=CLB JRE_HOME=/opt/jdk1.8.0_221/jre LD_LIBRARY_PATH=/home/riki/google_ws/devel_isolated/cartographer_rviz/lib:/home/riki/google_ws/install_isolated/lib:/home/riki/catkin_ws/devel/lib:/opt/ros/kinetic/lib LS_COLORS=rs=0:di=01;34:ln=01;36:mh=00:pi=40;33:so=01;35:do=01;35:bd=40;33;01:cd=40;33;01:or=40;31;01:mi=00:su=37;41:sg=30;43:ca=30;41:tw=30;42:ow=34;42:st=37;44:ex=01;32:*.tar=01;31:*.tgz=01;31:*.arc=01;31:*.arj=01;31:*.taz=01;31:*.lha=01;31:*.lz4=01;31:*.lzh=01;31:*.lzma=01;31:*.tlz=01;31:*.txz=01;31:*.tzo=01;31:*.t7z=01;31:*.zip=01;31:*.z=01;31:*.Z=01;31:*.dz=01;31:*.gz=01;31:*.lrz=01;31:*.lz=01;31:*.lzo=01;31:*.xz=01;31:*.bz2=01;31:*.bz=01;31:*.tbz=01;31:*.tbz2=01;31:*.tz=01;31:*.deb=01;31:*.rpm=01;31:*.jar=01;31:*.war=01;31:*.ear=01;31:*.sar=01;31:*.rar=01;31:*.alz=01;31:*.ace=01;31:*.zoo=01;31:*.cpio=01;31:*.7z=01;31:*.rz=01;31:*.cab=01;31:*.jpg=01;35:*.jpeg=01;35:*.gif=01;35:*.bmp=01;35:*.pbm=01;35:*.pgm=01;35:*.ppm=01;35:*.tga=01;35:*.xbm=01;35:*.xpm=01;35:*.tif=01;35:*.tiff=01;35:*.png=01;35:*.svg=01;35:*.svgz=01;35:*.mng=01;35:*.pcx=01;35:*.mov=01;35:*.mpg=01;35:*.mpeg=01;35:*.m2v=01;35:*.mkv=01;35:*.webm=01;35:*.ogm=01;35:*.mp4=01;35:*.m4v=01;35:*.mp4v=01;35:*.vob=01;35:*.qt=01;35:*.nuv=01;35:*.wmv=01;35:*.asf=01;35:*.rm=01;35:*.rmvb=01;35:*.flc=01;35:*.avi=01;35:*.fli=01;35:*.flv=01;35:*.gl=01;35:*.dl=01;35:*.xcf=01;35:*.xwd=01;35:*.yuv=01;35:*.cgm=01;35:*.emf=01;35:*.ogv=01;35:*.ogx=01;35:*.aac=00;36:*.au=00;36:*.flac=00;36:*.m4a=00;36:*.mid=00;36:*.midi=00;36:*.mka=00;36:*.mp3=00;36:*.mpc=00;36:*.ogg=00;36:*.ra=00;36:*.wav=00;36:*.oga=00;36:*.opus=00;36:*.spx=00;36:*.xspf=00;36: QT_ACCESSIBILITY=1 LC_TELEPHONE=en_GB.UTF-8 XDG_SESSION_PATH=/org/freedesktop/DisplayManager/Session0 XDG_SEAT_PATH=/org/freedesktop/DisplayManager/Seat0 SSH_AUTH_SOCK=/run/user/1000/keyring/ssh SESSION_MANAGER=local/CLB:@/tmp/.ICE-unix/1861,unix/CLB:/tmp/.ICE-unix/1861 DEFAULTS_PATH=/usr/share/gconf/ubuntu.default.path XDG_CONFIG_DIRS=/etc/xdg/xdg-ubuntu:/usr/share/upstart/xdg:/etc/xdg DESKTOP_SESSION=ubuntu PATH=/home/riki/google_ws/install_isolated/bin:/opt/ros/kinetic/bin:/home/riki/bin:/home/riki/.local/bin:{JAVA_HOME}/bin:/usr/local/sbin:/usr/local/bin:/usr/sbin:/usr/bin:/sbin:/bin:/usr/games:/usr/local/games:/snap/bin QT_IM_MODULE=ibus QT_QPA_PLATFORMTHEME=appmenu-qt5 LC_IDENTIFICATION=en_GB.UTF-8 XDG_SESSION_TYPE=x11 PWD=/home/riki JOB=dbus XMODIFIERS=@im=ibus JAVA_HOME=/opt/jdk1.8.0_221 ROS_HOSTNAME=192.168.101.24  GNOME_KEYRING_PID= LANG=en_US.UTF-8 GDM_LANG=en_US MANDATORY_PATH=/usr/share/gconf/ubuntu.mandatory.path LC_MEASUREMENT=en_GB.UTF-8 COMPIZ_CONFIG_PROFILE=ubuntu IM_CONFIG_PHASE=1 ROSLISP_PACKAGE_DIRECTORIES=/home/riki/google_ws/devel_isolated/cartographer_rviz/share/common-lisp:/home/riki/catkin_ws/devel/share/common-lisp PAPERSIZE=a4 GDMSESSION=ubuntu SESSIONTYPE=gnome-session GTK2_MODULES=overlay-scrollbar SHLVL=1 HOME=/home/riki XDG_SEAT=seat0 ROS_DISTRO=kinetic LANGUAGE=en_US GNOME_DESKTOP_SESSION_ID=this-is-deprecated PYTHONPATH=/home/riki/google_ws/install_isolated/lib/python2.7/dist-packages:/home/riki/catkin_ws/devel/lib/python2.7/dist-packages:/opt/ros/kinetic/lib/python2.7/dist-packages XDG_SESSION_DESKTOP=ubuntu LOGNAME=CLB ROS_IP=192.168.101.24  DBUS_SESSION_BUS_ADDRESS=unix:abstract=/tmp/dbus-NchK5rkPgl XDG_DATA_DIRS=/usr/share/ubuntu:/usr/share/gnome:/usr/local/share/:/usr/share/:/var/lib/snapd/desktop CLASSPATH=.:/opt/jdk1.8.0_221/lib:/opt/jdk1.8.0_221/jre/lib QT4_IM_MODULE=xim PKG_CONFIG_PATH=/home/riki/google_ws/devel_isolated/cartographer_rviz/lib/pkgconfig:/home/riki/google_ws/install_isolated/lib/pkgconfig:/home/riki/catkin_ws/devel/lib/pkgconfig:/opt/ros/kinetic/lib/pkgconfig LESSOPEN=| /usr/bin/lesspipe %s INSTANCE= CMAKE_PREFIX_PATH=/home/riki/google_ws/devel_isolated/cartographer_rviz:/home/riki/google_ws/install_isolated:/home/riki/catkin_ws/devel:/opt/ros/kinetic XDG_RUNTIME_DIR=/run/user/1000 DISPLAY=:0 XDG_CURRENT_DESKTOP=Unity GTK_IM_MODULE=ibus LESSCLOSE=/usr/bin/lesspipe %s %s LC_TIME=en_GB.UTF-8 ROS_ETC_DIR=/opt/ros/kinetic/etc/ros LC_NAME=en_GB.UTF-8 XAUTHORITY=/home/riki/.Xauthority _=/usr/bin/sudo
root          -  0.0    -      -     - -        S    15:48   0:00 -
root      16523  0.0  0.0  61448    20 pts/1    -    15:48   0:00 su LC_PAPER=en_GB.UTF-8 LC_ADDRESS=en_GB.UTF-8 LC_MONETARY=en_GB.UTF-8 TERM=xterm-256color LC_NUMERIC=en_GB.UTF-8 LS_COLORS=rs=0:di=01;34:ln=01;36:mh=00:pi=40;33:so=01;35:do=01;35:bd=40;33;01:cd=40;33;01:or=40;31;01:mi=00:su=37;41:sg=30;43:ca=30;41:tw=30;42:ow=34;42:st=37;44:ex=01;32:*.tar=01;31:*.tgz=01;31:*.arc=01;31:*.arj=01;31:*.taz=01;31:*.lha=01;31:*.lz4=01;31:*.lzh=01;31:*.lzma=01;31:*.tlz=01;31:*.txz=01;31:*.tzo=01;31:*.t7z=01;31:*.zip=01;31:*.z=01;31:*.Z=01;31:*.dz=01;31:*.gz=01;31:*.lrz=01;31:*.lz=01;31:*.lzo=01;31:*.xz=01;31:*.bz2=01;31:*.bz=01;31:*.tbz=01;31:*.tbz2=01;31:*.tz=01;31:*.deb=01;31:*.rpm=01;31:*.jar=01;31:*.war=01;31:*.ear=01;31:*.sar=01;31:*.rar=01;31:*.alz=01;31:*.ace=01;31:*.zoo=01;31:*.cpio=01;31:*.7z=01;31:*.rz=01;31:*.cab=01;31:*.jpg=01;35:*.jpeg=01;35:*.gif=01;35:*.bmp=01;35:*.pbm=01;35:*.pgm=01;35:*.ppm=01;35:*.tga=01;35:*.xbm=01;35:*.xpm=01;35:*.tif=01;35:*.tiff=01;35:*.png=01;35:*.svg=01;35:*.svgz=01;35:*.mng=01;35:*.pcx=01;35:*.mov=01;35:*.mpg=01;35:*.mpeg=01;35:*.m2v=01;35:*.mkv=01;35:*.webm=01;35:*.ogm=01;35:*.mp4=01;35:*.m4v=01;35:*.mp4v=01;35:*.vob=01;35:*.qt=01;35:*.nuv=01;35:*.wmv=01;35:*.asf=01;35:*.rm=01;35:*.rmvb=01;35:*.flc=01;35:*.avi=01;35:*.fli=01;35:*.flv=01;35:*.gl=01;35:*.dl=01;35:*.xcf=01;35:*.xwd=01;35:*.yuv=01;35:*.cgm=01;35:*.emf=01;35:*.ogv=01;35:*.ogx=01;35:*.aac=00;36:*.au=00;36:*.flac=00;36:*.m4a=00;36:*.mid=00;36:*.midi=00;36:*.mka=00;36:*.mp3=00;36:*.mpc=00;36:*.ogg=00;36:*.ra=00;36:*.wav=00;36:*.oga=00;36:*.opus=00;36:*.spx=00;36:*.xspf=00;36: LC_TELEPHONE=en_GB.UTF-8 PATH=/usr/local/sbin:/usr/local/bin:/usr/sbin:/usr/bin:/sbin:/bin LC_IDENTIFICATION=en_GB.UTF-8 LANG=en_US.UTF-8 LC_MEASUREMENT=en_GB.UTF-8 HOME=/home/riki LANGUAGE=en_US DISPLAY=:0 LC_TIME=en_GB.UTF-8 LC_NAME=en_GB.UTF-8 XAUTHORITY=/home/riki/.Xauthority MAIL=/var/mail/root LOGNAME=root USER=root USERNAME=root SHELL=/bin/bash SUDO_COMMAND=/bin/su SUDO_USER=CLB SUDO_UID=1000 SUDO_GID=1000
root          -  0.0    -      -     - -        S    15:48   0:00 -
root      16524  0.0  0.2  28328  2728 pts/1    -    15:48   0:00 bash LC_PAPER=en_GB.UTF-8 LC_ADDRESS=en_GB.UTF-8 LC_MONETARY=en_GB.UTF-8 TERM=xterm-256color LC_NUMERIC=en_GB.UTF-8 LS_COLORS=rs=0:di=01;34:ln=01;36:mh=00:pi=40;33:so=01;35:do=01;35:bd=40;33;01:cd=40;33;01:or=40;31;01:mi=00:su=37;41:sg=30;43:ca=30;41:tw=30;42:ow=34;42:st=37;44:ex=01;32:*.tar=01;31:*.tgz=01;31:*.arc=01;31:*.arj=01;31:*.taz=01;31:*.lha=01;31:*.lz4=01;31:*.lzh=01;31:*.lzma=01;31:*.tlz=01;31:*.txz=01;31:*.tzo=01;31:*.t7z=01;31:*.zip=01;31:*.z=01;31:*.Z=01;31:*.dz=01;31:*.gz=01;31:*.lrz=01;31:*.lz=01;31:*.lzo=01;31:*.xz=01;31:*.bz2=01;31:*.bz=01;31:*.tbz=01;31:*.tbz2=01;31:*.tz=01;31:*.deb=01;31:*.rpm=01;31:*.jar=01;31:*.war=01;31:*.ear=01;31:*.sar=01;31:*.rar=01;31:*.alz=01;31:*.ace=01;31:*.zoo=01;31:*.cpio=01;31:*.7z=01;31:*.rz=01;31:*.cab=01;31:*.jpg=01;35:*.jpeg=01;35:*.gif=01;35:*.bmp=01;35:*.pbm=01;35:*.pgm=01;35:*.ppm=01;35:*.tga=01;35:*.xbm=01;35:*.xpm=01;35:*.tif=01;35:*.tiff=01;35:*.png=01;35:*.svg=01;35:*.svgz=01;35:*.mng=01;35:*.pcx=01;35:*.mov=01;35:*.mpg=01;35:*.mpeg=01;35:*.m2v=01;35:*.mkv=01;35:*.webm=01;35:*.ogm=01;35:*.mp4=01;35:*.m4v=01;35:*.mp4v=01;35:*.vob=01;35:*.qt=01;35:*.nuv=01;35:*.wmv=01;35:*.asf=01;35:*.rm=01;35:*.rmvb=01;35:*.flc=01;35:*.avi=01;35:*.fli=01;35:*.flv=01;35:*.gl=01;35:*.dl=01;35:*.xcf=01;35:*.xwd=01;35:*.yuv=01;35:*.cgm=01;35:*.emf=01;35:*.ogv=01;35:*.ogx=01;35:*.aac=00;36:*.au=00;36:*.flac=00;36:*.m4a=00;36:*.mid=00;36:*.midi=00;36:*.mka=00;36:*.mp3=00;36:*.mpc=00;36:*.ogg=00;36:*.ra=00;36:*.wav=00;36:*.oga=00;36:*.opus=00;36:*.spx=00;36:*.xspf=00;36: LC_TELEPHONE=en_GB.UTF-8 PATH=/usr/local/sbin:/usr/local/bin:/usr/sbin:/usr/bin:/sbin:/bin:/usr/games:/usr/local/games LC_IDENTIFICATION=en_GB.UTF-8 LANG=en_US.UTF-8 LC_MEASUREMENT=en_GB.UTF-8 HOME=/root LANGUAGE=en_US DISPLAY=:0 LC_TIME=en_GB.UTF-8 LC_NAME=en_GB.UTF-8 XAUTHORITY=/home/riki/.Xauthority MAIL=/var/mail/root LOGNAME=root USER=root USERNAME=root SHELL=/bin/bash SUDO_COMMAND=/bin/su SUDO_USER=CLB SUDO_UID=1000 SUDO_GID=1000
root          -  0.0    -      -     - -        S    15:48   0:00 -
root      16571  0.0  0.0      0     0 ?        -    15:49   0:00 [kworker/1:0]
root          -  0.0    -      -     - -        S    15:49   0:00 -
root      18196  0.0  0.0      0     0 ?        -    15:53   0:00 [kworker/u256:0]
root          -  0.0    -      -     - -        S    15:53   0:00 -
root      18260  0.0  0.3  16124  3524 ?        -    15:57   0:00 /sbin/dhclient -d -q -sf /usr/lib/NetworkManager/nm-dhcp-helper -pf /var/run/dhclient-ens33.pid -lf /var/lib/NetworkManager/dhclient-ef0d4d6f-c77f-47ec-8e78-e9fddbc54ad0-ens33.lease -cf /var/lib/NetworkManager/dhclient-ens33.conf ens33 LANG=en_US.UTF-8 PATH=/usr/local/sbin:/usr/local/bin:/usr/sbin:/usr/bin:/sbin:/bin GIO_USE_VFS=local
root          -  0.0    -      -     - -        S    15:57   0:00 -
root      18282  0.0  0.0      0     0 ?        -    15:57   0:00 [kworker/u257:0]
root          -  0.0    -      -     - -        S<   15:57   0:00 -
root      18283  0.0  0.0      0     0 ?        -    15:57   0:00 [hci0]
root          -  0.0    -      -     - -        S<   15:57   0:00 -
root      18284  0.0  0.0      0     0 ?        -    15:57   0:00 [hci0]
root          -  0.0    -      -     - -        S<   15:57   0:00 -
root      18286  0.0  0.0      0     0 ?        -    15:57   0:00 [kworker/u257:2]
root          -  0.0    -      -     - -        S<   15:57   0:00 -
root      19317  0.0  0.0      0     0 ?        -    16:08   0:00 [kworker/u256:1]
root          -  0.0    -      -     - -        S    16:08   0:00 -
root      19459  0.0  0.0      0     0 ?        -    16:19   0:00 [kworker/u256:2]
root          -  0.0    -      -     - -        S    16:19   0:00 -
root      19464  0.0  0.3  44436  3380 pts/1    -    16:20   0:00 ps auxwwem LC_PAPER=en_GB.UTF-8 LC_ADDRESS=en_GB.UTF-8 LC_MONETARY=en_GB.UTF-8 SHELL=/bin/bash TERM=xterm-256color LC_NUMERIC=en_GB.UTF-8 USER=root LC_TELEPHONE=en_GB.UTF-8 LS_COLORS=rs=0:di=01;34:ln=01;36:mh=00:pi=40;33:so=01;35:do=01;35:bd=40;33;01:cd=40;33;01:or=40;31;01:mi=00:su=37;41:sg=30;43:ca=30;41:tw=30;42:ow=34;42:st=37;44:ex=01;32:*.tar=01;31:*.tgz=01;31:*.arc=01;31:*.arj=01;31:*.taz=01;31:*.lha=01;31:*.lz4=01;31:*.lzh=01;31:*.lzma=01;31:*.tlz=01;31:*.txz=01;31:*.tzo=01;31:*.t7z=01;31:*.zip=01;31:*.z=01;31:*.Z=01;31:*.dz=01;31:*.gz=01;31:*.lrz=01;31:*.lz=01;31:*.lzo=01;31:*.xz=01;31:*.bz2=01;31:*.bz=01;31:*.tbz=01;31:*.tbz2=01;31:*.tz=01;31:*.deb=01;31:*.rpm=01;31:*.jar=01;31:*.war=01;31:*.ear=01;31:*.sar=01;31:*.rar=01;31:*.alz=01;31:*.ace=01;31:*.zoo=01;31:*.cpio=01;31:*.7z=01;31:*.rz=01;31:*.cab=01;31:*.jpg=01;35:*.jpeg=01;35:*.gif=01;35:*.bmp=01;35:*.pbm=01;35:*.pgm=01;35:*.ppm=01;35:*.tga=01;35:*.xbm=01;35:*.xpm=01;35:*.tif=01;35:*.tiff=01;35:*.png=01;35:*.svg=01;35:*.svgz=01;35:*.mng=01;35:*.pcx=01;35:*.mov=01;35:*.mpg=01;35:*.mpeg=01;35:*.m2v=01;35:*.mkv=01;35:*.webm=01;35:*.ogm=01;35:*.mp4=01;35:*.m4v=01;35:*.mp4v=01;35:*.vob=01;35:*.qt=01;35:*.nuv=01;35:*.wmv=01;35:*.asf=01;35:*.rm=01;35:*.rmvb=01;35:*.flc=01;35:*.avi=01;35:*.fli=01;35:*.flv=01;35:*.gl=01;35:*.dl=01;35:*.xcf=01;35:*.xwd=01;35:*.yuv=01;35:*.cgm=01;35:*.emf=01;35:*.ogv=01;35:*.ogx=01;35:*.aac=00;36:*.au=00;36:*.flac=00;36:*.m4a=00;36:*.mid=00;36:*.midi=00;36:*.mka=00;36:*.mp3=00;36:*.mpc=00;36:*.ogg=00;36:*.ra=00;36:*.wav=00;36:*.oga=00;36:*.opus=00;36:*.spx=00;36:*.xspf=00;36: SUDO_USER=CLB SUDO_UID=1000 USERNAME=root MAIL=/var/mail/root PATH=/usr/local/sbin:/usr/local/bin:/usr/sbin:/usr/bin:/sbin:/bin:/usr/games:/usr/local/games LC_IDENTIFICATION=en_GB.UTF-8 PWD=/home/riki LANG=en_US.UTF-8 LC_MEASUREMENT=en_GB.UTF-8 SHLVL=1 SUDO_COMMAND=/bin/su HOME=/root LANGUAGE=en_US LOGNAME=root LESSOPEN=| /usr/bin/lesspipe %s SUDO_GID=1000 DISPLAY=:0 LESSCLOSE=/usr/bin/lesspipe %s %s LC_TIME=en_GB.UTF-8 XAUTHORITY=/home/riki/.Xauthority LC_NAME=en_GB.UTF-8 _=/bin/ps
root          -  0.0    -      -     - -        R+   16:20   0:00 -


